******************************************************************************
               TMS320C6x Linker PC v7.4.4                      
******************************************************************************
>> Linked Thu Jan 15 16:53:34 2015

OUTPUT FILE NAME:   <mcbsp1.out>
ENTRY POINT SYMBOL: "_c_int00"  address: 0000cf40


MEMORY CONFIGURATION

         name            origin    length      used     unused   attr    fill
----------------------  --------  ---------  --------  --------  ----  --------
  PMEM                  00000000   00010000  0000eccc  00001334  RWIX
  BMEM                  00010000   00030000  000008b0  0002f750  RWIX


SECTION ALLOCATION MAP

 output                                  attributes/
section   page    origin      length       input sections
--------  ----  ----------  ----------   ----------------
.text      0    00000000    0000d4e0     
                  00000000    000008e0     MainLoop_Helper.obj (.text)
                  000008e0    00000840     main.obj (.text)
                  00001120    00000720     rts6700.lib : divd.obj (.text:__divd)
                  00001840    000006c0                 : _printfi.obj (.text:__getarg_diouxp)
                  00001f00    00000640                 : _printfi.obj (.text:__setfield)
                  00002540    00000620     Command_Utility.obj (.text)
                  00002b60    00000620     main.obj (.text:retain)
                  00003180    00000560     rts6700.lib : _printfi.obj (.text:__printfi)
                  000036e0    000004c0                 : fputs.obj (.text:_fputs)
                  00003ba0    00000480     EDMA_Utility.obj (.text)
                  00004020    00000480     dsk6713bsl.lib : dsk6713.obj (.text)
                  000044a0    00000420     rts6700.lib : _printfi.obj (.text:_fcvt)
                  000048c0    00000400                 : _printfi.obj (.text:__pproc_fge)
                  00004cc0    00000400                 : _printfi.obj (.text:_ecvt)
                  000050c0    000003c0     DAC7716.obj (.text)
                  00005480    00000380     rts6700.lib : imath64.obj (.text:__divull)
                  00005800    00000380                 : memory.obj (.text:_free)
                  00005b80    00000360                 : _printfi.obj (.text:__pconv_e)
                  00005ee0    00000360                 : _printfi.obj (.text:__pproc_fwp)
                  00006240    00000360     enkoder.obj (.text)
                  000065a0    00000300     rts6700.lib : _printfi.obj (.text:__pproc_diouxp)
                  000068a0    000002c0     ADC8361.obj (.text)
                  00006b60    000002c0     rts6700.lib : _printfi.obj (.text:__pproc_str)
                  00006e20    000002c0                 : setvbuf.obj (.text:_setvbuf)
                  000070e0    000002a0                 : _printfi.obj (.text:__pconv_g)
                  00007380    000002a0                 : fputc.obj (.text:_fputc)
                  00007620    00000260     csl6713.lib : csl_edma.obj (.text:_EDMA_open)
                  00007880    00000260     rts6700.lib : imath40.obj (.text:__divul)
                  00007ae0    00000240                 : _printfi.obj (.text:__mcpy)
                  00007d20    00000240                 : memory.obj (.text:_malloc)
                  00007f60    00000240                 : memcpy62.obj (.text:_memcpy)
                  000081a0    00000220                 : trgdrv.obj (.text:_HOSTrename)
                  000083c0    00000200     csl6713.lib : csl_edma.obj (.text:_EDMA_allocTable)
                  000085c0    000001e0     I2C_Utility.obj (.text)
                  000087a0    00000060     csl6713.lib : csl_edma.obj (.text:_EDMA_disableChannel)
                  00008800    00000200     vecs_irq.obj (.text:vecs)
                  00008a00    000001e0     rts6700.lib : lowlev.obj (.text:_getdevice)
                  00008be0    000001e0     dsk6713bsl.lib : dsk6713_led.obj (.text)
                  00008dc0    000001c0     csl6713.lib : csl.obj (.text:__CSL_init)
                  00008f80    000001c0     rts6700.lib : fseek.obj (.text:_fseek)
                  00009140    000001a0     csl6713.lib : csl_i2c.obj (.text:_I2C_reset)
                  000092e0    000001a0                 : csl_irq.obj (.text:_IRQ_map)
                  00009480    000001a0     rts6700.lib : _printfi.obj (.text:__ltostr)
                  00009620    000001a0                 : _printfi.obj (.text:__pproc_fflags)
                  000097c0    00000180     csl6713.lib : csl_edma.obj (.text:_EDMA_resetAll)
                  00009940    00000180                 : csl_mcbsp.obj (.text:_MCBSP_reset)
                  00009ac0    00000160     rts6700.lib : trgdrv.obj (.text:_HOSTlseek)
                  00009c20    00000160     csl6713.lib : csl_timer.obj (.text:_TIMER_open)
                  00009d80    00000160     rts6700.lib : fclose.obj (.text:__closefile)
                  00009ee0    00000140     IRQ_Utility.obj (.text)
                  0000a020    00000140     rts6700.lib : trgdrv.obj (.text:_HOSTread)
                  0000a160    00000140                 : frcmpyd_div.obj (.text:__frcmpyd_div)
                  0000a2a0    00000140                 : strasg.obj (.text:__strasgi)
                  0000a3e0    00000140                 : atoi.obj (.text:_atoi)
                  0000a520    00000140                 : ltoa.obj (.text:_ltoa)
                  0000a660    00000120     csl6713.lib : csl_edma.obj (.text:_EDMA_reset)
                  0000a780    00000120     rts6700.lib : trgdrv.obj (.text:_HOSTopen)
                  0000a8a0    00000120                 : trgdrv.obj (.text:_HOSTwrite)
                  0000a9c0    00000120     csl6713.lib : csl_timer.obj (.text:_TIMER_reset)
                  0000aae0    00000120     rts6700.lib : _io_perm.obj (.text:__wrt_ok)
                  0000ac00    00000120                 : lowlev.obj (.text:_close)
                  0000ad20    00000120                 : memset.obj (.text:_memset)
                  0000ae40    00000120     csl6713.lib : csl_irq.obj (.text:_mux2Tables)
                  0000af60    00000100     rts6700.lib : trgdrv.obj (.text:_HOSTclose)
                  0000b060    00000100                 : trgdrv.obj (.text:_HOSTunlink)
                  0000b160    00000100     csl6713.lib : csl_mcbsp.obj (.text:_MCBSP_start)
                  0000b260    00000100     rts6700.lib : autoinit.obj (.text:__auto_init)
                  0000b360    00000100                 : _printfi.obj (.text:__div)
                  0000b460    00000100                 : imath40.obj (.text:__divli)
                  0000b560    00000100                 : _printfi.obj (.text:__pconv_f)
                  0000b660    00000100                 : lowlev.obj (.text:_lseek)
                  0000b760    00000100                 : printf.obj (.text:_printf)
                  0000b860    00000100                 : lowlev.obj (.text:_write)
                  0000b960    000000e0     csl6713.lib : csl_i2c.obj (.text:_I2C_open)
                  0000ba40    000000e0                 : csl_mcbsp.obj (.text:_MCBSP_open)
                  0000bb20    000000e0     rts6700.lib : fopen.obj (.text:__cleanup)
                  0000bc00    000000e0                 : fflush.obj (.text:__doflush)
                  0000bce0    000000e0                 : _printfi.obj (.text:__ecpy)
                  0000bdc0    000000e0                 : _printfi.obj (.text:__fcpy)
                  0000bea0    000000e0                 : strasg.obj (.text:__strasg)
                  0000bf80    000000e0                 : exit.obj (.text:_exit)
                  0000c060    000000e0                 : memory.obj (.text:_minsert)
                  0000c140    000000e0                 : memory.obj (.text:_mremove)
                  0000c220    000000c0     csl6713.lib : csl_edma.obj (.text:_EDMA_clearPram)
                  0000c2e0    000000c0                 : csl_edma.obj (.text:_EDMA_close)
                  0000c3a0    000000c0     rts6700.lib : divu.obj (.text:__divu)
                  0000c460    000000c0                 : cpy_tbl.obj (.text:_copy_in)
                  0000c520    000000c0                 : lowlev.obj (.text:_finddevice)
                  0000c5e0    000000c0     csl6713.lib : csl_irq.obj (.text:_getMux)
                  0000c6a0    000000a0                 : csl_mcbsp.obj (.text:_MCBSP_close)
                  0000c740    000000a0     rts6700.lib : fixdli.obj (.text:__fixdli)
                  0000c7e0    000000a0                 : fixfi.obj (.text:__fixfi)
                  0000c880    000000a0                 : mpyll.obj (.text:__mpyll)
                  0000c920    000000a0                 : imath40.obj (.text:__remli)
                  0000c9c0    000000a0                 : trgmsg.obj (.text:_readmsg)
                  0000ca60    000000a0     csl6713.lib : csl_irq.obj (.text:_setMux)
                  0000cb00    000000a0     rts6700.lib : lowlev.obj (.text:_unlink)
                  0000cba0    000000a0                 : trgmsg.obj (.text:_writemsg)
                  0000cc40    00000080     McBSP_Utility.obj (.text)
                  0000ccc0    00000080     csl6713.lib : csl_edma.obj (.text:_EDMA_freeTable)
                  0000cd40    00000080                 : csl_irq.obj (.text:__IRQ_init)
                  0000cdc0    00000080     rts6700.lib : cpp_init.obj (.text:___TI_cpp_init)
                  0000ce40    00000080                 : fltlid.obj (.text:__fltlid)
                  0000cec0    00000080                 : llshift.obj (.text:__llshl)
                  0000cf40    00000080                 : boot.obj (.text:_c_int00)
                  0000cfc0    00000080                 : memccpy.obj (.text:_memccpy)
                  0000d040    00000080     dsk6713bsl.lib : dsk6713_dip.obj (.text)
                  0000d0c0    00000060     csl6713.lib : csl_edma.obj (.text:_EDMA_enableChannel)
                  0000d120    00000060     rts6700.lib : isinf.obj (.text:___isinf)
                  0000d180    00000060                 : fltif.obj (.text:__fltif)
                  0000d1e0    00000060                 : llshift.obj (.text:__llshru)
                  0000d240    00000060                 : imath64.obj (.text:__subcull)
                  0000d2a0    00000040                 : _printfi.obj (.text:___isnan)
                  0000d2e0    00000040                 : args_main.obj (.text:__args_main)
                  0000d320    00000020     CPLD.obj (.text)
                  0000d340    00000020     csl6713.lib : csl.obj (.text:_CSL6713_LIB_)
                  0000d360    00000020                 : csl_irq.obj (.text:_IRQ_setVecs)
                  0000d380    00000020     rts6700.lib : addf.obj (.text:__addf)
                  0000d3a0    00000020                 : mpyf.obj (.text:__mpyf)
                  0000d3c0    00000020                 : negll.obj (.text:__negll)
                  0000d3e0    00000020                 : _lock.obj (.text:__nop)
                  0000d400    00000020                 : printf.obj (.text:__outc)
                  0000d420    00000020                 : printf.obj (.text:__outs)
                  0000d440    00000020                 : subf.obj (.text:__subf)
                  0000d460    00000020                 : exit.obj (.text:_abort)
                  0000d480    00000020                 : remove.obj (.text:_remove)
                  0000d4a0    00000020     csl6713.lib : csl_irq.obj (.text)
                  0000d4c0    00000020     vecs_irq.obj (.text)

$BRID      0    00000000    000002c4     COPY SECTION
                  00000000    00000014     csl6713.lib : csl.obj ($BRID)
                  00000014    000000e8                 : csl_edma.obj ($BRID)
                  000000fc    00000074                 : csl_i2c.obj ($BRID)
                  00000170    00000078                 : csl_irq.obj ($BRID)
                  000001e8    0000007c                 : csl_mcbsp.obj ($BRID)
                  00000264    00000060                 : csl_timer.obj ($BRID)

.stack     0    0000d4e0    00000800     UNINITIALIZED
                  0000d4e0    00000008     rts6700.lib : boot.obj (.stack)
                  0000d4e8    000007f8     --HOLE--

.cinit     0    0000dce0    000007dc     
                  0000dce0    00000164     main.obj (.cinit)
                  0000de44    00000004     --HOLE-- [fill = 0]
                  0000de48    0000015c     DAC7716.obj (.cinit)
                  0000dfa4    00000004     --HOLE-- [fill = 0]
                  0000dfa8    0000012c     csl6713.lib : csl_irq.obj (.cinit)
                  0000e0d4    00000004     --HOLE-- [fill = 0]
                  0000e0d8    0000007c     MainLoop_Helper.obj (.cinit)
                  0000e154    00000004     --HOLE-- [fill = 0]
                  0000e158    00000070     csl6713.lib : csl_edma.obj (.cinit)
                  0000e1c8    0000005c     rts6700.lib : defs.obj (.cinit)
                  0000e224    00000004     --HOLE-- [fill = 0]
                  0000e228    0000005c                 : lowlev.obj (.cinit)
                  0000e284    00000004     --HOLE-- [fill = 0]
                  0000e288    00000054     csl6713.lib : csl_mcbsp.obj (.cinit)
                  0000e2dc    00000004     --HOLE-- [fill = 0]
                  0000e2e0    0000004c     ADC8361.obj (.cinit)
                  0000e32c    00000004     --HOLE-- [fill = 0]
                  0000e330    0000004c     csl6713.lib : csl_timer.obj (.cinit)
                  0000e37c    00000004     --HOLE-- [fill = 0]
                  0000e380    0000003c                 : csl.obj (.cinit)
                  0000e3bc    00000004     --HOLE-- [fill = 0]
                  0000e3c0    00000030                 : csl_i2c.obj (.cinit)
                  0000e3f0    0000002c     rts6700.lib : exit.obj (.cinit)
                  0000e41c    00000004     --HOLE-- [fill = 0]
                  0000e420    0000002c                 : memory.obj (.cinit)
                  0000e44c    00000004     --HOLE-- [fill = 0]
                  0000e450    00000024     Command_Utility.obj (.cinit)
                  0000e474    00000004     --HOLE-- [fill = 0]
                  0000e478    0000001c     rts6700.lib : _lock.obj (.cinit)
                  0000e494    00000004     --HOLE-- [fill = 0]
                  0000e498    0000000c                 : fopen.obj (.cinit)
                  0000e4a4    00000004     --HOLE-- [fill = 0]
                  0000e4a8    0000000c     timer.obj (.cinit)
                  0000e4b4    00000004     --HOLE-- [fill = 0]
                  0000e4b8    00000004     (.pad.cinit) [fill = 0]

.far       0    0000e4c0    0000078c     UNINITIALIZED
                  0000e4c0    00000324     rts6700.lib : defs.obj (.far)
                  0000e7e4    00000004                 : fopen.obj (.far)
                  0000e7e8    0000011e     main.obj (.far)
                  0000e906    00000002     dsk6713bsl.lib : dsk6713.obj (.far)
                  0000e908    0000011c     rts6700.lib : lowlev.obj (.far)
                  0000ea24    000000f4     csl6713.lib : csl_irq.obj (.far)
                  0000eb18    00000054                 : csl_edma.obj (.far)
                  0000eb6c    00000038                 : csl_mcbsp.obj (.far)
                  0000eba4    00000028                 : csl.obj (.far)
                  0000ebcc    00000028                 : csl_i2c.obj (.far)
                  0000ebf4    00000024                 : csl_timer.obj (.far)
                  0000ec18    0000000e     Command_Utility.obj (.far)
                  0000ec26    00000002     dsk6713bsl.lib : dsk6713_led.obj (.far)
                  0000ec28    0000000c     rts6700.lib : exit.obj (.far)
                  0000ec34    00000008                 : _lock.obj (.far)
                  0000ec3c    00000008                 : memory.obj (.far)
                  0000ec44    00000008                 : trgdrv.obj (.far)

.buffers   0    0000ec80    00000084     UNINITIALIZED
                  0000ec80    00000084     main.obj (.buffers)

.data      0    00010000    00000000     UNINITIALIZED

.sysmem    0    00010000    00000400     UNINITIALIZED
                  00010000    00000008     rts6700.lib : memory.obj (.sysmem)
                  00010008    000003f8     --HOLE--

.const     0    00010400    00000254     
                  00010400    00000101     rts6700.lib : ctype.obj (.const:.string:__ctypes_)
                  00010501    00000002                 : fputs.obj (.const:.string)
                  00010503    00000001     --HOLE-- [fill = 0]
                  00010504    00000048     ADC8361.obj (.const:.string)
                  0001054c    00000040     DAC7716.obj (.const:.string)
                  0001058c    00000040     I2C_Utility.obj (.const)
                  000105cc    0000002c     MainLoop_Helper.obj (.const:.string)
                  000105f8    00000023     rts6700.lib : _printfi.obj (.const:.string)
                  0001061b    00000001     --HOLE-- [fill = 0]
                  0001061c    00000020     dsk6713bsl.lib : dsk6713.obj (.const)
                  0001063c    00000010     I2C_Utility.obj (.const:.string)
                  0001064c    00000008     Command_Utility.obj (.const:.string)

.cio       0    00010654    00000120     UNINITIALIZED
                  00010654    00000120     rts6700.lib : trgmsg.obj (.cio)

.bss       0    00010774    000000fc     UNINITIALIZED
                  00010774    00000058     DAC7716.obj (.bss)
                  000107cc    00000058     main.obj (.bss)
                  00010824    00000028     MainLoop_Helper.obj (.bss)
                  0001084c    00000014     ADC8361.obj (.bss)
                  00010860    0000000c     timer.obj (.bss)
                  0001086c    00000004     Command_Utility.obj (.bss)

.switch    0    00010870    00000040     
                  00010870    00000030     Command_Utility.obj (.switch:_AnalyzeCommands)
                  000108a0    00000010     DAC7716.obj (.switch:_DAC_Prepare_EDMA)


GLOBAL SYMBOLS: SORTED ALPHABETICALLY BY Name 

address    name
--------   ----
00010774   $bss
00010774   .bss
00010000   .data
00000000   .text
0000d460   C$$EXIT
0000cc18   C$$IO$$
000107f0   _ADCCounter
000068a0   _ADC_Are_All_Channels_Fresh
00006aac   _ADC_Collect_EDMA
00006954   _ADC_Fill_Measurement_Struct
00006a38   _ADC_Fill_Measurement_With_Zeros
00006948   _ADC_Get_Channel_Num
00006af8   _ADC_Show_Measurement
0000692c   _ADC_Unfresh
000025b4   _AnalyzeCommands
0000d320   _CPLD_WriteMisc
0000d340   _CSL6713_LIB_
0001084c   _Ch0_Counter
00010850   _Ch1_Counter
00010854   _Ch2_Counter
00010858   _Ch3_Counter
0001085c   _Ch_Error_Counter
000026e0   _CommandEngine
00002aa8   _Copy16Bit
00002abc   _CopyAllMeasurement
00002a44   _CopyString
00005360   _DAC_Fill_Values_With_Zeros
0000524c   _DAC_Prepare_EDMA
000050c0   _DAC_Prepare_Frame
00005230   _DAC_Update_Channel_To_Send
0000d048   _DSK6713_DIP_get
0000d040   _DSK6713_DIP_init
00008be0   _DSK6713_LED_init
00008c20   _DSK6713_LED_off
00008c90   _DSK6713_LED_on
00008d00   _DSK6713_LED_toggle
00004434   _DSK6713_getVersion
0000406c   _DSK6713_init
00004388   _DSK6713_rget
0000439c   _DSK6713_rset
0000e906   _DSK6713_version
000043b0   _DSK6713_wait
00004408   _DSK6713_waitusec
00002540   _DownloadCommand
00003c60   _EDMAADCConfOpt
00003c70   _EDMADACConfOpt
000083c0   _EDMA_allocTable
0000c220   _EDMA_clearPram
0000c2e0   _EDMA_close
000087a0   _EDMA_disableChannel
0000d0c0   _EDMA_enableChannel
0000ccc0   _EDMA_freeTable
00007620   _EDMA_open
0000a660   _EDMA_reset
000097c0   _EDMA_resetAll
00003c80   _EDMI2CRecConfOpt
00003c90   _EDMI2CTransConfOpt
0000e830   _EncMeasurement
000063e0   _Enc_Are_Both_Enc_Fresh
00006454   _Enc_Compute_Values
000064e8   _Enc_Fill_With_Zeros
000004d4   _Enc_PrepareFreshOutput
00002b24   _Enc_ReadEnc
000063a0   _Enc_Refresh_Bytes
000008ac   _Enc_SendOrder
0000649c   _Enc_Unfresh_All
000002c4   _Enc_WaitForFreshInput
00006254   _Encoder_Are_Bytes_Fresh
000062a8   _Encoder_Compute_Value
00006324   _Encoder_Fill_With_Zeros
00006240   _Encoder_Unfresh
0000af60   _HOSTclose
00009ac0   _HOSTlseek
0000a780   _HOSTopen
0000a020   _HOSTread
000081a0   _HOSTrename
0000b060   _HOSTunlink
0000a8a0   _HOSTwrite
00008698   _I2C_InterruptsRoutine
000085c0   _I2C_PrepareMasterConfigStruct
00008634   _I2C_PrepareSlaveConfigStruct
00008778   _I2C_Send_Polling
0000b960   _I2C_open
00009140   _I2C_reset
000092e0   _IRQ_map
0000d360   _IRQ_setVecs
00000a40   _Initialize
000009c0   _Intialize_Chipset
0000c6a0   _MCBSP_close
0000ba40   _MCBSP_open
00009940   _MCBSP_reset
0000b160   _MCBSP_start
00000000   _ML_CheckSwitch
000000a0   _ML_ExitProcedure
00000374   _ML_PrepareFreshOutput
00000168   _ML_ShowGoodbyeMsg
000001ac   _ML_WaitForFreshInput
0000e890   _Parametry1
0000e898   _Parametry2
0000cc74   _Polling_Single_Receive
0000cc40   _Polling_Transmit
000053b4   _PrintfDACTransferInfo
0000289c   _ProcessReceivedData
0000282c   _RemoveCompletedCommand
00009c20   _TIMER_open
0000a9c0   _TIMER_reset
00000998   _TimerEventHandler
0001086c   _WelcomeStringLength
0001080c   _Wzad_pion
0001080e   _Wzad_poziom
00010808   _WzmocnienieCalki
00010804   _WzmocnienieRegulatoraP
00010654   __CIOBUF_
00008dc0   __CSL_init
0000eb10   __IRQ_dispatchTable
0000ea4c   __IRQ_eventTable
0000d4a0   __IRQ_hookFetchPacket
0000cd40   __IRQ_init
0000ead0   __IRQ_intTable
0000eb9c   __MCBSP_hDev0
0000eba0   __MCBSP_hDev1
0000dce0   __STACK_END
00000800   __STACK_SIZE
00000400   __SYSMEM_SIZE
0000ebf4   __TIMER_deviceTable
0000ec14   __TIMER_hBios
0000ec0c   __TIMER_hDev0
0000ec10   __TIMER_hDev1
00000001   __TI_args_main
0000cdc0   ___TI_cpp_init
0000ec30   ___TI_enable_exit_profile_output
ffffffff   ___TI_pprof_out_hndl
ffffffff   ___TI_prof_data_size
ffffffff   ___TI_prof_data_start
ffffffff   ___binit__
00010774   ___bss__
ffffffff   ___c_args__
0000dce0   ___cinit__
00010000   ___data__
00010000   ___edata__
00010870   ___end__
0000d4e0   ___etext__
0000d120   ___isinf
ffffffff   ___pinit__
00000000   ___text__
0000d380   __addf
0000d2e0   __args_main
0000b260   __auto_init
0000c3a0   __c6xabi_divu
0000a2a0   __c6xabi_strasgi
0000bb20   __cleanup
0000ec28   __cleanup_ptr
00009d80   __closefile
00010400   __ctypes_
00001120   __divd
0000b460   __divli
0000c3a0   __divu
00007880   __divul
00005480   __divull
0000bc00   __doflush
0000ec2c   __dtors_ptr
0000c740   __fixdli
0000c7e0   __fixfi
0000d180   __fltif
0000ce40   __fltlid
0000a160   __frcmpyd_div
0000e7e0   __ft_end
0000e4c0   __ftable
0000cec0   __llshl
0000d1e0   __llshru
0000ec34   __lock
0000d3a0   __mpyf
0000c880   __mpyll
0000d3c0   __negll
0000d3e0   __nop
00003180   __printfi
0000c920   __remli
0000d4e0   __stack
0000bea0   __strasg
0000a2a0   __strasgi
0000d240   __subcull
0000d440   __subf
00010000   __sys_memory
0000e6a0   __tmpnams
0000ec38   __unlock
0000aae0   __wrt_ok
0000d460   _abort
0000a3e0   _atoi
0000cf40   _c_int00
00002b60   _c_int08
00002dec   _c_int09
0000309c   _c_int14
00010800   _ce2
0000ac00   _close
0000c460   _copy_in
000107fc   _digital_output
00009fd0   _enableIRQ
00003ca0   _enableIRQ_EDMA
0000bf80   _exit
00007380   _fputc
000036e0   _fputs
00005800   _free
00008f80   _fseek
000107f8   _fstart
00010824   _kC
00010834   _kC2
00010828   _kPID
00010838   _kPID2
0000b660   _lseek
0000a520   _ltoa
000008e0   _main
00007d20   _malloc
0000cfc0   _memccpy
00007f60   _memcpy
0000ad20   _memset
000107f4   _pEncMeasurement
0001082c   _pomiar
0001083c   _pomiar2
0000b760   _printf
00007380   _putc
0000c9c0   _readmsg
0000d480   _remove
00009ee0   _setupIRQ
00006e20   _setvbuf
00003ec0   _stopEdma
00010830   _suma
00010840   _suma2
0000eb2c   _tccAllocTable
0000cb00   _unlink
00008820   _vector1
00008940   _vector10
00008960   _vector11
00008980   _vector12
000089a0   _vector13
000089c0   _vector14
000089e0   _vector15
00008840   _vector2
00008860   _vector3
00008880   _vector4
000088a0   _vector5
000088c0   _vector6
000088e0   _vector7
00008800   _vectors
0000b860   _write
0000cba0   _writemsg
0000e848   _wynik
ffffffff   binit
0000dce0   cinit
00010000   edata
00010870   end
0000d4e0   etext
ffffffff   pinit


GLOBAL SYMBOLS: SORTED BY Symbol Address 

address    name
--------   ----
00000000   .text
00000000   _ML_CheckSwitch
00000000   ___text__
00000001   __TI_args_main
000000a0   _ML_ExitProcedure
00000168   _ML_ShowGoodbyeMsg
000001ac   _ML_WaitForFreshInput
000002c4   _Enc_WaitForFreshInput
00000374   _ML_PrepareFreshOutput
00000400   __SYSMEM_SIZE
000004d4   _Enc_PrepareFreshOutput
00000800   __STACK_SIZE
000008ac   _Enc_SendOrder
000008e0   _main
00000998   _TimerEventHandler
000009c0   _Intialize_Chipset
00000a40   _Initialize
00001120   __divd
00002540   _DownloadCommand
000025b4   _AnalyzeCommands
000026e0   _CommandEngine
0000282c   _RemoveCompletedCommand
0000289c   _ProcessReceivedData
00002a44   _CopyString
00002aa8   _Copy16Bit
00002abc   _CopyAllMeasurement
00002b24   _Enc_ReadEnc
00002b60   _c_int08
00002dec   _c_int09
0000309c   _c_int14
00003180   __printfi
000036e0   _fputs
00003c60   _EDMAADCConfOpt
00003c70   _EDMADACConfOpt
00003c80   _EDMI2CRecConfOpt
00003c90   _EDMI2CTransConfOpt
00003ca0   _enableIRQ_EDMA
00003ec0   _stopEdma
0000406c   _DSK6713_init
00004388   _DSK6713_rget
0000439c   _DSK6713_rset
000043b0   _DSK6713_wait
00004408   _DSK6713_waitusec
00004434   _DSK6713_getVersion
000050c0   _DAC_Prepare_Frame
00005230   _DAC_Update_Channel_To_Send
0000524c   _DAC_Prepare_EDMA
00005360   _DAC_Fill_Values_With_Zeros
000053b4   _PrintfDACTransferInfo
00005480   __divull
00005800   _free
00006240   _Encoder_Unfresh
00006254   _Encoder_Are_Bytes_Fresh
000062a8   _Encoder_Compute_Value
00006324   _Encoder_Fill_With_Zeros
000063a0   _Enc_Refresh_Bytes
000063e0   _Enc_Are_Both_Enc_Fresh
00006454   _Enc_Compute_Values
0000649c   _Enc_Unfresh_All
000064e8   _Enc_Fill_With_Zeros
000068a0   _ADC_Are_All_Channels_Fresh
0000692c   _ADC_Unfresh
00006948   _ADC_Get_Channel_Num
00006954   _ADC_Fill_Measurement_Struct
00006a38   _ADC_Fill_Measurement_With_Zeros
00006aac   _ADC_Collect_EDMA
00006af8   _ADC_Show_Measurement
00006e20   _setvbuf
00007380   _fputc
00007380   _putc
00007620   _EDMA_open
00007880   __divul
00007d20   _malloc
00007f60   _memcpy
000081a0   _HOSTrename
000083c0   _EDMA_allocTable
000085c0   _I2C_PrepareMasterConfigStruct
00008634   _I2C_PrepareSlaveConfigStruct
00008698   _I2C_InterruptsRoutine
00008778   _I2C_Send_Polling
000087a0   _EDMA_disableChannel
00008800   _vectors
00008820   _vector1
00008840   _vector2
00008860   _vector3
00008880   _vector4
000088a0   _vector5
000088c0   _vector6
000088e0   _vector7
00008940   _vector10
00008960   _vector11
00008980   _vector12
000089a0   _vector13
000089c0   _vector14
000089e0   _vector15
00008be0   _DSK6713_LED_init
00008c20   _DSK6713_LED_off
00008c90   _DSK6713_LED_on
00008d00   _DSK6713_LED_toggle
00008dc0   __CSL_init
00008f80   _fseek
00009140   _I2C_reset
000092e0   _IRQ_map
000097c0   _EDMA_resetAll
00009940   _MCBSP_reset
00009ac0   _HOSTlseek
00009c20   _TIMER_open
00009d80   __closefile
00009ee0   _setupIRQ
00009fd0   _enableIRQ
0000a020   _HOSTread
0000a160   __frcmpyd_div
0000a2a0   __c6xabi_strasgi
0000a2a0   __strasgi
0000a3e0   _atoi
0000a520   _ltoa
0000a660   _EDMA_reset
0000a780   _HOSTopen
0000a8a0   _HOSTwrite
0000a9c0   _TIMER_reset
0000aae0   __wrt_ok
0000ac00   _close
0000ad20   _memset
0000af60   _HOSTclose
0000b060   _HOSTunlink
0000b160   _MCBSP_start
0000b260   __auto_init
0000b460   __divli
0000b660   _lseek
0000b760   _printf
0000b860   _write
0000b960   _I2C_open
0000ba40   _MCBSP_open
0000bb20   __cleanup
0000bc00   __doflush
0000bea0   __strasg
0000bf80   _exit
0000c220   _EDMA_clearPram
0000c2e0   _EDMA_close
0000c3a0   __c6xabi_divu
0000c3a0   __divu
0000c460   _copy_in
0000c6a0   _MCBSP_close
0000c740   __fixdli
0000c7e0   __fixfi
0000c880   __mpyll
0000c920   __remli
0000c9c0   _readmsg
0000cb00   _unlink
0000cba0   _writemsg
0000cc18   C$$IO$$
0000cc40   _Polling_Transmit
0000cc74   _Polling_Single_Receive
0000ccc0   _EDMA_freeTable
0000cd40   __IRQ_init
0000cdc0   ___TI_cpp_init
0000ce40   __fltlid
0000cec0   __llshl
0000cf40   _c_int00
0000cfc0   _memccpy
0000d040   _DSK6713_DIP_init
0000d048   _DSK6713_DIP_get
0000d0c0   _EDMA_enableChannel
0000d120   ___isinf
0000d180   __fltif
0000d1e0   __llshru
0000d240   __subcull
0000d2e0   __args_main
0000d320   _CPLD_WriteMisc
0000d340   _CSL6713_LIB_
0000d360   _IRQ_setVecs
0000d380   __addf
0000d3a0   __mpyf
0000d3c0   __negll
0000d3e0   __nop
0000d440   __subf
0000d460   C$$EXIT
0000d460   _abort
0000d480   _remove
0000d4a0   __IRQ_hookFetchPacket
0000d4e0   ___etext__
0000d4e0   __stack
0000d4e0   etext
0000dce0   __STACK_END
0000dce0   ___cinit__
0000dce0   cinit
0000e4c0   __ftable
0000e6a0   __tmpnams
0000e7e0   __ft_end
0000e830   _EncMeasurement
0000e848   _wynik
0000e890   _Parametry1
0000e898   _Parametry2
0000e906   _DSK6713_version
0000ea4c   __IRQ_eventTable
0000ead0   __IRQ_intTable
0000eb10   __IRQ_dispatchTable
0000eb2c   _tccAllocTable
0000eb9c   __MCBSP_hDev0
0000eba0   __MCBSP_hDev1
0000ebf4   __TIMER_deviceTable
0000ec0c   __TIMER_hDev0
0000ec10   __TIMER_hDev1
0000ec14   __TIMER_hBios
0000ec28   __cleanup_ptr
0000ec2c   __dtors_ptr
0000ec30   ___TI_enable_exit_profile_output
0000ec34   __lock
0000ec38   __unlock
00010000   .data
00010000   ___data__
00010000   ___edata__
00010000   __sys_memory
00010000   edata
00010400   __ctypes_
00010654   __CIOBUF_
00010774   $bss
00010774   .bss
00010774   ___bss__
000107f0   _ADCCounter
000107f4   _pEncMeasurement
000107f8   _fstart
000107fc   _digital_output
00010800   _ce2
00010804   _WzmocnienieRegulatoraP
00010808   _WzmocnienieCalki
0001080c   _Wzad_pion
0001080e   _Wzad_poziom
00010824   _kC
00010828   _kPID
0001082c   _pomiar
00010830   _suma
00010834   _kC2
00010838   _kPID2
0001083c   _pomiar2
00010840   _suma2
0001084c   _Ch0_Counter
00010850   _Ch1_Counter
00010854   _Ch2_Counter
00010858   _Ch3_Counter
0001085c   _Ch_Error_Counter
0001086c   _WelcomeStringLength
00010870   ___end__
00010870   end
ffffffff   ___TI_pprof_out_hndl
ffffffff   ___TI_prof_data_size
ffffffff   ___TI_prof_data_start
ffffffff   ___binit__
ffffffff   ___c_args__
ffffffff   ___pinit__
ffffffff   binit
ffffffff   pinit

[252 symbols]
