******************************************************************************
               TMS320C6x Linker PC v7.4.11                     
******************************************************************************
>> Linked Fri Jan 16 11:33:22 2015

OUTPUT FILE NAME:   <mcbsp1.out>
ENTRY POINT SYMBOL: "_c_int00"  address: 0000cea0


MEMORY CONFIGURATION

         name            origin    length      used     unused   attr    fill
----------------------  --------  ---------  --------  --------  ----  --------
  PMEM                  00000000   00010000  0000ec8c  00001374  RWIX
  BMEM                  00010000   00030000  00000890  0002f770  RWIX


SECTION ALLOCATION MAP

 output                                  attributes/
section   page    origin      length       input sections
--------  ----  ----------  ----------   ----------------
.text      0    00000000    0000d4a0     
                  00000000    00000920     main.obj (.text)
                  00000920    00000880     MainLoop_Helper.obj (.text)
                  000011a0    00000720     rts6700.lib : divd.obj (.text:__divd)
                  000018c0    000006c0                 : _printfi.obj (.text:__getarg_diouxp)
                  00001f80    00000640                 : _printfi.obj (.text:__setfield)
                  000025c0    00000640     main.obj (.text:retain)
                  00002c00    000005c0     Command_Utility.obj (.text)
                  000031c0    00000560     rts6700.lib : _printfi.obj (.text:__printfi)
                  00003720    000004c0                 : fputs.obj (.text:_fputs)
                  00003be0    00000480     EDMA_Utility.obj (.text)
                  00004060    00000480     dsk6713bsl.lib : dsk6713.obj (.text)
                  000044e0    00000420     rts6700.lib : _printfi.obj (.text:_fcvt)
                  00004900    00000400                 : _printfi.obj (.text:__pproc_fge)
                  00004d00    00000400                 : _printfi.obj (.text:_ecvt)
                  00005100    00000380                 : imath64.obj (.text:__divull)
                  00005480    00000380                 : memory.obj (.text:_free)
                  00005800    00000360                 : _printfi.obj (.text:__pconv_e)
                  00005b60    00000360                 : _printfi.obj (.text:__pproc_fwp)
                  00005ec0    00000360     enkoder.obj (.text)
                  00006220    00000340     DAC7716.obj (.text)
                  00006560    00000300     rts6700.lib : _printfi.obj (.text:__pproc_diouxp)
                  00006860    000002c0                 : _printfi.obj (.text:__pproc_str)
                  00006b20    000002c0                 : setvbuf.obj (.text:_setvbuf)
                  00006de0    000002a0                 : _printfi.obj (.text:__pconv_g)
                  00007080    000002a0                 : fputc.obj (.text:_fputc)
                  00007320    00000280     ADC8361.obj (.text)
                  000075a0    00000280     csl6713.lib : csl_edma.obj (.text:_EDMA_open)
                  00007820    00000260     rts6700.lib : imath40.obj (.text:__divul)
                  00007a80    00000240                 : _printfi.obj (.text:__mcpy)
                  00007cc0    00000240                 : memory.obj (.text:_malloc)
                  00007f00    00000240                 : memcpy62.obj (.text:_memcpy)
                  00008140    00000220                 : trgdrv.obj (.text:_HOSTrename)
                  00008360    00000220     csl6713.lib : csl.obj (.text:__CSL_init)
                  00008580    000001e0     rts6700.lib : lowlev.obj (.text:_getdevice)
                  00008760    000000a0     McBSP_Utility.obj (.text)
                  00008800    00000200     vecs_irq.obj (.text:vecs)
                  00008a00    000001e0     dsk6713bsl.lib : dsk6713_led.obj (.text)
                  00008be0    000001c0     csl6713.lib : csl_i2c.obj (.text:_I2C_reset)
                  00008da0    000001c0                 : csl_irq.obj (.text:_IRQ_map)
                  00008f60    000001c0     rts6700.lib : fseek.obj (.text:_fseek)
                  00009120    000001c0     csl6713.lib : csl_irq.obj (.text:_mux2Tables)
                  000092e0    000001a0                 : csl_edma.obj (.text:_EDMA_allocTable)
                  00009480    000001a0                 : csl_edma.obj (.text:_EDMA_resetAll)
                  00009620    000001a0                 : csl_mcbsp.obj (.text:_MCBSP_reset)
                  000097c0    000001a0     rts6700.lib : _printfi.obj (.text:__ltostr)
                  00009960    000001a0                 : _printfi.obj (.text:__pproc_fflags)
                  00009b00    00000160                 : trgdrv.obj (.text:_HOSTlseek)
                  00009c60    00000160                 : fclose.obj (.text:__closefile)
                  00009dc0    00000140     I2C_Utility.obj (.text)
                  00009f00    00000140     IRQ_Utility.obj (.text)
                  0000a040    00000140     csl6713.lib : csl_edma.obj (.text:_EDMA_reset)
                  0000a180    00000140     rts6700.lib : trgdrv.obj (.text:_HOSTread)
                  0000a2c0    00000140     csl6713.lib : csl_timer.obj (.text:_TIMER_open)
                  0000a400    00000140     rts6700.lib : frcmpyd_div.obj (.text:__frcmpyd_div)
                  0000a540    00000140                 : strasg.obj (.text:__strasgi)
                  0000a680    00000140                 : atoi.obj (.text:_atoi)
                  0000a7c0    00000140                 : ltoa.obj (.text:_ltoa)
                  0000a900    00000120                 : trgdrv.obj (.text:_HOSTopen)
                  0000aa20    00000120                 : trgdrv.obj (.text:_HOSTwrite)
                  0000ab40    00000120     csl6713.lib : csl_timer.obj (.text:_TIMER_reset)
                  0000ac60    00000120     rts6700.lib : _io_perm.obj (.text:__wrt_ok)
                  0000ad80    00000120                 : lowlev.obj (.text:_close)
                  0000aea0    00000120                 : memset.obj (.text:_memset)
                  0000afc0    00000100                 : trgdrv.obj (.text:_HOSTclose)
                  0000b0c0    00000100                 : trgdrv.obj (.text:_HOSTunlink)
                  0000b1c0    00000100     csl6713.lib : csl_i2c.obj (.text:_I2C_open)
                  0000b2c0    00000100                 : csl_mcbsp.obj (.text:_MCBSP_open)
                  0000b3c0    00000100                 : csl_mcbsp.obj (.text:_MCBSP_start)
                  0000b4c0    00000100     rts6700.lib : autoinit.obj (.text:__auto_init)
                  0000b5c0    00000100                 : _printfi.obj (.text:__div)
                  0000b6c0    00000100                 : imath40.obj (.text:__divli)
                  0000b7c0    00000100                 : _printfi.obj (.text:__pconv_f)
                  0000b8c0    00000100                 : lowlev.obj (.text:_lseek)
                  0000b9c0    00000100                 : printf.obj (.text:_printf)
                  0000bac0    00000100                 : lowlev.obj (.text:_write)
                  0000bbc0    000000e0                 : fopen.obj (.text:__cleanup)
                  0000bca0    000000e0                 : fflush.obj (.text:__doflush)
                  0000bd80    000000e0                 : _printfi.obj (.text:__ecpy)
                  0000be60    000000e0                 : _printfi.obj (.text:__fcpy)
                  0000bf40    000000e0                 : strasg.obj (.text:__strasg)
                  0000c020    000000e0                 : exit.obj (.text:_exit)
                  0000c100    000000e0                 : memory.obj (.text:_minsert)
                  0000c1e0    000000e0                 : memory.obj (.text:_mremove)
                  0000c2c0    000000c0     csl6713.lib : csl_edma.obj (.text:_EDMA_clearPram)
                  0000c380    000000c0     rts6700.lib : divu.obj (.text:__divu)
                  0000c440    000000c0                 : cpy_tbl.obj (.text:_copy_in)
                  0000c500    000000c0                 : lowlev.obj (.text:_finddevice)
                  0000c5c0    000000a0     csl6713.lib : csl_edma.obj (.text:_EDMA_close)
                  0000c660    000000a0                 : csl_mcbsp.obj (.text:_MCBSP_close)
                  0000c700    000000a0                 : csl_irq.obj (.text:__IRQ_init)
                  0000c7a0    000000a0     rts6700.lib : fixdli.obj (.text:__fixdli)
                  0000c840    000000a0                 : fixfi.obj (.text:__fixfi)
                  0000c8e0    000000a0                 : mpyll.obj (.text:__mpyll)
                  0000c980    000000a0                 : imath40.obj (.text:__remli)
                  0000ca20    000000a0                 : trgmsg.obj (.text:_readmsg)
                  0000cac0    000000a0     csl6713.lib : csl_irq.obj (.text:_setMux)
                  0000cb60    000000a0     rts6700.lib : lowlev.obj (.text:_unlink)
                  0000cc00    000000a0                 : trgmsg.obj (.text:_writemsg)
                  0000cca0    00000080     csl6713.lib : csl_edma.obj (.text:_EDMA_freeTable)
                  0000cd20    00000080     rts6700.lib : cpp_init.obj (.text:___TI_cpp_init)
                  0000cda0    00000080                 : fltlid.obj (.text:__fltlid)
                  0000ce20    00000080                 : llshift.obj (.text:__llshl)
                  0000cea0    00000080                 : boot.obj (.text:_c_int00)
                  0000cf20    00000080                 : memccpy.obj (.text:_memccpy)
                  0000cfa0    00000080     dsk6713bsl.lib : dsk6713_dip.obj (.text)
                  0000d020    00000060     csl6713.lib : csl_edma.obj (.text:_EDMA_disableChannel)
                  0000d080    00000060                 : csl_edma.obj (.text:_EDMA_enableChannel)
                  0000d0e0    00000060     rts6700.lib : isinf.obj (.text:___isinf)
                  0000d140    00000060                 : fltif.obj (.text:__fltif)
                  0000d1a0    00000060                 : llshift.obj (.text:__llshru)
                  0000d200    00000060                 : imath64.obj (.text:__subcull)
                  0000d260    00000040                 : _printfi.obj (.text:___isnan)
                  0000d2a0    00000040                 : args_main.obj (.text:__args_main)
                  0000d2e0    00000020     CPLD.obj (.text)
                  0000d300    00000020     csl6713.lib : csl.obj (.text:_CSL6713_LIB_)
                  0000d320    00000020                 : csl_irq.obj (.text:_IRQ_setVecs)
                  0000d340    00000020     rts6700.lib : addf.obj (.text:__addf)
                  0000d360    00000020                 : mpyf.obj (.text:__mpyf)
                  0000d380    00000020                 : negll.obj (.text:__negll)
                  0000d3a0    00000020                 : _lock.obj (.text:__nop)
                  0000d3c0    00000020                 : printf.obj (.text:__outc)
                  0000d3e0    00000020                 : printf.obj (.text:__outs)
                  0000d400    00000020                 : subf.obj (.text:__subf)
                  0000d420    00000020                 : exit.obj (.text:_abort)
                  0000d440    00000020                 : remove.obj (.text:_remove)
                  0000d460    00000020     csl6713.lib : csl_irq.obj (.text)
                  0000d480    00000020     vecs_irq.obj (.text)

.stack     0    0000d4a0    00000800     UNINITIALIZED
                  0000d4a0    00000008     rts6700.lib : boot.obj (.stack)
                  0000d4a8    000007f8     --HOLE--

.cinit     0    0000dca0    000007dc     
                  0000dca0    00000174     main.obj (.cinit)
                  0000de14    00000004     --HOLE-- [fill = 0]
                  0000de18    0000015c     DAC7716.obj (.cinit)
                  0000df74    00000004     --HOLE-- [fill = 0]
                  0000df78    0000012c     csl6713.lib : csl_irq.obj (.cinit)
                  0000e0a4    00000004     --HOLE-- [fill = 0]
                  0000e0a8    00000070                 : csl_edma.obj (.cinit)
                  0000e118    0000006c     MainLoop_Helper.obj (.cinit)
                  0000e184    00000004     --HOLE-- [fill = 0]
                  0000e188    0000005c     rts6700.lib : defs.obj (.cinit)
                  0000e1e4    00000004     --HOLE-- [fill = 0]
                  0000e1e8    0000005c                 : lowlev.obj (.cinit)
                  0000e244    00000004     --HOLE-- [fill = 0]
                  0000e248    00000054     csl6713.lib : csl_mcbsp.obj (.cinit)
                  0000e29c    00000004     --HOLE-- [fill = 0]
                  0000e2a0    0000004c     ADC8361.obj (.cinit)
                  0000e2ec    00000004     --HOLE-- [fill = 0]
                  0000e2f0    0000004c     csl6713.lib : csl_timer.obj (.cinit)
                  0000e33c    00000004     --HOLE-- [fill = 0]
                  0000e340    0000003c                 : csl.obj (.cinit)
                  0000e37c    00000004     --HOLE-- [fill = 0]
                  0000e380    00000030                 : csl_i2c.obj (.cinit)
                  0000e3b0    0000002c     rts6700.lib : exit.obj (.cinit)
                  0000e3dc    00000004     --HOLE-- [fill = 0]
                  0000e3e0    0000002c                 : memory.obj (.cinit)
                  0000e40c    00000004     --HOLE-- [fill = 0]
                  0000e410    00000024     Command_Utility.obj (.cinit)
                  0000e434    00000004     --HOLE-- [fill = 0]
                  0000e438    0000001c     rts6700.lib : _lock.obj (.cinit)
                  0000e454    00000004     --HOLE-- [fill = 0]
                  0000e458    0000000c                 : fopen.obj (.cinit)
                  0000e464    00000004     --HOLE-- [fill = 0]
                  0000e468    0000000c     timer.obj (.cinit)
                  0000e474    00000004     --HOLE-- [fill = 0]
                  0000e478    00000004     (.pad.cinit) [fill = 0]

.far       0    0000e480    0000078c     UNINITIALIZED
                  0000e480    00000324     rts6700.lib : defs.obj (.far)
                  0000e7a4    00000004                 : fopen.obj (.far)
                  0000e7a8    0000011e     main.obj (.far)
                  0000e8c6    00000002     dsk6713bsl.lib : dsk6713.obj (.far)
                  0000e8c8    0000011c     rts6700.lib : lowlev.obj (.far)
                  0000e9e4    000000f4     csl6713.lib : csl_irq.obj (.far)
                  0000ead8    00000054                 : csl_edma.obj (.far)
                  0000eb2c    00000038                 : csl_mcbsp.obj (.far)
                  0000eb64    00000028                 : csl.obj (.far)
                  0000eb8c    00000028                 : csl_i2c.obj (.far)
                  0000ebb4    00000024                 : csl_timer.obj (.far)
                  0000ebd8    0000000e     Command_Utility.obj (.far)
                  0000ebe6    00000002     dsk6713bsl.lib : dsk6713_led.obj (.far)
                  0000ebe8    0000000c     rts6700.lib : exit.obj (.far)
                  0000ebf4    00000008                 : _lock.obj (.far)
                  0000ebfc    00000008                 : memory.obj (.far)
                  0000ec04    00000008                 : trgdrv.obj (.far)

.buffers   0    0000ec80    00000084     UNINITIALIZED
                  0000ec80    00000084     main.obj (.buffers)

.data      0    00010000    00000000     UNINITIALIZED

.sysmem    0    00010000    00000400     UNINITIALIZED
                  00010000    00000008     rts6700.lib : memory.obj (.sysmem)
                  00010008    000003f8     --HOLE--

.const     0    00010400    00000244     
                  00010400    00000101     rts6700.lib : ctype.obj (.const:.string:__ctypes_)
                  00010501    00000002                 : fputs.obj (.const:.string)
                  00010503    00000001     --HOLE-- [fill = 0]
                  00010504    00000048     ADC8361.obj (.const:.string)
                  0001054c    00000040     DAC7716.obj (.const:.string)
                  0001058c    00000040     I2C_Utility.obj (.const)
                  000105cc    0000002c     MainLoop_Helper.obj (.const:.string)
                  000105f8    00000023     rts6700.lib : _printfi.obj (.const:.string)
                  0001061b    00000001     --HOLE-- [fill = 0]
                  0001061c    00000020     dsk6713bsl.lib : dsk6713.obj (.const)
                  0001063c    00000008     Command_Utility.obj (.const:.string)

.cio       0    00010644    00000120     UNINITIALIZED
                  00010644    00000120     rts6700.lib : trgmsg.obj (.cio)

.bss       0    00010764    000000fc     UNINITIALIZED
                  00010764    0000005c     main.obj (.bss)
                  000107c0    00000058     DAC7716.obj (.bss)
                  00010818    00000024     MainLoop_Helper.obj (.bss)
                  0001083c    00000014     ADC8361.obj (.bss)
                  00010850    0000000c     timer.obj (.bss)
                  0001085c    00000004     Command_Utility.obj (.bss)

.switch    0    00010860    00000030     
                  00010860    00000030     Command_Utility.obj (.switch:_AnalyzeCommands)


GLOBAL SYMBOLS: SORTED ALPHABETICALLY BY Name 

address    name
--------   ----
00010764   $bss
00010764   .bss
00010000   .data
00000000   .text
0000d420   C$$EXIT
0000cc78   C$$IO$$
0001078c   _ADCCounter
00007514   _ADC_Are_All_Channels_Fresh
000074c8   _ADC_Collect_EDMA
000073f4   _ADC_Fill_Measurement_Struct
00007394   _ADC_Fill_Measurement_With_Zeros
00007388   _ADC_Get_Channel_Num
0000733c   _ADC_Show_Measurement
00007320   _ADC_Unfresh
000030b8   _AnalyzeCommands
0000d2e0   _CPLD_WriteMisc
0000d300   _CSL6713_LIB_
0001083c   _Ch0_Counter
00010840   _Ch1_Counter
00010844   _Ch2_Counter
00010848   _Ch3_Counter
0001084c   _Ch_Error_Counter
00002f84   _CommandEngine
00002f70   _Copy16Bit
00002f08   _CopyAllMeasurement
00002eac   _CopyString
000064f4   _DAC_Fill_Values_With_Zeros
00006420   _DAC_Prepare_EDMA
000062ec   _DAC_Prepare_Frame
000062d0   _DAC_Update_Channel_To_Send
0000cfa8   _DSK6713_DIP_get
0000cfa0   _DSK6713_DIP_init
00008a00   _DSK6713_LED_init
00008a40   _DSK6713_LED_off
00008ab0   _DSK6713_LED_on
00008b20   _DSK6713_LED_toggle
00004474   _DSK6713_getVersion
000040ac   _DSK6713_init
000043c8   _DSK6713_rget
000043dc   _DSK6713_rset
0000e8c6   _DSK6713_version
000043f0   _DSK6713_wait
00004448   _DSK6713_waitusec
00002e44   _DownloadCommand
00004034   _EDMAADCConfOpt
00004024   _EDMADACConfOpt
000092e0   _EDMA_allocTable
0000c2c0   _EDMA_clearPram
0000c5c0   _EDMA_close
0000d020   _EDMA_disableChannel
0000d080   _EDMA_enableChannel
0000cca0   _EDMA_freeTable
000075a0   _EDMA_open
0000a040   _EDMA_reset
00009480   _EDMA_resetAll
00004014   _EDMI2CRecConfOpt
00004004   _EDMI2CTransConfOpt
0000e7f0   _EncMeasurement
00006190   _Enc_Are_Both_Enc_Fresh
00006140   _Enc_Compute_Values
000060a0   _Enc_Fill_With_Zeros
00000d90   _Enc_PrepareFreshOutput
00002c6c   _Enc_ReadEnc
00006060   _Enc_Refresh_Bytes
00000d68   _Enc_SendOrder
00006014   _Enc_Unfresh_All
00000c9c   _Enc_WaitForFreshInput
00005fc0   _Encoder_Are_Bytes_Fresh
00005f4c   _Encoder_Compute_Value
00005ed4   _Encoder_Fill_With_Zeros
00005ec0   _Encoder_Unfresh
0000afc0   _HOSTclose
00009b00   _HOSTlseek
0000a900   _HOSTopen
0000a180   _HOSTread
00008140   _HOSTrename
0000b0c0   _HOSTunlink
0000aa20   _HOSTwrite
00009e94   _I2C_InterruptsRoutine
00009e20   _I2C_PrepareMasterConfigStruct
00009dc0   _I2C_PrepareSlaveConfigStruct
00009ed0   _I2C_Send_Polling
0000b1c0   _I2C_open
00008be0   _I2C_reset
00008da0   _IRQ_map
0000d320   _IRQ_setVecs
0000007c   _Initialize
00000000   _Intialize_Chipset
0000c660   _MCBSP_close
0000b2c0   _MCBSP_open
00009620   _MCBSP_reset
0000b3c0   _MCBSP_start
00000bfc   _ML_CheckSwitch
00000b38   _ML_ExitProcedure
00000a38   _ML_PrepareFreshOutput
000009f4   _ML_ShowGoodbyeMsg
00000920   _ML_WaitForFreshInput
0000e850   _Parametry1
0000e858   _Parametry2
000087b0   _Polling_Single_Receive
00008760   _Polling_Transmit
00006220   _PrintfDACTransferInfo
00002c9c   _ProcessReceivedData
00002c00   _RemoveCompletedCommand
0000a2c0   _TIMER_open
0000ab40   _TIMER_reset
000008e0   _TimerEventHandler
0001085c   _WelcomeStringLength
000107a8   _Wzad_pion
000107aa   _Wzad_poziom
000107a4   _WzmocnienieCalki
000107a0   _WzmocnienieRegulatoraP
00010644   __CIOBUF_
00008360   __CSL_init
0000ead0   __IRQ_dispatchTable
0000ea0c   __IRQ_eventTable
0000d460   __IRQ_hookFetchPacket
0000c700   __IRQ_init
0000ea90   __IRQ_intTable
0000eb5c   __MCBSP_hDev0
0000eb60   __MCBSP_hDev1
0000dca0   __STACK_END
00000800   __STACK_SIZE
00000400   __SYSMEM_SIZE
0000ebb4   __TIMER_deviceTable
0000ebd4   __TIMER_hBios
0000ebcc   __TIMER_hDev0
0000ebd0   __TIMER_hDev1
00000001   __TI_args_main
0000cd20   ___TI_cpp_init
0000ebf0   ___TI_enable_exit_profile_output
ffffffff   ___TI_pprof_out_hndl
ffffffff   ___TI_prof_data_size
ffffffff   ___TI_prof_data_start
ffffffff   ___binit__
00010764   ___bss__
ffffffff   ___c_args__
0000dca0   ___cinit__
00010000   ___data__
00010000   ___edata__
00010860   ___end__
0000d4a0   ___etext__
0000d0e0   ___isinf
ffffffff   ___pinit__
00000000   ___text__
0000d340   __addf
0000d2a0   __args_main
0000b4c0   __auto_init
0000c380   __c6xabi_divu
0000a540   __c6xabi_strasgi
0000bbc0   __cleanup
0000ebe8   __cleanup_ptr
00009c60   __closefile
00010400   __ctypes_
000011a0   __divd
0000b6c0   __divli
0000c380   __divu
00007820   __divul
00005100   __divull
0000bca0   __doflush
0000ebec   __dtors_ptr
0000c7a0   __fixdli
0000c840   __fixfi
0000d140   __fltif
0000cda0   __fltlid
0000a400   __frcmpyd_div
0000e7a0   __ft_end
0000e480   __ftable
0000ce20   __llshl
0000d1a0   __llshru
0000ebf4   __lock
0000d360   __mpyf
0000c8e0   __mpyll
0000d380   __negll
0000d3a0   __nop
000031c0   __printfi
0000c980   __remli
0000d4a0   __stack
0000bf40   __strasg
0000a540   __strasgi
0000d200   __subcull
0000d400   __subf
00010000   __sys_memory
0000e660   __tmpnams
0000ebf8   __unlock
0000ac60   __wrt_ok
0000d420   _abort
0000a680   _atoi
0000cea0   _c_int00
00002948   _c_int08
00002698   _c_int09
000025c0   _c_int14
0001079c   _ce2
0000ad80   _close
0000c440   _copy_in
00010798   _digital_output
00009ff0   _enableIRQ
00003e14   _enableIRQ_EDMA
0000c020   _exit
00007080   _fputc
00003720   _fputs
00005480   _free
00008f60   _fseek
00010794   _fstart
00010818   _kC
00010828   _kC2
0001081c   _kPID
0001082c   _kPID2
0000b8c0   _lseek
0000a7c0   _ltoa
00000774   _main
00007cc0   _malloc
0000cf20   _memccpy
00007f00   _memcpy
0000aea0   _memset
00010790   _pEncMeasurement
00010820   _pomiar
00010830   _pomiar2
0000b9c0   _printf
00007080   _putc
0000ca20   _readmsg
0000d440   _remove
00009f00   _setupIRQ
00006b20   _setvbuf
00003c40   _stopEdma
00010824   _suma
00010834   _suma2
0000eaec   _tccAllocTable
0000cb60   _unlink
00008820   _vector1
00008940   _vector10
00008960   _vector11
00008980   _vector12
000089a0   _vector13
000089c0   _vector14
000089e0   _vector15
00008840   _vector2
00008860   _vector3
00008880   _vector4
000088a0   _vector5
000088c0   _vector6
000088e0   _vector7
00008800   _vectors
0000bac0   _write
0000cc00   _writemsg
0000e808   _wynik
ffffffff   binit
0000dca0   cinit
00010000   edata
00010860   end
0000d4a0   etext
ffffffff   pinit


GLOBAL SYMBOLS: SORTED BY Symbol Address 

address    name
--------   ----
00000000   .text
00000000   _Intialize_Chipset
00000000   ___text__
00000001   __TI_args_main
0000007c   _Initialize
00000400   __SYSMEM_SIZE
00000774   _main
00000800   __STACK_SIZE
000008e0   _TimerEventHandler
00000920   _ML_WaitForFreshInput
000009f4   _ML_ShowGoodbyeMsg
00000a38   _ML_PrepareFreshOutput
00000b38   _ML_ExitProcedure
00000bfc   _ML_CheckSwitch
00000c9c   _Enc_WaitForFreshInput
00000d68   _Enc_SendOrder
00000d90   _Enc_PrepareFreshOutput
000011a0   __divd
000025c0   _c_int14
00002698   _c_int09
00002948   _c_int08
00002c00   _RemoveCompletedCommand
00002c6c   _Enc_ReadEnc
00002c9c   _ProcessReceivedData
00002e44   _DownloadCommand
00002eac   _CopyString
00002f08   _CopyAllMeasurement
00002f70   _Copy16Bit
00002f84   _CommandEngine
000030b8   _AnalyzeCommands
000031c0   __printfi
00003720   _fputs
00003c40   _stopEdma
00003e14   _enableIRQ_EDMA
00004004   _EDMI2CTransConfOpt
00004014   _EDMI2CRecConfOpt
00004024   _EDMADACConfOpt
00004034   _EDMAADCConfOpt
000040ac   _DSK6713_init
000043c8   _DSK6713_rget
000043dc   _DSK6713_rset
000043f0   _DSK6713_wait
00004448   _DSK6713_waitusec
00004474   _DSK6713_getVersion
00005100   __divull
00005480   _free
00005ec0   _Encoder_Unfresh
00005ed4   _Encoder_Fill_With_Zeros
00005f4c   _Encoder_Compute_Value
00005fc0   _Encoder_Are_Bytes_Fresh
00006014   _Enc_Unfresh_All
00006060   _Enc_Refresh_Bytes
000060a0   _Enc_Fill_With_Zeros
00006140   _Enc_Compute_Values
00006190   _Enc_Are_Both_Enc_Fresh
00006220   _PrintfDACTransferInfo
000062d0   _DAC_Update_Channel_To_Send
000062ec   _DAC_Prepare_Frame
00006420   _DAC_Prepare_EDMA
000064f4   _DAC_Fill_Values_With_Zeros
00006b20   _setvbuf
00007080   _fputc
00007080   _putc
00007320   _ADC_Unfresh
0000733c   _ADC_Show_Measurement
00007388   _ADC_Get_Channel_Num
00007394   _ADC_Fill_Measurement_With_Zeros
000073f4   _ADC_Fill_Measurement_Struct
000074c8   _ADC_Collect_EDMA
00007514   _ADC_Are_All_Channels_Fresh
000075a0   _EDMA_open
00007820   __divul
00007cc0   _malloc
00007f00   _memcpy
00008140   _HOSTrename
00008360   __CSL_init
00008760   _Polling_Transmit
000087b0   _Polling_Single_Receive
00008800   _vectors
00008820   _vector1
00008840   _vector2
00008860   _vector3
00008880   _vector4
000088a0   _vector5
000088c0   _vector6
000088e0   _vector7
00008940   _vector10
00008960   _vector11
00008980   _vector12
000089a0   _vector13
000089c0   _vector14
000089e0   _vector15
00008a00   _DSK6713_LED_init
00008a40   _DSK6713_LED_off
00008ab0   _DSK6713_LED_on
00008b20   _DSK6713_LED_toggle
00008be0   _I2C_reset
00008da0   _IRQ_map
00008f60   _fseek
000092e0   _EDMA_allocTable
00009480   _EDMA_resetAll
00009620   _MCBSP_reset
00009b00   _HOSTlseek
00009c60   __closefile
00009dc0   _I2C_PrepareSlaveConfigStruct
00009e20   _I2C_PrepareMasterConfigStruct
00009e94   _I2C_InterruptsRoutine
00009ed0   _I2C_Send_Polling
00009f00   _setupIRQ
00009ff0   _enableIRQ
0000a040   _EDMA_reset
0000a180   _HOSTread
0000a2c0   _TIMER_open
0000a400   __frcmpyd_div
0000a540   __c6xabi_strasgi
0000a540   __strasgi
0000a680   _atoi
0000a7c0   _ltoa
0000a900   _HOSTopen
0000aa20   _HOSTwrite
0000ab40   _TIMER_reset
0000ac60   __wrt_ok
0000ad80   _close
0000aea0   _memset
0000afc0   _HOSTclose
0000b0c0   _HOSTunlink
0000b1c0   _I2C_open
0000b2c0   _MCBSP_open
0000b3c0   _MCBSP_start
0000b4c0   __auto_init
0000b6c0   __divli
0000b8c0   _lseek
0000b9c0   _printf
0000bac0   _write
0000bbc0   __cleanup
0000bca0   __doflush
0000bf40   __strasg
0000c020   _exit
0000c2c0   _EDMA_clearPram
0000c380   __c6xabi_divu
0000c380   __divu
0000c440   _copy_in
0000c5c0   _EDMA_close
0000c660   _MCBSP_close
0000c700   __IRQ_init
0000c7a0   __fixdli
0000c840   __fixfi
0000c8e0   __mpyll
0000c980   __remli
0000ca20   _readmsg
0000cb60   _unlink
0000cc00   _writemsg
0000cc78   C$$IO$$
0000cca0   _EDMA_freeTable
0000cd20   ___TI_cpp_init
0000cda0   __fltlid
0000ce20   __llshl
0000cea0   _c_int00
0000cf20   _memccpy
0000cfa0   _DSK6713_DIP_init
0000cfa8   _DSK6713_DIP_get
0000d020   _EDMA_disableChannel
0000d080   _EDMA_enableChannel
0000d0e0   ___isinf
0000d140   __fltif
0000d1a0   __llshru
0000d200   __subcull
0000d2a0   __args_main
0000d2e0   _CPLD_WriteMisc
0000d300   _CSL6713_LIB_
0000d320   _IRQ_setVecs
0000d340   __addf
0000d360   __mpyf
0000d380   __negll
0000d3a0   __nop
0000d400   __subf
0000d420   C$$EXIT
0000d420   _abort
0000d440   _remove
0000d460   __IRQ_hookFetchPacket
0000d4a0   ___etext__
0000d4a0   __stack
0000d4a0   etext
0000dca0   __STACK_END
0000dca0   ___cinit__
0000dca0   cinit
0000e480   __ftable
0000e660   __tmpnams
0000e7a0   __ft_end
0000e7f0   _EncMeasurement
0000e808   _wynik
0000e850   _Parametry1
0000e858   _Parametry2
0000e8c6   _DSK6713_version
0000ea0c   __IRQ_eventTable
0000ea90   __IRQ_intTable
0000ead0   __IRQ_dispatchTable
0000eaec   _tccAllocTable
0000eb5c   __MCBSP_hDev0
0000eb60   __MCBSP_hDev1
0000ebb4   __TIMER_deviceTable
0000ebcc   __TIMER_hDev0
0000ebd0   __TIMER_hDev1
0000ebd4   __TIMER_hBios
0000ebe8   __cleanup_ptr
0000ebec   __dtors_ptr
0000ebf0   ___TI_enable_exit_profile_output
0000ebf4   __lock
0000ebf8   __unlock
00010000   .data
00010000   ___data__
00010000   ___edata__
00010000   __sys_memory
00010000   edata
00010400   __ctypes_
00010644   __CIOBUF_
00010764   $bss
00010764   .bss
00010764   ___bss__
0001078c   _ADCCounter
00010790   _pEncMeasurement
00010794   _fstart
00010798   _digital_output
0001079c   _ce2
000107a0   _WzmocnienieRegulatoraP
000107a4   _WzmocnienieCalki
000107a8   _Wzad_pion
000107aa   _Wzad_poziom
00010818   _kC
0001081c   _kPID
00010820   _pomiar
00010824   _suma
00010828   _kC2
0001082c   _kPID2
00010830   _pomiar2
00010834   _suma2
0001083c   _Ch0_Counter
00010840   _Ch1_Counter
00010844   _Ch2_Counter
00010848   _Ch3_Counter
0001084c   _Ch_Error_Counter
0001085c   _WelcomeStringLength
00010860   ___end__
00010860   end
ffffffff   ___TI_pprof_out_hndl
ffffffff   ___TI_prof_data_size
ffffffff   ___TI_prof_data_start
ffffffff   ___binit__
ffffffff   ___c_args__
ffffffff   ___pinit__
ffffffff   binit
ffffffff   pinit

[252 symbols]
