******************************************************************************
               TMS320C6x Linker PC v7.4.4                      
******************************************************************************
>> Linked Thu Nov 13 20:09:12 2014

OUTPUT FILE NAME:   <mcbsp1.out>
ENTRY POINT SYMBOL: "_c_int00"  address: 0000c000


MEMORY CONFIGURATION

         name            origin    length      used     unused   attr    fill
----------------------  --------  ---------  --------  --------  ----  --------
  PMEM                  00000000   00010000  0000db32  000024ce  RWIX
  BMEM                  00010000   00030000  000008e4  0002f71c  RWIX


SECTION ALLOCATION MAP

 output                                  attributes/
section   page    origin      length       input sections
--------  ----  ----------  ----------   ----------------
.text      0    00000000    0000c540     
                  00000000    00000940     main.obj (.text)
                  00000940    00000720     rts6700.lib : divd.obj (.text:__divd)
                  00001060    000006c0                 : _printfi.obj (.text:__getarg_diouxp)
                  00001720    00000660     MainLoop_Helper.obj (.text)
                  00001d80    00000640     rts6700.lib : _printfi.obj (.text:__setfield)
                  000023c0    00000560                 : _printfi.obj (.text:__printfi)
                  00002920    000004c0                 : fputs.obj (.text:_fputs)
                  00002de0    00000480     EDMA_Utility.obj (.text)
                  00003260    00000480     dsk6713bsl.lib : dsk6713.obj (.text)
                  000036e0    00000420     rts6700.lib : _printfi.obj (.text:_fcvt)
                  00003b00    00000400                 : _printfi.obj (.text:__pproc_fge)
                  00003f00    00000400                 : _printfi.obj (.text:_ecvt)
                  00004300    000003c0     DAC7716.obj (.text)
                  000046c0    00000380     rts6700.lib : imath64.obj (.text:__divull)
                  00004a40    00000380                 : memory.obj (.text:_free)
                  00004dc0    00000380     main.obj (.text:retain)
                  00005140    00000360     rts6700.lib : _printfi.obj (.text:__pconv_e)
                  000054a0    00000360                 : _printfi.obj (.text:__pproc_fwp)
                  00005800    00000360     enkoder.obj (.text)
                  00005b60    00000300     rts6700.lib : _printfi.obj (.text:__pproc_diouxp)
                  00005e60    000002c0     ADC8361.obj (.text)
                  00006120    000002c0     rts6700.lib : _printfi.obj (.text:__pproc_str)
                  000063e0    000002c0                 : setvbuf.obj (.text:_setvbuf)
                  000066a0    000002a0                 : _printfi.obj (.text:__pconv_g)
                  00006940    000002a0                 : fputc.obj (.text:_fputc)
                  00006be0    00000260     csl6713.lib : csl_edma.obj (.text:_EDMA_open)
                  00006e40    00000260     rts6700.lib : imath40.obj (.text:__divul)
                  000070a0    00000240                 : _printfi.obj (.text:__mcpy)
                  000072e0    00000240                 : memory.obj (.text:_malloc)
                  00007520    00000240                 : memcpy62.obj (.text:_memcpy)
                  00007760    00000220                 : trgdrv.obj (.text:_HOSTrename)
                  00007980    00000200     csl6713.lib : csl_edma.obj (.text:_EDMA_allocTable)
                  00007b80    00000080     McBSP_Utility.obj (.text)
                  00007c00    00000200     vecs_irq.obj (.text:vecs)
                  00007e00    000001e0     rts6700.lib : lowlev.obj (.text:_getdevice)
                  00007fe0    000001e0     dsk6713bsl.lib : dsk6713_led.obj (.text)
                  000081c0    000001c0     csl6713.lib : csl.obj (.text:__CSL_init)
                  00008380    000001c0     rts6700.lib : fseek.obj (.text:_fseek)
                  00008540    000001a0     csl6713.lib : csl_irq.obj (.text:_IRQ_map)
                  000086e0    000001a0     rts6700.lib : _printfi.obj (.text:__ltostr)
                  00008880    000001a0                 : _printfi.obj (.text:__pproc_fflags)
                  00008a20    000001a0     timer.obj (.text)
                  00008bc0    00000180     csl6713.lib : csl_edma.obj (.text:_EDMA_resetAll)
                  00008d40    00000180                 : csl_mcbsp.obj (.text:_MCBSP_reset)
                  00008ec0    00000160     rts6700.lib : trgdrv.obj (.text:_HOSTlseek)
                  00009020    00000160     csl6713.lib : csl_timer.obj (.text:_TIMER_open)
                  00009180    00000160     rts6700.lib : fclose.obj (.text:__closefile)
                  000092e0    00000140                 : trgdrv.obj (.text:_HOSTread)
                  00009420    00000140                 : frcmpyd_div.obj (.text:__frcmpyd_div)
                  00009560    00000140                 : strasg.obj (.text:__strasgi)
                  000096a0    00000140                 : atoi.obj (.text:_atoi)
                  000097e0    00000140                 : ltoa.obj (.text:_ltoa)
                  00009920    00000120     csl6713.lib : csl_edma.obj (.text:_EDMA_reset)
                  00009a40    00000120     rts6700.lib : trgdrv.obj (.text:_HOSTopen)
                  00009b60    00000120                 : trgdrv.obj (.text:_HOSTwrite)
                  00009c80    00000120     csl6713.lib : csl_timer.obj (.text:_TIMER_reset)
                  00009da0    00000120     rts6700.lib : _io_perm.obj (.text:__wrt_ok)
                  00009ec0    00000120                 : lowlev.obj (.text:_close)
                  00009fe0    00000120                 : memset.obj (.text:_memset)
                  0000a100    00000120     csl6713.lib : csl_irq.obj (.text:_mux2Tables)
                  0000a220    00000100     rts6700.lib : trgdrv.obj (.text:_HOSTclose)
                  0000a320    00000100                 : trgdrv.obj (.text:_HOSTunlink)
                  0000a420    00000100     csl6713.lib : csl_mcbsp.obj (.text:_MCBSP_start)
                  0000a520    00000100     rts6700.lib : autoinit.obj (.text:__auto_init)
                  0000a620    00000100                 : _printfi.obj (.text:__div)
                  0000a720    00000100                 : imath40.obj (.text:__divli)
                  0000a820    00000100                 : _printfi.obj (.text:__pconv_f)
                  0000a920    00000100                 : lowlev.obj (.text:_lseek)
                  0000aa20    00000100                 : printf.obj (.text:_printf)
                  0000ab20    00000100                 : lowlev.obj (.text:_write)
                  0000ac20    000000e0     csl6713.lib : csl_mcbsp.obj (.text:_MCBSP_open)
                  0000ad00    000000e0     rts6700.lib : fopen.obj (.text:__cleanup)
                  0000ade0    000000e0                 : fflush.obj (.text:__doflush)
                  0000aec0    000000e0                 : _printfi.obj (.text:__ecpy)
                  0000afa0    000000e0                 : _printfi.obj (.text:__fcpy)
                  0000b080    000000e0                 : strasg.obj (.text:__strasg)
                  0000b160    000000e0                 : exit.obj (.text:_exit)
                  0000b240    000000e0                 : memory.obj (.text:_minsert)
                  0000b320    000000e0                 : memory.obj (.text:_mremove)
                  0000b400    000000c0     csl6713.lib : csl_edma.obj (.text:_EDMA_clearPram)
                  0000b4c0    000000c0                 : csl_edma.obj (.text:_EDMA_close)
                  0000b580    000000c0     rts6700.lib : divu.obj (.text:__divu)
                  0000b640    000000c0                 : cpy_tbl.obj (.text:_copy_in)
                  0000b700    000000c0                 : lowlev.obj (.text:_finddevice)
                  0000b7c0    000000c0     csl6713.lib : csl_irq.obj (.text:_getMux)
                  0000b880    000000a0                 : csl_mcbsp.obj (.text:_MCBSP_close)
                  0000b920    000000a0     rts6700.lib : fixdli.obj (.text:__fixdli)
                  0000b9c0    000000a0                 : mpyll.obj (.text:__mpyll)
                  0000ba60    000000a0                 : imath40.obj (.text:__remli)
                  0000bb00    000000a0                 : trgmsg.obj (.text:_readmsg)
                  0000bba0    000000a0     csl6713.lib : csl_irq.obj (.text:_setMux)
                  0000bc40    000000a0     rts6700.lib : lowlev.obj (.text:_unlink)
                  0000bce0    000000a0                 : trgmsg.obj (.text:_writemsg)
                  0000bd80    00000080     csl6713.lib : csl_edma.obj (.text:_EDMA_freeTable)
                  0000be00    00000080                 : csl_irq.obj (.text:__IRQ_init)
                  0000be80    00000080     rts6700.lib : cpp_init.obj (.text:___TI_cpp_init)
                  0000bf00    00000080                 : fltlid.obj (.text:__fltlid)
                  0000bf80    00000080                 : llshift.obj (.text:__llshl)
                  0000c000    00000080                 : boot.obj (.text:_c_int00)
                  0000c080    00000080                 : memccpy.obj (.text:_memccpy)
                  0000c100    00000080     dsk6713bsl.lib : dsk6713_dip.obj (.text)
                  0000c180    00000060     csl6713.lib : csl_edma.obj (.text:_EDMA_disableChannel)
                  0000c1e0    00000060                 : csl_edma.obj (.text:_EDMA_enableChannel)
                  0000c240    00000060     rts6700.lib : isinf.obj (.text:___isinf)
                  0000c2a0    00000060                 : llshift.obj (.text:__llshru)
                  0000c300    00000060                 : imath64.obj (.text:__subcull)
                  0000c360    00000040                 : _printfi.obj (.text:___isnan)
                  0000c3a0    00000040                 : args_main.obj (.text:__args_main)
                  0000c3e0    00000020     CPLD.obj (.text)
                  0000c400    00000020     csl6713.lib : csl.obj (.text:_CSL6713_LIB_)
                  0000c420    00000020                 : csl_irq.obj (.text:_IRQ_setVecs)
                  0000c440    00000020     rts6700.lib : negll.obj (.text:__negll)
                  0000c460    00000020                 : _lock.obj (.text:__nop)
                  0000c480    00000020                 : printf.obj (.text:__outc)
                  0000c4a0    00000020                 : printf.obj (.text:__outs)
                  0000c4c0    00000020                 : exit.obj (.text:_abort)
                  0000c4e0    00000020                 : remove.obj (.text:_remove)
                  0000c500    00000020     csl6713.lib : csl_irq.obj (.text)
                  0000c520    00000020     vecs_irq.obj (.text)

$BRID      0    00000000    00000250     COPY SECTION
                  00000000    00000014     csl6713.lib : csl.obj ($BRID)
                  00000014    000000e8                 : csl_edma.obj ($BRID)
                  000000fc    00000078                 : csl_irq.obj ($BRID)
                  00000174    0000007c                 : csl_mcbsp.obj ($BRID)
                  000001f0    00000060                 : csl_timer.obj ($BRID)

.stack     0    0000c540    00000800     UNINITIALIZED
                  0000c540    00000008     rts6700.lib : boot.obj (.stack)
                  0000c548    000007f8     --HOLE--

.far       0    0000cd40    000006b2     UNINITIALIZED
                  0000cd40    00000324     rts6700.lib : defs.obj (.far)
                  0000d064    0000011c                 : lowlev.obj (.far)
                  0000d180    000000f4     csl6713.lib : csl_irq.obj (.far)
                  0000d274    0000006c     main.obj (.far)
                  0000d2e0    00000054     csl6713.lib : csl_edma.obj (.far)
                  0000d334    00000038                 : csl_mcbsp.obj (.far)
                  0000d36c    00000028                 : csl.obj (.far)
                  0000d394    00000024                 : csl_timer.obj (.far)
                  0000d3b8    0000000e     Command_Utility.obj (.far)
                  0000d3c6    00000002     dsk6713bsl.lib : dsk6713.obj (.far)
                  0000d3c8    0000000c     rts6700.lib : exit.obj (.far)
                  0000d3d4    00000008                 : _lock.obj (.far)
                  0000d3dc    00000008                 : memory.obj (.far)
                  0000d3e4    00000008                 : trgdrv.obj (.far)
                  0000d3ec    00000004                 : fopen.obj (.far)
                  0000d3f0    00000002     dsk6713bsl.lib : dsk6713_led.obj (.far)

.cinit     0    0000d3f8    000006bc     
                  0000d3f8    0000015c     DAC7716.obj (.cinit)
                  0000d554    00000004     --HOLE-- [fill = 0]
                  0000d558    0000012c     csl6713.lib : csl_irq.obj (.cinit)
                  0000d684    00000004     --HOLE-- [fill = 0]
                  0000d688    000000e4     main.obj (.cinit)
                  0000d76c    00000004     --HOLE-- [fill = 0]
                  0000d770    00000070     csl6713.lib : csl_edma.obj (.cinit)
                  0000d7e0    0000005c     rts6700.lib : defs.obj (.cinit)
                  0000d83c    00000004     --HOLE-- [fill = 0]
                  0000d840    0000005c                 : lowlev.obj (.cinit)
                  0000d89c    00000004     --HOLE-- [fill = 0]
                  0000d8a0    00000054     csl6713.lib : csl_mcbsp.obj (.cinit)
                  0000d8f4    00000004     --HOLE-- [fill = 0]
                  0000d8f8    0000004c     ADC8361.obj (.cinit)
                  0000d944    00000004     --HOLE-- [fill = 0]
                  0000d948    0000004c     csl6713.lib : csl_timer.obj (.cinit)
                  0000d994    00000004     --HOLE-- [fill = 0]
                  0000d998    0000003c                 : csl.obj (.cinit)
                  0000d9d4    00000004     --HOLE-- [fill = 0]
                  0000d9d8    0000002c     rts6700.lib : exit.obj (.cinit)
                  0000da04    00000004     --HOLE-- [fill = 0]
                  0000da08    0000002c                 : memory.obj (.cinit)
                  0000da34    00000004     --HOLE-- [fill = 0]
                  0000da38    00000024     Command_Utility.obj (.cinit)
                  0000da5c    00000004     --HOLE-- [fill = 0]
                  0000da60    0000001c     rts6700.lib : _lock.obj (.cinit)
                  0000da7c    00000004     --HOLE-- [fill = 0]
                  0000da80    0000000c     MainLoop_Helper.obj (.cinit)
                  0000da8c    00000004     --HOLE-- [fill = 0]
                  0000da90    0000000c     rts6700.lib : fopen.obj (.cinit)
                  0000da9c    00000004     --HOLE-- [fill = 0]
                  0000daa0    0000000c     timer.obj (.cinit)
                  0000daac    00000004     --HOLE-- [fill = 0]
                  0000dab0    00000004     (.pad.cinit) [fill = 0]

.buffers   0    0000db00    00000084     UNINITIALIZED
                  0000db00    00000084     main.obj (.buffers)

.data      0    00010000    00000000     UNINITIALIZED

.sysmem    0    00010000    00000400     UNINITIALIZED
                  00010000    00000008     rts6700.lib : memory.obj (.sysmem)
                  00010008    000003f8     --HOLE--

.const     0    00010400    000002e8     
                  00010400    00000101     rts6700.lib : ctype.obj (.const:.string:__ctypes_)
                  00010501    00000002                 : fputs.obj (.const:.string)
                  00010503    00000001     --HOLE-- [fill = 0]
                  00010504    0000009c     main.obj (.const:.string)
                  000105a0    00000048     ADC8361.obj (.const:.string)
                  000105e8    00000040     DAC7716.obj (.const:.string)
                  00010628    00000040     I2C_Utility.obj (.const)
                  00010668    0000002c     MainLoop_Helper.obj (.const:.string)
                  00010694    00000023     rts6700.lib : _printfi.obj (.const:.string)
                  000106b7    00000001     --HOLE-- [fill = 0]
                  000106b8    00000020     dsk6713bsl.lib : dsk6713.obj (.const)
                  000106d8    00000010     I2C_Utility.obj (.const:.string)

.cio       0    000106e8    00000120     UNINITIALIZED
                  000106e8    00000120     rts6700.lib : trgmsg.obj (.cio)

.bss       0    00010808    000000b8     UNINITIALIZED
                  00010808    00000058     DAC7716.obj (.bss)
                  00010860    00000038     main.obj (.bss)
                  00010898    00000014     ADC8361.obj (.bss)
                  000108ac    0000000c     timer.obj (.bss)
                  000108b8    00000004     Command_Utility.obj (.bss)
                  000108bc    00000004     MainLoop_Helper.obj (.bss)

.switch    0    000108c0    00000024     
                  000108c0    00000014     main.obj (.switch:_TimerEventHandler)
                  000108d4    00000010     DAC7716.obj (.switch:_DAC_Prepare_EDMA)


GLOBAL SYMBOLS: SORTED ALPHABETICALLY BY Name 

address    name
--------   ----
00010808   $bss
00010808   .bss
00010000   .data
00000000   .text
0000c4c0   C$$EXIT
0000bd58   C$$IO$$
00010880   _ADCCounter
00005e60   _ADC_Are_All_Channels_Fresh
0000606c   _ADC_Collect_EDMA
00005f14   _ADC_Fill_Measurement_Struct
00005ff8   _ADC_Fill_Measurement_With_Zeros
00005f08   _ADC_Get_Channel_Num
000060b8   _ADC_Show_Measurement
00005eec   _ADC_Unfresh
0000c3e0   _CPLD_WriteMisc
0000c400   _CSL6713_LIB_
00010898   _Ch0_Counter
0001089c   _Ch1_Counter
000108a0   _Ch2_Counter
000108a4   _Ch3_Counter
000108a8   _Ch_Error_Counter
000045a0   _DAC_Fill_Values_With_Zeros
0000448c   _DAC_Prepare_EDMA
00004300   _DAC_Prepare_Frame
00004470   _DAC_Update_Channel_To_Send
0000c108   _DSK6713_DIP_get
0000c100   _DSK6713_DIP_init
00007fe0   _DSK6713_LED_init
00008020   _DSK6713_LED_off
00008090   _DSK6713_LED_on
00008100   _DSK6713_LED_toggle
00003674   _DSK6713_getVersion
000032ac   _DSK6713_init
000035c8   _DSK6713_rget
000035dc   _DSK6713_rset
0000d3c6   _DSK6713_version
000035f0   _DSK6713_wait
00003648   _DSK6713_waitusec
00002ea0   _EDMAADCConfOpt
00002eb0   _EDMADACConfOpt
00007980   _EDMA_allocTable
0000b400   _EDMA_clearPram
0000b4c0   _EDMA_close
0000c180   _EDMA_disableChannel
0000c1e0   _EDMA_enableChannel
0000bd80   _EDMA_freeTable
00006be0   _EDMA_open
00009920   _EDMA_reset
00008bc0   _EDMA_resetAll
00002ec0   _EDMI2CRecConfOpt
00002ed0   _EDMI2CTransConfOpt
0000d2bc   _EncMeasurement
000059a0   _Enc_Are_Both_Enc_Fresh
00005a14   _Enc_Compute_Values
00005aa8   _Enc_Fill_With_Zeros
00001bd4   _Enc_PrepareFreshOutput
00001cd4   _Enc_ReadHigh
00001d24   _Enc_ReadLow
00005960   _Enc_Refresh_High_Bytes
00005980   _Enc_Refresh_Low_Bytes
00001cac   _Enc_SendOrder
00005a5c   _Enc_Unfresh_All
000019e4   _Enc_WaitForFreshInput
00005814   _Encoder_Are_Bytes_Fresh
00005868   _Encoder_Compute_Value
000058e4   _Encoder_Fill_With_Zeros
00005800   _Encoder_Unfresh
0000a220   _HOSTclose
00008ec0   _HOSTlseek
00009a40   _HOSTopen
000092e0   _HOSTread
00007760   _HOSTrename
0000a320   _HOSTunlink
00009b60   _HOSTwrite
00008540   _IRQ_map
0000c420   _IRQ_setVecs
00000388   _Initialize
0000030c   _Intialize_Chipset
0000b880   _MCBSP_close
0000ac20   _MCBSP_open
00008d40   _MCBSP_reset
0000a420   _MCBSP_start
00001720   _ML_CheckSwitch
000017c0   _ML_ExitProcedure
00001a80   _ML_PrepareFreshOutput
00001888   _ML_ShowGoodbyeMsg
000018cc   _ML_WaitForFreshInput
00007bb4   _Polling_Single_Receive
00007b80   _Polling_Transmit
000045f4   _PrintfDACTransferInfo
00009020   _TIMER_open
00009c80   _TIMER_reset
00008a20   _TimerConfig
0000014c   _TimerEventHandler
000108b8   _WelcomeStringLength
000106e8   __CIOBUF_
000081c0   __CSL_init
0000d26c   __IRQ_dispatchTable
0000d1a8   __IRQ_eventTable
0000c500   __IRQ_hookFetchPacket
0000be00   __IRQ_init
0000d22c   __IRQ_intTable
0000d364   __MCBSP_hDev0
0000d368   __MCBSP_hDev1
0000cd40   __STACK_END
00000800   __STACK_SIZE
00000400   __SYSMEM_SIZE
0000d394   __TIMER_deviceTable
0000d3b4   __TIMER_hBios
0000d3ac   __TIMER_hDev0
0000d3b0   __TIMER_hDev1
00000001   __TI_args_main
0000be80   ___TI_cpp_init
0000d3d0   ___TI_enable_exit_profile_output
ffffffff   ___TI_pprof_out_hndl
ffffffff   ___TI_prof_data_size
ffffffff   ___TI_prof_data_start
ffffffff   ___binit__
00010808   ___bss__
ffffffff   ___c_args__
0000d3f8   ___cinit__
00010000   ___data__
00010000   ___edata__
000108c0   ___end__
0000c540   ___etext__
0000c240   ___isinf
ffffffff   ___pinit__
00000000   ___text__
0000c3a0   __args_main
0000a520   __auto_init
0000b580   __c6xabi_divu
00009560   __c6xabi_strasgi
0000ad00   __cleanup
0000d3c8   __cleanup_ptr
00009180   __closefile
00010400   __ctypes_
00000940   __divd
0000a720   __divli
0000b580   __divu
00006e40   __divul
000046c0   __divull
0000ade0   __doflush
0000d3cc   __dtors_ptr
0000b920   __fixdli
0000bf00   __fltlid
00009420   __frcmpyd_div
0000d060   __ft_end
0000cd40   __ftable
0000bf80   __llshl
0000c2a0   __llshru
0000d3d4   __lock
0000b9c0   __mpyll
0000c440   __negll
0000c460   __nop
000023c0   __printfi
0000ba60   __remli
0000c540   __stack
0000b080   __strasg
00009560   __strasgi
0000c300   __subcull
00010000   __sys_memory
0000cf20   __tmpnams
0000d3d8   __unlock
00009da0   __wrt_ok
0000c4c0   _abort
000096a0   _atoi
0000c000   _c_int00
00004dc0   _c_int08
0000504c   _c_int14
00010890   _ce2
00009ec0   _close
0000b640   _copy_in
0001088c   _digital_output
00002ee0   _enableIRQ_EDMA
0000b160   _exit
00006940   _fputc
00002920   _fputs
00004a40   _free
00008380   _fseek
00010888   _fstart
0000a920   _lseek
000097e0   _ltoa
00000000   _main
000072e0   _malloc
0000c080   _memccpy
00007520   _memcpy
00009fe0   _memset
00010884   _pEncMeasurement
0000aa20   _printf
00006940   _putc
0000bb00   _readmsg
0000c4e0   _remove
000063e0   _setvbuf
00003100   _stopEdma
0000d2f4   _tccAllocTable
0000bc40   _unlink
00007c20   _vector1
00007d40   _vector10
00007d60   _vector11
00007d80   _vector12
00007da0   _vector13
00007dc0   _vector14
00007de0   _vector15
00007c40   _vector2
00007c60   _vector3
00007c80   _vector4
00007ca0   _vector5
00007cc0   _vector6
00007ce0   _vector7
00007c00   _vectors
0000ab20   _write
0000bce0   _writemsg
ffffffff   binit
0000d3f8   cinit
00010000   edata
000108c0   end
0000c540   etext
ffffffff   pinit


GLOBAL SYMBOLS: SORTED BY Symbol Address 

address    name
--------   ----
00000000   .text
00000000   ___text__
00000000   _main
00000001   __TI_args_main
0000014c   _TimerEventHandler
0000030c   _Intialize_Chipset
00000388   _Initialize
00000400   __SYSMEM_SIZE
00000800   __STACK_SIZE
00000940   __divd
00001720   _ML_CheckSwitch
000017c0   _ML_ExitProcedure
00001888   _ML_ShowGoodbyeMsg
000018cc   _ML_WaitForFreshInput
000019e4   _Enc_WaitForFreshInput
00001a80   _ML_PrepareFreshOutput
00001bd4   _Enc_PrepareFreshOutput
00001cac   _Enc_SendOrder
00001cd4   _Enc_ReadHigh
00001d24   _Enc_ReadLow
000023c0   __printfi
00002920   _fputs
00002ea0   _EDMAADCConfOpt
00002eb0   _EDMADACConfOpt
00002ec0   _EDMI2CRecConfOpt
00002ed0   _EDMI2CTransConfOpt
00002ee0   _enableIRQ_EDMA
00003100   _stopEdma
000032ac   _DSK6713_init
000035c8   _DSK6713_rget
000035dc   _DSK6713_rset
000035f0   _DSK6713_wait
00003648   _DSK6713_waitusec
00003674   _DSK6713_getVersion
00004300   _DAC_Prepare_Frame
00004470   _DAC_Update_Channel_To_Send
0000448c   _DAC_Prepare_EDMA
000045a0   _DAC_Fill_Values_With_Zeros
000045f4   _PrintfDACTransferInfo
000046c0   __divull
00004a40   _free
00004dc0   _c_int08
0000504c   _c_int14
00005800   _Encoder_Unfresh
00005814   _Encoder_Are_Bytes_Fresh
00005868   _Encoder_Compute_Value
000058e4   _Encoder_Fill_With_Zeros
00005960   _Enc_Refresh_High_Bytes
00005980   _Enc_Refresh_Low_Bytes
000059a0   _Enc_Are_Both_Enc_Fresh
00005a14   _Enc_Compute_Values
00005a5c   _Enc_Unfresh_All
00005aa8   _Enc_Fill_With_Zeros
00005e60   _ADC_Are_All_Channels_Fresh
00005eec   _ADC_Unfresh
00005f08   _ADC_Get_Channel_Num
00005f14   _ADC_Fill_Measurement_Struct
00005ff8   _ADC_Fill_Measurement_With_Zeros
0000606c   _ADC_Collect_EDMA
000060b8   _ADC_Show_Measurement
000063e0   _setvbuf
00006940   _fputc
00006940   _putc
00006be0   _EDMA_open
00006e40   __divul
000072e0   _malloc
00007520   _memcpy
00007760   _HOSTrename
00007980   _EDMA_allocTable
00007b80   _Polling_Transmit
00007bb4   _Polling_Single_Receive
00007c00   _vectors
00007c20   _vector1
00007c40   _vector2
00007c60   _vector3
00007c80   _vector4
00007ca0   _vector5
00007cc0   _vector6
00007ce0   _vector7
00007d40   _vector10
00007d60   _vector11
00007d80   _vector12
00007da0   _vector13
00007dc0   _vector14
00007de0   _vector15
00007fe0   _DSK6713_LED_init
00008020   _DSK6713_LED_off
00008090   _DSK6713_LED_on
00008100   _DSK6713_LED_toggle
000081c0   __CSL_init
00008380   _fseek
00008540   _IRQ_map
00008a20   _TimerConfig
00008bc0   _EDMA_resetAll
00008d40   _MCBSP_reset
00008ec0   _HOSTlseek
00009020   _TIMER_open
00009180   __closefile
000092e0   _HOSTread
00009420   __frcmpyd_div
00009560   __c6xabi_strasgi
00009560   __strasgi
000096a0   _atoi
000097e0   _ltoa
00009920   _EDMA_reset
00009a40   _HOSTopen
00009b60   _HOSTwrite
00009c80   _TIMER_reset
00009da0   __wrt_ok
00009ec0   _close
00009fe0   _memset
0000a220   _HOSTclose
0000a320   _HOSTunlink
0000a420   _MCBSP_start
0000a520   __auto_init
0000a720   __divli
0000a920   _lseek
0000aa20   _printf
0000ab20   _write
0000ac20   _MCBSP_open
0000ad00   __cleanup
0000ade0   __doflush
0000b080   __strasg
0000b160   _exit
0000b400   _EDMA_clearPram
0000b4c0   _EDMA_close
0000b580   __c6xabi_divu
0000b580   __divu
0000b640   _copy_in
0000b880   _MCBSP_close
0000b920   __fixdli
0000b9c0   __mpyll
0000ba60   __remli
0000bb00   _readmsg
0000bc40   _unlink
0000bce0   _writemsg
0000bd58   C$$IO$$
0000bd80   _EDMA_freeTable
0000be00   __IRQ_init
0000be80   ___TI_cpp_init
0000bf00   __fltlid
0000bf80   __llshl
0000c000   _c_int00
0000c080   _memccpy
0000c100   _DSK6713_DIP_init
0000c108   _DSK6713_DIP_get
0000c180   _EDMA_disableChannel
0000c1e0   _EDMA_enableChannel
0000c240   ___isinf
0000c2a0   __llshru
0000c300   __subcull
0000c3a0   __args_main
0000c3e0   _CPLD_WriteMisc
0000c400   _CSL6713_LIB_
0000c420   _IRQ_setVecs
0000c440   __negll
0000c460   __nop
0000c4c0   C$$EXIT
0000c4c0   _abort
0000c4e0   _remove
0000c500   __IRQ_hookFetchPacket
0000c540   ___etext__
0000c540   __stack
0000c540   etext
0000cd40   __STACK_END
0000cd40   __ftable
0000cf20   __tmpnams
0000d060   __ft_end
0000d1a8   __IRQ_eventTable
0000d22c   __IRQ_intTable
0000d26c   __IRQ_dispatchTable
0000d2bc   _EncMeasurement
0000d2f4   _tccAllocTable
0000d364   __MCBSP_hDev0
0000d368   __MCBSP_hDev1
0000d394   __TIMER_deviceTable
0000d3ac   __TIMER_hDev0
0000d3b0   __TIMER_hDev1
0000d3b4   __TIMER_hBios
0000d3c6   _DSK6713_version
0000d3c8   __cleanup_ptr
0000d3cc   __dtors_ptr
0000d3d0   ___TI_enable_exit_profile_output
0000d3d4   __lock
0000d3d8   __unlock
0000d3f8   ___cinit__
0000d3f8   cinit
00010000   .data
00010000   ___data__
00010000   ___edata__
00010000   __sys_memory
00010000   edata
00010400   __ctypes_
000106e8   __CIOBUF_
00010808   $bss
00010808   .bss
00010808   ___bss__
00010880   _ADCCounter
00010884   _pEncMeasurement
00010888   _fstart
0001088c   _digital_output
00010890   _ce2
00010898   _Ch0_Counter
0001089c   _Ch1_Counter
000108a0   _Ch2_Counter
000108a4   _Ch3_Counter
000108a8   _Ch_Error_Counter
000108b8   _WelcomeStringLength
000108c0   ___end__
000108c0   end
ffffffff   ___TI_pprof_out_hndl
ffffffff   ___TI_prof_data_size
ffffffff   ___TI_prof_data_start
ffffffff   ___binit__
ffffffff   ___c_args__
ffffffff   ___pinit__
ffffffff   binit
ffffffff   pinit

[218 symbols]
