******************************************************************************
               TMS320C6x Linker PC v7.4.4                      
******************************************************************************
>> Linked Fri Jan 09 09:43:17 2015

OUTPUT FILE NAME:   <mcbsp1.out>
ENTRY POINT SYMBOL: "_c_int00"  address: 0000c9c0


MEMORY CONFIGURATION

         name            origin    length      used     unused   attr    fill
----------------------  --------  ---------  --------  --------  ----  --------
  PMEM                  00000000   00010000  0000e6c0  00001940  RWIX
  BMEM                  00010000   00030000  00000890  0002f770  RWIX


SECTION ALLOCATION MAP

 output                                  attributes/
section   page    origin      length       input sections
--------  ----  ----------  ----------   ----------------
.text      0    00000000    0000cfa0     
                  00000000    00000840     main.obj (.text)
                  00000840    00000720     rts6700.lib : divd.obj (.text:__divd)
                  00000f60    000006c0                 : _printfi.obj (.text:__getarg_diouxp)
                  00001620    00000680     MainLoop_Helper.obj (.text)
                  00001ca0    00000640     rts6700.lib : _printfi.obj (.text:__setfield)
                  000022e0    00000620     main.obj (.text:retain)
                  00002900    00000560     rts6700.lib : _printfi.obj (.text:__printfi)
                  00002e60    000004c0                 : fputs.obj (.text:_fputs)
                  00003320    00000480     EDMA_Utility.obj (.text)
                  000037a0    00000480     dsk6713bsl.lib : dsk6713.obj (.text)
                  00003c20    00000420     rts6700.lib : _printfi.obj (.text:_fcvt)
                  00004040    00000400     Command_Utility.obj (.text)
                  00004440    00000400     rts6700.lib : _printfi.obj (.text:__pproc_fge)
                  00004840    00000400                 : _printfi.obj (.text:_ecvt)
                  00004c40    000003c0     DAC7716.obj (.text)
                  00005000    00000380     rts6700.lib : imath64.obj (.text:__divull)
                  00005380    00000380                 : memory.obj (.text:_free)
                  00005700    00000360                 : _printfi.obj (.text:__pconv_e)
                  00005a60    00000360                 : _printfi.obj (.text:__pproc_fwp)
                  00005dc0    00000360     enkoder.obj (.text)
                  00006120    00000300     rts6700.lib : _printfi.obj (.text:__pproc_diouxp)
                  00006420    000002c0     ADC8361.obj (.text)
                  000066e0    000002c0     rts6700.lib : _printfi.obj (.text:__pproc_str)
                  000069a0    000002c0                 : setvbuf.obj (.text:_setvbuf)
                  00006c60    000002a0                 : _printfi.obj (.text:__pconv_g)
                  00006f00    000002a0                 : fputc.obj (.text:_fputc)
                  000071a0    00000260     csl6713.lib : csl_edma.obj (.text:_EDMA_open)
                  00007400    00000260     rts6700.lib : imath40.obj (.text:__divul)
                  00007660    00000240                 : _printfi.obj (.text:__mcpy)
                  000078a0    00000240                 : memory.obj (.text:_malloc)
                  00007ae0    00000240                 : memcpy62.obj (.text:_memcpy)
                  00007d20    00000220                 : trgdrv.obj (.text:_HOSTrename)
                  00007f40    00000200     csl6713.lib : csl_edma.obj (.text:_EDMA_allocTable)
                  00008140    000001e0     I2C_Utility.obj (.text)
                  00008320    000000e0     csl6713.lib : csl_i2c.obj (.text:_I2C_open)
                  00008400    00000200     vecs_irq.obj (.text:vecs)
                  00008600    000001e0     rts6700.lib : lowlev.obj (.text:_getdevice)
                  000087e0    000001e0     dsk6713bsl.lib : dsk6713_led.obj (.text)
                  000089c0    000001c0     csl6713.lib : csl.obj (.text:__CSL_init)
                  00008b80    000001c0     rts6700.lib : fseek.obj (.text:_fseek)
                  00008d40    000001a0     csl6713.lib : csl_i2c.obj (.text:_I2C_reset)
                  00008ee0    000001a0                 : csl_irq.obj (.text:_IRQ_map)
                  00009080    000001a0     rts6700.lib : _printfi.obj (.text:__ltostr)
                  00009220    000001a0                 : _printfi.obj (.text:__pproc_fflags)
                  000093c0    00000180     csl6713.lib : csl_edma.obj (.text:_EDMA_resetAll)
                  00009540    00000180                 : csl_mcbsp.obj (.text:_MCBSP_reset)
                  000096c0    00000160     rts6700.lib : trgdrv.obj (.text:_HOSTlseek)
                  00009820    00000160     csl6713.lib : csl_timer.obj (.text:_TIMER_open)
                  00009980    00000160     rts6700.lib : fclose.obj (.text:__closefile)
                  00009ae0    00000140     IRQ_Utility.obj (.text)
                  00009c20    00000140     rts6700.lib : trgdrv.obj (.text:_HOSTread)
                  00009d60    00000140                 : frcmpyd_div.obj (.text:__frcmpyd_div)
                  00009ea0    00000140                 : strasg.obj (.text:__strasgi)
                  00009fe0    00000140                 : atoi.obj (.text:_atoi)
                  0000a120    00000140                 : ltoa.obj (.text:_ltoa)
                  0000a260    00000120     csl6713.lib : csl_edma.obj (.text:_EDMA_reset)
                  0000a380    00000120     rts6700.lib : trgdrv.obj (.text:_HOSTopen)
                  0000a4a0    00000120                 : trgdrv.obj (.text:_HOSTwrite)
                  0000a5c0    00000120     csl6713.lib : csl_timer.obj (.text:_TIMER_reset)
                  0000a6e0    00000120     rts6700.lib : _io_perm.obj (.text:__wrt_ok)
                  0000a800    00000120                 : lowlev.obj (.text:_close)
                  0000a920    00000120                 : memset.obj (.text:_memset)
                  0000aa40    00000120     csl6713.lib : csl_irq.obj (.text:_mux2Tables)
                  0000ab60    00000100     rts6700.lib : trgdrv.obj (.text:_HOSTclose)
                  0000ac60    00000100                 : trgdrv.obj (.text:_HOSTunlink)
                  0000ad60    00000100     csl6713.lib : csl_mcbsp.obj (.text:_MCBSP_start)
                  0000ae60    00000100     rts6700.lib : autoinit.obj (.text:__auto_init)
                  0000af60    00000100                 : _printfi.obj (.text:__div)
                  0000b060    00000100                 : imath40.obj (.text:__divli)
                  0000b160    00000100                 : _printfi.obj (.text:__pconv_f)
                  0000b260    00000100                 : lowlev.obj (.text:_lseek)
                  0000b360    00000100                 : printf.obj (.text:_printf)
                  0000b460    00000100                 : lowlev.obj (.text:_write)
                  0000b560    000000e0     csl6713.lib : csl_mcbsp.obj (.text:_MCBSP_open)
                  0000b640    000000e0     rts6700.lib : fopen.obj (.text:__cleanup)
                  0000b720    000000e0                 : fflush.obj (.text:__doflush)
                  0000b800    000000e0                 : _printfi.obj (.text:__ecpy)
                  0000b8e0    000000e0                 : _printfi.obj (.text:__fcpy)
                  0000b9c0    000000e0                 : strasg.obj (.text:__strasg)
                  0000baa0    000000e0                 : exit.obj (.text:_exit)
                  0000bb80    000000e0                 : memory.obj (.text:_minsert)
                  0000bc60    000000e0                 : memory.obj (.text:_mremove)
                  0000bd40    000000c0     csl6713.lib : csl_edma.obj (.text:_EDMA_clearPram)
                  0000be00    000000c0                 : csl_edma.obj (.text:_EDMA_close)
                  0000bec0    000000c0     rts6700.lib : divu.obj (.text:__divu)
                  0000bf80    000000c0                 : cpy_tbl.obj (.text:_copy_in)
                  0000c040    000000c0                 : lowlev.obj (.text:_finddevice)
                  0000c100    000000c0     csl6713.lib : csl_irq.obj (.text:_getMux)
                  0000c1c0    000000a0                 : csl_mcbsp.obj (.text:_MCBSP_close)
                  0000c260    000000a0     rts6700.lib : fixdli.obj (.text:__fixdli)
                  0000c300    000000a0                 : mpyll.obj (.text:__mpyll)
                  0000c3a0    000000a0                 : imath40.obj (.text:__remli)
                  0000c440    000000a0                 : trgmsg.obj (.text:_readmsg)
                  0000c4e0    000000a0     csl6713.lib : csl_irq.obj (.text:_setMux)
                  0000c580    000000a0     rts6700.lib : lowlev.obj (.text:_unlink)
                  0000c620    000000a0                 : trgmsg.obj (.text:_writemsg)
                  0000c6c0    00000080     McBSP_Utility.obj (.text)
                  0000c740    00000080     csl6713.lib : csl_edma.obj (.text:_EDMA_freeTable)
                  0000c7c0    00000080                 : csl_irq.obj (.text:__IRQ_init)
                  0000c840    00000080     rts6700.lib : cpp_init.obj (.text:___TI_cpp_init)
                  0000c8c0    00000080                 : fltlid.obj (.text:__fltlid)
                  0000c940    00000080                 : llshift.obj (.text:__llshl)
                  0000c9c0    00000080                 : boot.obj (.text:_c_int00)
                  0000ca40    00000080                 : memccpy.obj (.text:_memccpy)
                  0000cac0    00000080     dsk6713bsl.lib : dsk6713_dip.obj (.text)
                  0000cb40    00000060     csl6713.lib : csl_edma.obj (.text:_EDMA_disableChannel)
                  0000cba0    00000060                 : csl_edma.obj (.text:_EDMA_enableChannel)
                  0000cc00    00000060     rts6700.lib : isinf.obj (.text:___isinf)
                  0000cc60    00000060                 : fltif.obj (.text:__fltif)
                  0000ccc0    00000060                 : llshift.obj (.text:__llshru)
                  0000cd20    00000060                 : imath64.obj (.text:__subcull)
                  0000cd80    00000040                 : _printfi.obj (.text:___isnan)
                  0000cdc0    00000040                 : args_main.obj (.text:__args_main)
                  0000ce00    00000020     CPLD.obj (.text)
                  0000ce20    00000020     csl6713.lib : csl.obj (.text:_CSL6713_LIB_)
                  0000ce40    00000020                 : csl_irq.obj (.text:_IRQ_setVecs)
                  0000ce60    00000020     rts6700.lib : addf.obj (.text:__addf)
                  0000ce80    00000020                 : mpyf.obj (.text:__mpyf)
                  0000cea0    00000020                 : negll.obj (.text:__negll)
                  0000cec0    00000020                 : _lock.obj (.text:__nop)
                  0000cee0    00000020                 : printf.obj (.text:__outc)
                  0000cf00    00000020                 : printf.obj (.text:__outs)
                  0000cf20    00000020                 : exit.obj (.text:_abort)
                  0000cf40    00000020                 : remove.obj (.text:_remove)
                  0000cf60    00000020     csl6713.lib : csl_irq.obj (.text)
                  0000cf80    00000020     vecs_irq.obj (.text)

$BRID      0    00000000    000002c4     COPY SECTION
                  00000000    00000014     csl6713.lib : csl.obj ($BRID)
                  00000014    000000e8                 : csl_edma.obj ($BRID)
                  000000fc    00000074                 : csl_i2c.obj ($BRID)
                  00000170    00000078                 : csl_irq.obj ($BRID)
                  000001e8    0000007c                 : csl_mcbsp.obj ($BRID)
                  00000264    00000060                 : csl_timer.obj ($BRID)

.stack     0    0000cfa0    00000800     UNINITIALIZED
                  0000cfa0    00000008     rts6700.lib : boot.obj (.stack)
                  0000cfa8    000007f8     --HOLE--

.cinit     0    0000d7a0    0000076c     
                  0000d7a0    0000015c     DAC7716.obj (.cinit)
                  0000d8fc    00000004     --HOLE-- [fill = 0]
                  0000d900    00000144     main.obj (.cinit)
                  0000da44    00000004     --HOLE-- [fill = 0]
                  0000da48    0000012c     csl6713.lib : csl_irq.obj (.cinit)
                  0000db74    00000004     --HOLE-- [fill = 0]
                  0000db78    00000070                 : csl_edma.obj (.cinit)
                  0000dbe8    0000005c     rts6700.lib : defs.obj (.cinit)
                  0000dc44    00000004     --HOLE-- [fill = 0]
                  0000dc48    0000005c                 : lowlev.obj (.cinit)
                  0000dca4    00000004     --HOLE-- [fill = 0]
                  0000dca8    00000054     csl6713.lib : csl_mcbsp.obj (.cinit)
                  0000dcfc    00000004     --HOLE-- [fill = 0]
                  0000dd00    0000004c     ADC8361.obj (.cinit)
                  0000dd4c    00000004     --HOLE-- [fill = 0]
                  0000dd50    0000004c     csl6713.lib : csl_timer.obj (.cinit)
                  0000dd9c    00000004     --HOLE-- [fill = 0]
                  0000dda0    0000003c                 : csl.obj (.cinit)
                  0000dddc    00000004     --HOLE-- [fill = 0]
                  0000dde0    00000030                 : csl_i2c.obj (.cinit)
                  0000de10    0000002c     MainLoop_Helper.obj (.cinit)
                  0000de3c    00000004     --HOLE-- [fill = 0]
                  0000de40    0000002c     rts6700.lib : exit.obj (.cinit)
                  0000de6c    00000004     --HOLE-- [fill = 0]
                  0000de70    0000002c                 : memory.obj (.cinit)
                  0000de9c    00000004     --HOLE-- [fill = 0]
                  0000dea0    00000024     Command_Utility.obj (.cinit)
                  0000dec4    00000004     --HOLE-- [fill = 0]
                  0000dec8    0000001c     rts6700.lib : _lock.obj (.cinit)
                  0000dee4    00000004     --HOLE-- [fill = 0]
                  0000dee8    0000000c                 : fopen.obj (.cinit)
                  0000def4    00000004     --HOLE-- [fill = 0]
                  0000def8    0000000c     timer.obj (.cinit)
                  0000df04    00000004     --HOLE-- [fill = 0]
                  0000df08    00000004     (.pad.cinit) [fill = 0]

.far       0    0000df0c    00000730     UNINITIALIZED
                  0000df0c    00000324     rts6700.lib : defs.obj (.far)
                  0000e230    0000011c                 : lowlev.obj (.far)
                  0000e34c    000000f4     csl6713.lib : csl_irq.obj (.far)
                  0000e440    000000c2     main.obj (.far)
                  0000e502    00000002     dsk6713bsl.lib : dsk6713.obj (.far)
                  0000e504    00000054     csl6713.lib : csl_edma.obj (.far)
                  0000e558    00000038                 : csl_mcbsp.obj (.far)
                  0000e590    00000028                 : csl.obj (.far)
                  0000e5b8    00000028                 : csl_i2c.obj (.far)
                  0000e5e0    00000024                 : csl_timer.obj (.far)
                  0000e604    0000000e     Command_Utility.obj (.far)
                  0000e612    00000002     dsk6713bsl.lib : dsk6713_led.obj (.far)
                  0000e614    0000000c     rts6700.lib : exit.obj (.far)
                  0000e620    00000008                 : _lock.obj (.far)
                  0000e628    00000008                 : memory.obj (.far)
                  0000e630    00000008                 : trgdrv.obj (.far)
                  0000e638    00000004                 : fopen.obj (.far)

.buffers   0    0000e680    00000084     UNINITIALIZED
                  0000e680    00000084     main.obj (.buffers)

.data      0    00010000    00000000     UNINITIALIZED

.sysmem    0    00010000    00000400     UNINITIALIZED
                  00010000    00000008     rts6700.lib : memory.obj (.sysmem)
                  00010008    000003f8     --HOLE--

.const     0    00010400    00000254     
                  00010400    00000101     rts6700.lib : ctype.obj (.const:.string:__ctypes_)
                  00010501    00000002                 : fputs.obj (.const:.string)
                  00010503    00000001     --HOLE-- [fill = 0]
                  00010504    00000048     ADC8361.obj (.const:.string)
                  0001054c    00000040     DAC7716.obj (.const:.string)
                  0001058c    00000040     I2C_Utility.obj (.const)
                  000105cc    0000002c     MainLoop_Helper.obj (.const:.string)
                  000105f8    00000023     rts6700.lib : _printfi.obj (.const:.string)
                  0001061b    00000001     --HOLE-- [fill = 0]
                  0001061c    00000020     dsk6713bsl.lib : dsk6713.obj (.const)
                  0001063c    00000010     I2C_Utility.obj (.const:.string)
                  0001064c    00000008     Command_Utility.obj (.const:.string)

.cio       0    00010654    00000120     UNINITIALIZED
                  00010654    00000120     rts6700.lib : trgmsg.obj (.cio)

.bss       0    00010774    000000dc     UNINITIALIZED
                  00010774    00000058     DAC7716.obj (.bss)
                  000107cc    00000054     main.obj (.bss)
                  00010820    00000014     ADC8361.obj (.bss)
                  00010834    0000000c     MainLoop_Helper.obj (.bss)
                  00010840    0000000c     timer.obj (.bss)
                  0001084c    00000004     Command_Utility.obj (.bss)

.switch    0    00010850    00000040     
                  00010850    00000030     Command_Utility.obj (.switch:_AnalyzeCommands)
                  00010880    00000010     DAC7716.obj (.switch:_DAC_Prepare_EDMA)


GLOBAL SYMBOLS: SORTED ALPHABETICALLY BY Name 

address    name
--------   ----
00010774   $bss
00010774   .bss
00010000   .data
00000000   .text
0000cf20   C$$EXIT
0000c698   C$$IO$$
000107f0   _ADCCounter
00006420   _ADC_Are_All_Channels_Fresh
0000662c   _ADC_Collect_EDMA
000064d4   _ADC_Fill_Measurement_Struct
000065b8   _ADC_Fill_Measurement_With_Zeros
000064c8   _ADC_Get_Channel_Num
00006678   _ADC_Show_Measurement
000064ac   _ADC_Unfresh
000040b4   _AnalyzeCommands
0000ce00   _CPLD_WriteMisc
0000ce20   _CSL6713_LIB_
00010820   _Ch0_Counter
00010824   _Ch1_Counter
00010828   _Ch2_Counter
0001082c   _Ch3_Counter
00010830   _Ch_Error_Counter
00004144   _CommandEngine
00004384   _Copy16Bit
00004398   _CopyAllMeasurement
00004320   _CopyString
00004ee0   _DAC_Fill_Values_With_Zeros
00004dcc   _DAC_Prepare_EDMA
00004c40   _DAC_Prepare_Frame
00004db0   _DAC_Update_Channel_To_Send
0000cac8   _DSK6713_DIP_get
0000cac0   _DSK6713_DIP_init
000087e0   _DSK6713_LED_init
00008820   _DSK6713_LED_off
00008890   _DSK6713_LED_on
00008900   _DSK6713_LED_toggle
00003bb4   _DSK6713_getVersion
000037ec   _DSK6713_init
00003b08   _DSK6713_rget
00003b1c   _DSK6713_rset
0000e502   _DSK6713_version
00003b30   _DSK6713_wait
00003b88   _DSK6713_waitusec
00004040   _DownloadCommand
000033e0   _EDMAADCConfOpt
000033f0   _EDMADACConfOpt
00007f40   _EDMA_allocTable
0000bd40   _EDMA_clearPram
0000be00   _EDMA_close
0000cb40   _EDMA_disableChannel
0000cba0   _EDMA_enableChannel
0000c740   _EDMA_freeTable
000071a0   _EDMA_open
0000a260   _EDMA_reset
000093c0   _EDMA_resetAll
00003400   _EDMI2CRecConfOpt
00003410   _EDMI2CTransConfOpt
0000e488   _EncMeasurement
00005f60   _Enc_Are_Both_Enc_Fresh
00005fd4   _Enc_Compute_Values
00006068   _Enc_Fill_With_Zeros
00001af4   _Enc_PrepareFreshOutput
00004400   _Enc_ReadEnc
00005f20   _Enc_Refresh_Bytes
00001c64   _Enc_SendOrder
0000601c   _Enc_Unfresh_All
000018e4   _Enc_WaitForFreshInput
00005dd4   _Encoder_Are_Bytes_Fresh
00005e28   _Encoder_Compute_Value
00005ea4   _Encoder_Fill_With_Zeros
00005dc0   _Encoder_Unfresh
0000ab60   _HOSTclose
000096c0   _HOSTlseek
0000a380   _HOSTopen
00009c20   _HOSTread
00007d20   _HOSTrename
0000ac60   _HOSTunlink
0000a4a0   _HOSTwrite
00008218   _I2C_InterruptsRoutine
00008140   _I2C_PrepareMasterConfigStruct
000081b4   _I2C_PrepareSlaveConfigStruct
000082f8   _I2C_Send_Polling
00008320   _I2C_open
00008d40   _I2C_reset
00008ee0   _IRQ_map
0000ce40   _IRQ_setVecs
0000016c   _Initialize
000000f0   _Intialize_Chipset
0000c1c0   _MCBSP_close
0000b560   _MCBSP_open
00009540   _MCBSP_reset
0000ad60   _MCBSP_start
00001620   _ML_CheckSwitch
000016c0   _ML_ExitProcedure
00001994   _ML_PrepareFreshOutput
00001788   _ML_ShowGoodbyeMsg
000017cc   _ML_WaitForFreshInput
0000c6f4   _Polling_Single_Receive
0000c6c0   _Polling_Transmit
00004f34   _PrintfDACTransferInfo
000042b0   _ProcessReceivedData
00004240   _RemoveCompletedCommand
00009820   _TIMER_open
0000a5c0   _TIMER_reset
000000c8   _TimerEventHandler
0001084c   _WelcomeStringLength
00010808   _WzmocnienieCalki
00010804   _WzmocnienieRegulatoraP
00010654   __CIOBUF_
000089c0   __CSL_init
0000e438   __IRQ_dispatchTable
0000e374   __IRQ_eventTable
0000cf60   __IRQ_hookFetchPacket
0000c7c0   __IRQ_init
0000e3f8   __IRQ_intTable
0000e588   __MCBSP_hDev0
0000e58c   __MCBSP_hDev1
0000d7a0   __STACK_END
00000800   __STACK_SIZE
00000400   __SYSMEM_SIZE
0000e5e0   __TIMER_deviceTable
0000e600   __TIMER_hBios
0000e5f8   __TIMER_hDev0
0000e5fc   __TIMER_hDev1
00000001   __TI_args_main
0000c840   ___TI_cpp_init
0000e61c   ___TI_enable_exit_profile_output
ffffffff   ___TI_pprof_out_hndl
ffffffff   ___TI_prof_data_size
ffffffff   ___TI_prof_data_start
ffffffff   ___binit__
00010774   ___bss__
ffffffff   ___c_args__
0000d7a0   ___cinit__
00010000   ___data__
00010000   ___edata__
00010850   ___end__
0000cfa0   ___etext__
0000cc00   ___isinf
ffffffff   ___pinit__
00000000   ___text__
0000ce60   __addf
0000cdc0   __args_main
0000ae60   __auto_init
0000bec0   __c6xabi_divu
00009ea0   __c6xabi_strasgi
0000b640   __cleanup
0000e614   __cleanup_ptr
00009980   __closefile
00010400   __ctypes_
00000840   __divd
0000b060   __divli
0000bec0   __divu
00007400   __divul
00005000   __divull
0000b720   __doflush
0000e618   __dtors_ptr
0000c260   __fixdli
0000cc60   __fltif
0000c8c0   __fltlid
00009d60   __frcmpyd_div
0000e22c   __ft_end
0000df0c   __ftable
0000c940   __llshl
0000ccc0   __llshru
0000e620   __lock
0000ce80   __mpyf
0000c300   __mpyll
0000cea0   __negll
0000cec0   __nop
00002900   __printfi
0000c3a0   __remli
0000cfa0   __stack
0000b9c0   __strasg
00009ea0   __strasgi
0000cd20   __subcull
00010000   __sys_memory
0000e0ec   __tmpnams
0000e624   __unlock
0000a6e0   __wrt_ok
0000cf20   _abort
00009fe0   _atoi
0000c9c0   _c_int00
000022e0   _c_int08
0000256c   _c_int09
0000281c   _c_int14
00010800   _ce2
0000a800   _close
0000bf80   _copy_in
000107fc   _digital_output
00009bd0   _enableIRQ
00003420   _enableIRQ_EDMA
0000baa0   _exit
00006f00   _fputc
00002e60   _fputs
00005380   _free
00008b80   _fseek
000107f8   _fstart
0000b260   _lseek
0000a120   _ltoa
00000000   _main
000078a0   _malloc
0000ca40   _memccpy
00007ae0   _memcpy
0000a920   _memset
000107f4   _pEncMeasurement
0000b360   _printf
00006f00   _putc
0000c440   _readmsg
0000cf40   _remove
00009ae0   _setupIRQ
000069a0   _setvbuf
00003640   _stopEdma
0000e518   _tccAllocTable
0000c580   _unlink
00008420   _vector1
00008540   _vector10
00008560   _vector11
00008580   _vector12
000085a0   _vector13
000085c0   _vector14
000085e0   _vector15
00008440   _vector2
00008460   _vector3
00008480   _vector4
000084a0   _vector5
000084c0   _vector6
000084e0   _vector7
00008400   _vectors
0000b460   _write
0000c620   _writemsg
ffffffff   binit
0000d7a0   cinit
00010000   edata
00010850   end
0000cfa0   etext
ffffffff   pinit


GLOBAL SYMBOLS: SORTED BY Symbol Address 

address    name
--------   ----
00000000   .text
00000000   ___text__
00000000   _main
00000001   __TI_args_main
000000c8   _TimerEventHandler
000000f0   _Intialize_Chipset
0000016c   _Initialize
00000400   __SYSMEM_SIZE
00000800   __STACK_SIZE
00000840   __divd
00001620   _ML_CheckSwitch
000016c0   _ML_ExitProcedure
00001788   _ML_ShowGoodbyeMsg
000017cc   _ML_WaitForFreshInput
000018e4   _Enc_WaitForFreshInput
00001994   _ML_PrepareFreshOutput
00001af4   _Enc_PrepareFreshOutput
00001c64   _Enc_SendOrder
000022e0   _c_int08
0000256c   _c_int09
0000281c   _c_int14
00002900   __printfi
00002e60   _fputs
000033e0   _EDMAADCConfOpt
000033f0   _EDMADACConfOpt
00003400   _EDMI2CRecConfOpt
00003410   _EDMI2CTransConfOpt
00003420   _enableIRQ_EDMA
00003640   _stopEdma
000037ec   _DSK6713_init
00003b08   _DSK6713_rget
00003b1c   _DSK6713_rset
00003b30   _DSK6713_wait
00003b88   _DSK6713_waitusec
00003bb4   _DSK6713_getVersion
00004040   _DownloadCommand
000040b4   _AnalyzeCommands
00004144   _CommandEngine
00004240   _RemoveCompletedCommand
000042b0   _ProcessReceivedData
00004320   _CopyString
00004384   _Copy16Bit
00004398   _CopyAllMeasurement
00004400   _Enc_ReadEnc
00004c40   _DAC_Prepare_Frame
00004db0   _DAC_Update_Channel_To_Send
00004dcc   _DAC_Prepare_EDMA
00004ee0   _DAC_Fill_Values_With_Zeros
00004f34   _PrintfDACTransferInfo
00005000   __divull
00005380   _free
00005dc0   _Encoder_Unfresh
00005dd4   _Encoder_Are_Bytes_Fresh
00005e28   _Encoder_Compute_Value
00005ea4   _Encoder_Fill_With_Zeros
00005f20   _Enc_Refresh_Bytes
00005f60   _Enc_Are_Both_Enc_Fresh
00005fd4   _Enc_Compute_Values
0000601c   _Enc_Unfresh_All
00006068   _Enc_Fill_With_Zeros
00006420   _ADC_Are_All_Channels_Fresh
000064ac   _ADC_Unfresh
000064c8   _ADC_Get_Channel_Num
000064d4   _ADC_Fill_Measurement_Struct
000065b8   _ADC_Fill_Measurement_With_Zeros
0000662c   _ADC_Collect_EDMA
00006678   _ADC_Show_Measurement
000069a0   _setvbuf
00006f00   _fputc
00006f00   _putc
000071a0   _EDMA_open
00007400   __divul
000078a0   _malloc
00007ae0   _memcpy
00007d20   _HOSTrename
00007f40   _EDMA_allocTable
00008140   _I2C_PrepareMasterConfigStruct
000081b4   _I2C_PrepareSlaveConfigStruct
00008218   _I2C_InterruptsRoutine
000082f8   _I2C_Send_Polling
00008320   _I2C_open
00008400   _vectors
00008420   _vector1
00008440   _vector2
00008460   _vector3
00008480   _vector4
000084a0   _vector5
000084c0   _vector6
000084e0   _vector7
00008540   _vector10
00008560   _vector11
00008580   _vector12
000085a0   _vector13
000085c0   _vector14
000085e0   _vector15
000087e0   _DSK6713_LED_init
00008820   _DSK6713_LED_off
00008890   _DSK6713_LED_on
00008900   _DSK6713_LED_toggle
000089c0   __CSL_init
00008b80   _fseek
00008d40   _I2C_reset
00008ee0   _IRQ_map
000093c0   _EDMA_resetAll
00009540   _MCBSP_reset
000096c0   _HOSTlseek
00009820   _TIMER_open
00009980   __closefile
00009ae0   _setupIRQ
00009bd0   _enableIRQ
00009c20   _HOSTread
00009d60   __frcmpyd_div
00009ea0   __c6xabi_strasgi
00009ea0   __strasgi
00009fe0   _atoi
0000a120   _ltoa
0000a260   _EDMA_reset
0000a380   _HOSTopen
0000a4a0   _HOSTwrite
0000a5c0   _TIMER_reset
0000a6e0   __wrt_ok
0000a800   _close
0000a920   _memset
0000ab60   _HOSTclose
0000ac60   _HOSTunlink
0000ad60   _MCBSP_start
0000ae60   __auto_init
0000b060   __divli
0000b260   _lseek
0000b360   _printf
0000b460   _write
0000b560   _MCBSP_open
0000b640   __cleanup
0000b720   __doflush
0000b9c0   __strasg
0000baa0   _exit
0000bd40   _EDMA_clearPram
0000be00   _EDMA_close
0000bec0   __c6xabi_divu
0000bec0   __divu
0000bf80   _copy_in
0000c1c0   _MCBSP_close
0000c260   __fixdli
0000c300   __mpyll
0000c3a0   __remli
0000c440   _readmsg
0000c580   _unlink
0000c620   _writemsg
0000c698   C$$IO$$
0000c6c0   _Polling_Transmit
0000c6f4   _Polling_Single_Receive
0000c740   _EDMA_freeTable
0000c7c0   __IRQ_init
0000c840   ___TI_cpp_init
0000c8c0   __fltlid
0000c940   __llshl
0000c9c0   _c_int00
0000ca40   _memccpy
0000cac0   _DSK6713_DIP_init
0000cac8   _DSK6713_DIP_get
0000cb40   _EDMA_disableChannel
0000cba0   _EDMA_enableChannel
0000cc00   ___isinf
0000cc60   __fltif
0000ccc0   __llshru
0000cd20   __subcull
0000cdc0   __args_main
0000ce00   _CPLD_WriteMisc
0000ce20   _CSL6713_LIB_
0000ce40   _IRQ_setVecs
0000ce60   __addf
0000ce80   __mpyf
0000cea0   __negll
0000cec0   __nop
0000cf20   C$$EXIT
0000cf20   _abort
0000cf40   _remove
0000cf60   __IRQ_hookFetchPacket
0000cfa0   ___etext__
0000cfa0   __stack
0000cfa0   etext
0000d7a0   __STACK_END
0000d7a0   ___cinit__
0000d7a0   cinit
0000df0c   __ftable
0000e0ec   __tmpnams
0000e22c   __ft_end
0000e374   __IRQ_eventTable
0000e3f8   __IRQ_intTable
0000e438   __IRQ_dispatchTable
0000e488   _EncMeasurement
0000e502   _DSK6713_version
0000e518   _tccAllocTable
0000e588   __MCBSP_hDev0
0000e58c   __MCBSP_hDev1
0000e5e0   __TIMER_deviceTable
0000e5f8   __TIMER_hDev0
0000e5fc   __TIMER_hDev1
0000e600   __TIMER_hBios
0000e614   __cleanup_ptr
0000e618   __dtors_ptr
0000e61c   ___TI_enable_exit_profile_output
0000e620   __lock
0000e624   __unlock
00010000   .data
00010000   ___data__
00010000   ___edata__
00010000   __sys_memory
00010000   edata
00010400   __ctypes_
00010654   __CIOBUF_
00010774   $bss
00010774   .bss
00010774   ___bss__
000107f0   _ADCCounter
000107f4   _pEncMeasurement
000107f8   _fstart
000107fc   _digital_output
00010800   _ce2
00010804   _WzmocnienieRegulatoraP
00010808   _WzmocnienieCalki
00010820   _Ch0_Counter
00010824   _Ch1_Counter
00010828   _Ch2_Counter
0001082c   _Ch3_Counter
00010830   _Ch_Error_Counter
0001084c   _WelcomeStringLength
00010850   ___end__
00010850   end
ffffffff   ___TI_pprof_out_hndl
ffffffff   ___TI_prof_data_size
ffffffff   ___TI_prof_data_start
ffffffff   ___binit__
ffffffff   ___c_args__
ffffffff   ___pinit__
ffffffff   binit
ffffffff   pinit

[237 symbols]
