<?xml version="1.0"?>
<link_info>
   <banner>TMS320C6x Linker PC v7.4.4</banner>
   <copyright>Copyright (c) 1996-2013 Texas Instruments Incorporated</copyright>
   <link_time>0x54af94a5</link_time>
   <output_file>mcbsp1.out</output_file>
   <entry_point>
      <name>_c_int00</name>
      <address>0xc9c0</address>
   </entry_point>
   <input_file_list>
      <input_file id="fl-2">
         <path>.\</path>
         <kind>object</kind>
         <file>vecs_irq.obj</file>
         <name>vecs_irq.obj</name>
      </input_file>
      <input_file id="fl-3">
         <path>.\</path>
         <kind>object</kind>
         <file>timer.obj</file>
         <name>timer.obj</name>
      </input_file>
      <input_file id="fl-4">
         <path>.\</path>
         <kind>object</kind>
         <file>main.obj</file>
         <name>main.obj</name>
      </input_file>
      <input_file id="fl-5">
         <path>.\</path>
         <kind>object</kind>
         <file>enkoder.obj</file>
         <name>enkoder.obj</name>
      </input_file>
      <input_file id="fl-6">
         <path>.\</path>
         <kind>object</kind>
         <file>McBSP_Utility.obj</file>
         <name>McBSP_Utility.obj</name>
      </input_file>
      <input_file id="fl-7">
         <path>.\</path>
         <kind>object</kind>
         <file>MainLoop_Helper.obj</file>
         <name>MainLoop_Helper.obj</name>
      </input_file>
      <input_file id="fl-8">
         <path>.\</path>
         <kind>object</kind>
         <file>IRQ_Utility.obj</file>
         <name>IRQ_Utility.obj</name>
      </input_file>
      <input_file id="fl-9">
         <path>.\</path>
         <kind>object</kind>
         <file>I2C_Utility.obj</file>
         <name>I2C_Utility.obj</name>
      </input_file>
      <input_file id="fl-a">
         <path>.\</path>
         <kind>object</kind>
         <file>EDMA_Utility.obj</file>
         <name>EDMA_Utility.obj</name>
      </input_file>
      <input_file id="fl-b">
         <path>.\</path>
         <kind>object</kind>
         <file>DAC7716.obj</file>
         <name>DAC7716.obj</name>
      </input_file>
      <input_file id="fl-c">
         <path>.\</path>
         <kind>object</kind>
         <file>Command_Utility.obj</file>
         <name>Command_Utility.obj</name>
      </input_file>
      <input_file id="fl-d">
         <path>.\</path>
         <kind>object</kind>
         <file>CPLD.obj</file>
         <name>CPLD.obj</name>
      </input_file>
      <input_file id="fl-e">
         <path>.\</path>
         <kind>object</kind>
         <file>ADC8361.obj</file>
         <name>ADC8361.obj</name>
      </input_file>
      <input_file id="fl-14">
         <path>C:\ti\ccsv5\tools\compiler\c6000_7.4.4\lib\</path>
         <kind>archive</kind>
         <file>dsk6713bsl.lib</file>
         <name>dsk6713.obj</name>
      </input_file>
      <input_file id="fl-15">
         <path>C:\ti\ccsv5\tools\compiler\c6000_7.4.4\lib\</path>
         <kind>archive</kind>
         <file>dsk6713bsl.lib</file>
         <name>dsk6713_dip.obj</name>
      </input_file>
      <input_file id="fl-16">
         <path>C:\ti\ccsv5\tools\compiler\c6000_7.4.4\lib\</path>
         <kind>archive</kind>
         <file>dsk6713bsl.lib</file>
         <name>dsk6713_led.obj</name>
      </input_file>
      <input_file id="fl-17">
         <path>C:\ti\ccsv5\tools\compiler\c6000_7.4.4\lib\</path>
         <kind>archive</kind>
         <file>csl6713.lib</file>
         <name>csl.obj</name>
      </input_file>
      <input_file id="fl-18">
         <path>C:\ti\ccsv5\tools\compiler\c6000_7.4.4\lib\</path>
         <kind>archive</kind>
         <file>csl6713.lib</file>
         <name>csl_edma.obj</name>
      </input_file>
      <input_file id="fl-19">
         <path>C:\ti\ccsv5\tools\compiler\c6000_7.4.4\lib\</path>
         <kind>archive</kind>
         <file>csl6713.lib</file>
         <name>csl_i2c.obj</name>
      </input_file>
      <input_file id="fl-1a">
         <path>C:\ti\ccsv5\tools\compiler\c6000_7.4.4\lib\</path>
         <kind>archive</kind>
         <file>csl6713.lib</file>
         <name>csl_irq.obj</name>
      </input_file>
      <input_file id="fl-1b">
         <path>C:\ti\ccsv5\tools\compiler\c6000_7.4.4\lib\</path>
         <kind>archive</kind>
         <file>csl6713.lib</file>
         <name>csl_mcbsp.obj</name>
      </input_file>
      <input_file id="fl-1c">
         <path>C:\ti\ccsv5\tools\compiler\c6000_7.4.4\lib\</path>
         <kind>archive</kind>
         <file>csl6713.lib</file>
         <name>csl_timer.obj</name>
      </input_file>
      <input_file id="fl-1d">
         <path>C:\ti\ccsv5\tools\compiler\c6000_7.4.4\lib\</path>
         <kind>archive</kind>
         <file>rts6700.lib</file>
         <name>addf.obj</name>
      </input_file>
      <input_file id="fl-1e">
         <path>C:\ti\ccsv5\tools\compiler\c6000_7.4.4\lib\</path>
         <kind>archive</kind>
         <file>rts6700.lib</file>
         <name>boot.obj</name>
      </input_file>
      <input_file id="fl-1f">
         <path>C:\ti\ccsv5\tools\compiler\c6000_7.4.4\lib\</path>
         <kind>archive</kind>
         <file>rts6700.lib</file>
         <name>exit.obj</name>
      </input_file>
      <input_file id="fl-20">
         <path>C:\ti\ccsv5\tools\compiler\c6000_7.4.4\lib\</path>
         <kind>archive</kind>
         <file>rts6700.lib</file>
         <name>fltif.obj</name>
      </input_file>
      <input_file id="fl-21">
         <path>C:\ti\ccsv5\tools\compiler\c6000_7.4.4\lib\</path>
         <kind>archive</kind>
         <file>rts6700.lib</file>
         <name>memcpy62.obj</name>
      </input_file>
      <input_file id="fl-22">
         <path>C:\ti\ccsv5\tools\compiler\c6000_7.4.4\lib\</path>
         <kind>archive</kind>
         <file>rts6700.lib</file>
         <name>mpyf.obj</name>
      </input_file>
      <input_file id="fl-23">
         <path>C:\ti\ccsv5\tools\compiler\c6000_7.4.4\lib\</path>
         <kind>archive</kind>
         <file>rts6700.lib</file>
         <name>printf.obj</name>
      </input_file>
      <input_file id="fl-24">
         <path>C:\ti\ccsv5\tools\compiler\c6000_7.4.4\lib\</path>
         <kind>archive</kind>
         <file>rts6700.lib</file>
         <name>strasg.obj</name>
      </input_file>
      <input_file id="fl-25">
         <path>C:\ti\ccsv5\tools\compiler\c6000_7.4.4\lib\</path>
         <kind>archive</kind>
         <file>rts6700.lib</file>
         <name>_lock.obj</name>
      </input_file>
      <input_file id="fl-26">
         <path>C:\ti\ccsv5\tools\compiler\c6000_7.4.4\lib\</path>
         <kind>archive</kind>
         <file>rts6700.lib</file>
         <name>_printfi.obj</name>
      </input_file>
      <input_file id="fl-27">
         <path>C:\ti\ccsv5\tools\compiler\c6000_7.4.4\lib\</path>
         <kind>archive</kind>
         <file>rts6700.lib</file>
         <name>args_main.obj</name>
      </input_file>
      <input_file id="fl-28">
         <path>C:\ti\ccsv5\tools\compiler\c6000_7.4.4\lib\</path>
         <kind>archive</kind>
         <file>rts6700.lib</file>
         <name>atoi.obj</name>
      </input_file>
      <input_file id="fl-29">
         <path>C:\ti\ccsv5\tools\compiler\c6000_7.4.4\lib\</path>
         <kind>archive</kind>
         <file>rts6700.lib</file>
         <name>autoinit.obj</name>
      </input_file>
      <input_file id="fl-2a">
         <path>C:\ti\ccsv5\tools\compiler\c6000_7.4.4\lib\</path>
         <kind>archive</kind>
         <file>rts6700.lib</file>
         <name>cpp_init.obj</name>
      </input_file>
      <input_file id="fl-2b">
         <path>C:\ti\ccsv5\tools\compiler\c6000_7.4.4\lib\</path>
         <kind>archive</kind>
         <file>rts6700.lib</file>
         <name>cpy_tbl.obj</name>
      </input_file>
      <input_file id="fl-2c">
         <path>C:\ti\ccsv5\tools\compiler\c6000_7.4.4\lib\</path>
         <kind>archive</kind>
         <file>rts6700.lib</file>
         <name>ctype.obj</name>
      </input_file>
      <input_file id="fl-2d">
         <path>C:\ti\ccsv5\tools\compiler\c6000_7.4.4\lib\</path>
         <kind>archive</kind>
         <file>rts6700.lib</file>
         <name>defs.obj</name>
      </input_file>
      <input_file id="fl-2e">
         <path>C:\ti\ccsv5\tools\compiler\c6000_7.4.4\lib\</path>
         <kind>archive</kind>
         <file>rts6700.lib</file>
         <name>divd.obj</name>
      </input_file>
      <input_file id="fl-2f">
         <path>C:\ti\ccsv5\tools\compiler\c6000_7.4.4\lib\</path>
         <kind>archive</kind>
         <file>rts6700.lib</file>
         <name>divu.obj</name>
      </input_file>
      <input_file id="fl-30">
         <path>C:\ti\ccsv5\tools\compiler\c6000_7.4.4\lib\</path>
         <kind>archive</kind>
         <file>rts6700.lib</file>
         <name>fixdli.obj</name>
      </input_file>
      <input_file id="fl-31">
         <path>C:\ti\ccsv5\tools\compiler\c6000_7.4.4\lib\</path>
         <kind>archive</kind>
         <file>rts6700.lib</file>
         <name>fltlid.obj</name>
      </input_file>
      <input_file id="fl-32">
         <path>C:\ti\ccsv5\tools\compiler\c6000_7.4.4\lib\</path>
         <kind>archive</kind>
         <file>rts6700.lib</file>
         <name>fputc.obj</name>
      </input_file>
      <input_file id="fl-33">
         <path>C:\ti\ccsv5\tools\compiler\c6000_7.4.4\lib\</path>
         <kind>archive</kind>
         <file>rts6700.lib</file>
         <name>fputs.obj</name>
      </input_file>
      <input_file id="fl-34">
         <path>C:\ti\ccsv5\tools\compiler\c6000_7.4.4\lib\</path>
         <kind>archive</kind>
         <file>rts6700.lib</file>
         <name>frcmpyd_div.obj</name>
      </input_file>
      <input_file id="fl-35">
         <path>C:\ti\ccsv5\tools\compiler\c6000_7.4.4\lib\</path>
         <kind>archive</kind>
         <file>rts6700.lib</file>
         <name>imath40.obj</name>
      </input_file>
      <input_file id="fl-36">
         <path>C:\ti\ccsv5\tools\compiler\c6000_7.4.4\lib\</path>
         <kind>archive</kind>
         <file>rts6700.lib</file>
         <name>imath64.obj</name>
      </input_file>
      <input_file id="fl-37">
         <path>C:\ti\ccsv5\tools\compiler\c6000_7.4.4\lib\</path>
         <kind>archive</kind>
         <file>rts6700.lib</file>
         <name>isinf.obj</name>
      </input_file>
      <input_file id="fl-38">
         <path>C:\ti\ccsv5\tools\compiler\c6000_7.4.4\lib\</path>
         <kind>archive</kind>
         <file>rts6700.lib</file>
         <name>llshift.obj</name>
      </input_file>
      <input_file id="fl-39">
         <path>C:\ti\ccsv5\tools\compiler\c6000_7.4.4\lib\</path>
         <kind>archive</kind>
         <file>rts6700.lib</file>
         <name>lowlev.obj</name>
      </input_file>
      <input_file id="fl-3a">
         <path>C:\ti\ccsv5\tools\compiler\c6000_7.4.4\lib\</path>
         <kind>archive</kind>
         <file>rts6700.lib</file>
         <name>ltoa.obj</name>
      </input_file>
      <input_file id="fl-3b">
         <path>C:\ti\ccsv5\tools\compiler\c6000_7.4.4\lib\</path>
         <kind>archive</kind>
         <file>rts6700.lib</file>
         <name>memccpy.obj</name>
      </input_file>
      <input_file id="fl-3c">
         <path>C:\ti\ccsv5\tools\compiler\c6000_7.4.4\lib\</path>
         <kind>archive</kind>
         <file>rts6700.lib</file>
         <name>memset.obj</name>
      </input_file>
      <input_file id="fl-3d">
         <path>C:\ti\ccsv5\tools\compiler\c6000_7.4.4\lib\</path>
         <kind>archive</kind>
         <file>rts6700.lib</file>
         <name>mpyll.obj</name>
      </input_file>
      <input_file id="fl-3e">
         <path>C:\ti\ccsv5\tools\compiler\c6000_7.4.4\lib\</path>
         <kind>archive</kind>
         <file>rts6700.lib</file>
         <name>negll.obj</name>
      </input_file>
      <input_file id="fl-3f">
         <path>C:\ti\ccsv5\tools\compiler\c6000_7.4.4\lib\</path>
         <kind>archive</kind>
         <file>rts6700.lib</file>
         <name>trgdrv.obj</name>
      </input_file>
      <input_file id="fl-40">
         <path>C:\ti\ccsv5\tools\compiler\c6000_7.4.4\lib\</path>
         <kind>archive</kind>
         <file>rts6700.lib</file>
         <name>trgmsg.obj</name>
      </input_file>
      <input_file id="fl-41">
         <path>C:\ti\ccsv5\tools\compiler\c6000_7.4.4\lib\</path>
         <kind>archive</kind>
         <file>rts6700.lib</file>
         <name>_io_perm.obj</name>
      </input_file>
      <input_file id="fl-42">
         <path>C:\ti\ccsv5\tools\compiler\c6000_7.4.4\lib\</path>
         <kind>archive</kind>
         <file>rts6700.lib</file>
         <name>abs.obj</name>
      </input_file>
      <input_file id="fl-43">
         <path>C:\ti\ccsv5\tools\compiler\c6000_7.4.4\lib\</path>
         <kind>archive</kind>
         <file>rts6700.lib</file>
         <name>fflush.obj</name>
      </input_file>
      <input_file id="fl-44">
         <path>C:\ti\ccsv5\tools\compiler\c6000_7.4.4\lib\</path>
         <kind>archive</kind>
         <file>rts6700.lib</file>
         <name>fseek.obj</name>
      </input_file>
      <input_file id="fl-45">
         <path>C:\ti\ccsv5\tools\compiler\c6000_7.4.4\lib\</path>
         <kind>archive</kind>
         <file>rts6700.lib</file>
         <name>setvbuf.obj</name>
      </input_file>
      <input_file id="fl-46">
         <path>C:\ti\ccsv5\tools\compiler\c6000_7.4.4\lib\</path>
         <kind>archive</kind>
         <file>rts6700.lib</file>
         <name>fopen.obj</name>
      </input_file>
      <input_file id="fl-47">
         <path>C:\ti\ccsv5\tools\compiler\c6000_7.4.4\lib\</path>
         <kind>archive</kind>
         <file>rts6700.lib</file>
         <name>memory.obj</name>
      </input_file>
      <input_file id="fl-48">
         <path>C:\ti\ccsv5\tools\compiler\c6000_7.4.4\lib\</path>
         <kind>archive</kind>
         <file>rts6700.lib</file>
         <name>fclose.obj</name>
      </input_file>
      <input_file id="fl-49">
         <path>C:\ti\ccsv5\tools\compiler\c6000_7.4.4\lib\</path>
         <kind>archive</kind>
         <file>rts6700.lib</file>
         <name>remove.obj</name>
      </input_file>
   </input_file_list>
   <object_component_list>
      <object_component id="oc-119">
         <name>.text</name>
         <load_address>0x0</load_address>
         <run_address>0x0</run_address>
         <size>0x840</size>
         <input_file_ref idref="fl-4"/>
      </object_component>
      <object_component id="oc-175">
         <name>.text:__divd</name>
         <load_address>0x840</load_address>
         <run_address>0x840</run_address>
         <size>0x720</size>
         <input_file_ref idref="fl-2e"/>
      </object_component>
      <object_component id="oc-169">
         <name>.text:__getarg_diouxp</name>
         <load_address>0xf60</load_address>
         <run_address>0xf60</run_address>
         <size>0x6c0</size>
         <input_file_ref idref="fl-26"/>
      </object_component>
      <object_component id="oc-12d">
         <name>.text</name>
         <load_address>0x1620</load_address>
         <run_address>0x1620</run_address>
         <size>0x680</size>
         <input_file_ref idref="fl-7"/>
      </object_component>
      <object_component id="oc-152">
         <name>.text:__setfield</name>
         <load_address>0x1ca0</load_address>
         <run_address>0x1ca0</run_address>
         <size>0x640</size>
         <input_file_ref idref="fl-26"/>
      </object_component>
      <object_component id="oc-1f">
         <name>.text:retain</name>
         <load_address>0x22e0</load_address>
         <run_address>0x22e0</run_address>
         <size>0x620</size>
         <input_file_ref idref="fl-4"/>
      </object_component>
      <object_component id="oc-13e">
         <name>.text:__printfi</name>
         <load_address>0x2900</load_address>
         <run_address>0x2900</run_address>
         <size>0x560</size>
         <input_file_ref idref="fl-26"/>
      </object_component>
      <object_component id="oc-14e">
         <name>.text:_fputs</name>
         <load_address>0x2e60</load_address>
         <run_address>0x2e60</run_address>
         <size>0x4c0</size>
         <input_file_ref idref="fl-33"/>
      </object_component>
      <object_component id="oc-138">
         <name>.text</name>
         <load_address>0x3320</load_address>
         <run_address>0x3320</run_address>
         <size>0x480</size>
         <input_file_ref idref="fl-a"/>
      </object_component>
      <object_component id="oc-5a">
         <name>.text</name>
         <load_address>0x37a0</load_address>
         <run_address>0x37a0</run_address>
         <size>0x480</size>
         <input_file_ref idref="fl-14"/>
      </object_component>
      <object_component id="oc-173">
         <name>.text:_fcvt</name>
         <load_address>0x3c20</load_address>
         <run_address>0x3c20</run_address>
         <size>0x420</size>
         <input_file_ref idref="fl-26"/>
      </object_component>
      <object_component id="oc-118">
         <name>.text</name>
         <load_address>0x4040</load_address>
         <run_address>0x4040</run_address>
         <size>0x400</size>
         <input_file_ref idref="fl-c"/>
      </object_component>
      <object_component id="oc-15d">
         <name>.text:__pproc_fge</name>
         <load_address>0x4440</load_address>
         <run_address>0x4440</run_address>
         <size>0x400</size>
         <input_file_ref idref="fl-26"/>
      </object_component>
      <object_component id="oc-170">
         <name>.text:_ecvt</name>
         <load_address>0x4840</load_address>
         <run_address>0x4840</run_address>
         <size>0x400</size>
         <input_file_ref idref="fl-26"/>
      </object_component>
      <object_component id="oc-116">
         <name>.text</name>
         <load_address>0x4c40</load_address>
         <run_address>0x4c40</run_address>
         <size>0x3c0</size>
         <input_file_ref idref="fl-b"/>
      </object_component>
      <object_component id="oc-182">
         <name>.text:__divull</name>
         <load_address>0x5000</load_address>
         <run_address>0x5000</run_address>
         <size>0x380</size>
         <input_file_ref idref="fl-36"/>
      </object_component>
      <object_component id="oc-16d">
         <name>.text:_free</name>
         <load_address>0x5380</load_address>
         <run_address>0x5380</run_address>
         <size>0x380</size>
         <input_file_ref idref="fl-47"/>
      </object_component>
      <object_component id="oc-168">
         <name>.text:__pconv_e</name>
         <load_address>0x5700</load_address>
         <run_address>0x5700</run_address>
         <size>0x360</size>
         <input_file_ref idref="fl-26"/>
      </object_component>
      <object_component id="oc-151">
         <name>.text:__pproc_fwp</name>
         <load_address>0x5a60</load_address>
         <run_address>0x5a60</run_address>
         <size>0x360</size>
         <input_file_ref idref="fl-26"/>
      </object_component>
      <object_component id="oc-12b">
         <name>.text</name>
         <load_address>0x5dc0</load_address>
         <run_address>0x5dc0</run_address>
         <size>0x360</size>
         <input_file_ref idref="fl-5"/>
      </object_component>
      <object_component id="oc-15e">
         <name>.text:__pproc_diouxp</name>
         <load_address>0x6120</load_address>
         <run_address>0x6120</run_address>
         <size>0x300</size>
         <input_file_ref idref="fl-26"/>
      </object_component>
      <object_component id="oc-132">
         <name>.text</name>
         <load_address>0x6420</load_address>
         <run_address>0x6420</run_address>
         <size>0x2c0</size>
         <input_file_ref idref="fl-e"/>
      </object_component>
      <object_component id="oc-153">
         <name>.text:__pproc_str</name>
         <load_address>0x66e0</load_address>
         <run_address>0x66e0</run_address>
         <size>0x2c0</size>
         <input_file_ref idref="fl-26"/>
      </object_component>
      <object_component id="oc-162">
         <name>.text:_setvbuf</name>
         <load_address>0x69a0</load_address>
         <run_address>0x69a0</run_address>
         <size>0x2c0</size>
         <input_file_ref idref="fl-45"/>
      </object_component>
      <object_component id="oc-166">
         <name>.text:__pconv_g</name>
         <load_address>0x6c60</load_address>
         <run_address>0x6c60</run_address>
         <size>0x2a0</size>
         <input_file_ref idref="fl-26"/>
      </object_component>
      <object_component id="oc-14f">
         <name>.text:_fputc</name>
         <load_address>0x6f00</load_address>
         <run_address>0x6f00</run_address>
         <size>0x2a0</size>
         <input_file_ref idref="fl-32"/>
      </object_component>
      <object_component id="oc-136">
         <name>.text:_EDMA_open</name>
         <load_address>0x71a0</load_address>
         <run_address>0x71a0</run_address>
         <size>0x260</size>
         <input_file_ref idref="fl-18"/>
      </object_component>
      <object_component id="oc-181">
         <name>.text:__divul</name>
         <load_address>0x7400</load_address>
         <run_address>0x7400</run_address>
         <size>0x260</size>
         <input_file_ref idref="fl-35"/>
      </object_component>
      <object_component id="oc-172">
         <name>.text:__mcpy</name>
         <load_address>0x7660</load_address>
         <run_address>0x7660</run_address>
         <size>0x240</size>
         <input_file_ref idref="fl-26"/>
      </object_component>
      <object_component id="oc-16e">
         <name>.text:_malloc</name>
         <load_address>0x78a0</load_address>
         <run_address>0x78a0</run_address>
         <size>0x240</size>
         <input_file_ref idref="fl-47"/>
      </object_component>
      <object_component id="oc-124">
         <name>.text:_memcpy</name>
         <load_address>0x7ae0</load_address>
         <run_address>0x7ae0</run_address>
         <size>0x240</size>
         <input_file_ref idref="fl-21"/>
      </object_component>
      <object_component id="oc-122">
         <name>.text:_HOSTrename</name>
         <load_address>0x7d20</load_address>
         <run_address>0x7d20</run_address>
         <size>0x220</size>
         <input_file_ref idref="fl-3f"/>
      </object_component>
      <object_component id="oc-137">
         <name>.text:_EDMA_allocTable</name>
         <load_address>0x7f40</load_address>
         <run_address>0x7f40</run_address>
         <size>0x200</size>
         <input_file_ref idref="fl-18"/>
      </object_component>
      <object_component id="oc-117">
         <name>.text</name>
         <load_address>0x8140</load_address>
         <run_address>0x8140</run_address>
         <size>0x1e0</size>
         <input_file_ref idref="fl-9"/>
      </object_component>
      <object_component id="oc-131">
         <name>.text:_I2C_open</name>
         <load_address>0x8320</load_address>
         <run_address>0x8320</run_address>
         <size>0xe0</size>
         <input_file_ref idref="fl-19"/>
      </object_component>
      <object_component id="oc-10">
         <name>.text:vecs</name>
         <load_address>0x8400</load_address>
         <run_address>0x8400</run_address>
         <size>0x200</size>
         <input_file_ref idref="fl-2"/>
      </object_component>
      <object_component id="oc-18a">
         <name>.text:_getdevice</name>
         <load_address>0x8600</load_address>
         <run_address>0x8600</run_address>
         <size>0x1e0</size>
         <input_file_ref idref="fl-39"/>
      </object_component>
      <object_component id="oc-64">
         <name>.text</name>
         <load_address>0x87e0</load_address>
         <run_address>0x87e0</run_address>
         <size>0x1e0</size>
         <input_file_ref idref="fl-16"/>
      </object_component>
      <object_component id="oc-12f">
         <name>.text:__CSL_init</name>
         <load_address>0x89c0</load_address>
         <run_address>0x89c0</run_address>
         <size>0x1c0</size>
         <input_file_ref idref="fl-17"/>
      </object_component>
      <object_component id="oc-161">
         <name>.text:_fseek</name>
         <load_address>0x8b80</load_address>
         <run_address>0x8b80</run_address>
         <size>0x1c0</size>
         <input_file_ref idref="fl-44"/>
      </object_component>
      <object_component id="oc-145">
         <name>.text:_I2C_reset</name>
         <load_address>0x8d40</load_address>
         <run_address>0x8d40</run_address>
         <size>0x1a0</size>
         <input_file_ref idref="fl-19"/>
      </object_component>
      <object_component id="oc-147">
         <name>.text:_IRQ_map</name>
         <load_address>0x8ee0</load_address>
         <run_address>0x8ee0</run_address>
         <size>0x1a0</size>
         <input_file_ref idref="fl-1a"/>
      </object_component>
      <object_component id="oc-16b">
         <name>.text:__ltostr</name>
         <load_address>0x9080</load_address>
         <run_address>0x9080</run_address>
         <size>0x1a0</size>
         <input_file_ref idref="fl-26"/>
      </object_component>
      <object_component id="oc-150">
         <name>.text:__pproc_fflags</name>
         <load_address>0x9220</load_address>
         <run_address>0x9220</run_address>
         <size>0x1a0</size>
         <input_file_ref idref="fl-26"/>
      </object_component>
      <object_component id="oc-14c">
         <name>.text:_EDMA_resetAll</name>
         <load_address>0x93c0</load_address>
         <run_address>0x93c0</run_address>
         <size>0x180</size>
         <input_file_ref idref="fl-18"/>
      </object_component>
      <object_component id="oc-148">
         <name>.text:_MCBSP_reset</name>
         <load_address>0x9540</load_address>
         <run_address>0x9540</run_address>
         <size>0x180</size>
         <input_file_ref idref="fl-1b"/>
      </object_component>
      <object_component id="oc-120">
         <name>.text:_HOSTlseek</name>
         <load_address>0x96c0</load_address>
         <run_address>0x96c0</run_address>
         <size>0x160</size>
         <input_file_ref idref="fl-3f"/>
      </object_component>
      <object_component id="oc-144">
         <name>.text:_TIMER_open</name>
         <load_address>0x9820</load_address>
         <run_address>0x9820</run_address>
         <size>0x160</size>
         <input_file_ref idref="fl-1c"/>
      </object_component>
      <object_component id="oc-17a">
         <name>.text:__closefile</name>
         <load_address>0x9980</load_address>
         <run_address>0x9980</run_address>
         <size>0x160</size>
         <input_file_ref idref="fl-48"/>
      </object_component>
      <object_component id="oc-133">
         <name>.text</name>
         <load_address>0x9ae0</load_address>
         <run_address>0x9ae0</run_address>
         <size>0x140</size>
         <input_file_ref idref="fl-8"/>
      </object_component>
      <object_component id="oc-11e">
         <name>.text:_HOSTread</name>
         <load_address>0x9c20</load_address>
         <run_address>0x9c20</run_address>
         <size>0x140</size>
         <input_file_ref idref="fl-3f"/>
      </object_component>
      <object_component id="oc-17f">
         <name>.text:__frcmpyd_div</name>
         <load_address>0x9d60</load_address>
         <run_address>0x9d60</run_address>
         <size>0x140</size>
         <input_file_ref idref="fl-34"/>
      </object_component>
      <object_component id="oc-129">
         <name>.text:__strasgi</name>
         <load_address>0x9ea0</load_address>
         <run_address>0x9ea0</run_address>
         <size>0x140</size>
         <input_file_ref idref="fl-24"/>
      </object_component>
      <object_component id="oc-15c">
         <name>.text:_atoi</name>
         <load_address>0x9fe0</load_address>
         <run_address>0x9fe0</run_address>
         <size>0x140</size>
         <input_file_ref idref="fl-28"/>
      </object_component>
      <object_component id="oc-17c">
         <name>.text:_ltoa</name>
         <load_address>0xa120</load_address>
         <run_address>0xa120</run_address>
         <size>0x140</size>
         <input_file_ref idref="fl-3a"/>
      </object_component>
      <object_component id="oc-149">
         <name>.text:_EDMA_reset</name>
         <load_address>0xa260</load_address>
         <run_address>0xa260</run_address>
         <size>0x120</size>
         <input_file_ref idref="fl-18"/>
      </object_component>
      <object_component id="oc-11c">
         <name>.text:_HOSTopen</name>
         <load_address>0xa380</load_address>
         <run_address>0xa380</run_address>
         <size>0x120</size>
         <input_file_ref idref="fl-3f"/>
      </object_component>
      <object_component id="oc-11f">
         <name>.text:_HOSTwrite</name>
         <load_address>0xa4a0</load_address>
         <run_address>0xa4a0</run_address>
         <size>0x120</size>
         <input_file_ref idref="fl-3f"/>
      </object_component>
      <object_component id="oc-155">
         <name>.text:_TIMER_reset</name>
         <load_address>0xa5c0</load_address>
         <run_address>0xa5c0</run_address>
         <size>0x120</size>
         <input_file_ref idref="fl-1c"/>
      </object_component>
      <object_component id="oc-158">
         <name>.text:__wrt_ok</name>
         <load_address>0xa6e0</load_address>
         <run_address>0xa6e0</run_address>
         <size>0x120</size>
         <input_file_ref idref="fl-41"/>
      </object_component>
      <object_component id="oc-183">
         <name>.text:_close</name>
         <load_address>0xa800</load_address>
         <run_address>0xa800</run_address>
         <size>0x120</size>
         <input_file_ref idref="fl-39"/>
      </object_component>
      <object_component id="oc-15b">
         <name>.text:_memset</name>
         <load_address>0xa920</load_address>
         <run_address>0xa920</run_address>
         <size>0x120</size>
         <input_file_ref idref="fl-3c"/>
      </object_component>
      <object_component id="oc-154">
         <name>.text:_mux2Tables</name>
         <load_address>0xaa40</load_address>
         <run_address>0xaa40</run_address>
         <size>0x120</size>
         <input_file_ref idref="fl-1a"/>
      </object_component>
      <object_component id="oc-11d">
         <name>.text:_HOSTclose</name>
         <load_address>0xab60</load_address>
         <run_address>0xab60</run_address>
         <size>0x100</size>
         <input_file_ref idref="fl-3f"/>
      </object_component>
      <object_component id="oc-121">
         <name>.text:_HOSTunlink</name>
         <load_address>0xac60</load_address>
         <run_address>0xac60</run_address>
         <size>0x100</size>
         <input_file_ref idref="fl-3f"/>
      </object_component>
      <object_component id="oc-139">
         <name>.text:_MCBSP_start</name>
         <load_address>0xad60</load_address>
         <run_address>0xad60</run_address>
         <size>0x100</size>
         <input_file_ref idref="fl-1b"/>
      </object_component>
      <object_component id="oc-113">
         <name>.text:__auto_init</name>
         <load_address>0xae60</load_address>
         <run_address>0xae60</run_address>
         <size>0x100</size>
         <input_file_ref idref="fl-29"/>
      </object_component>
      <object_component id="oc-176">
         <name>.text:__div</name>
         <load_address>0xaf60</load_address>
         <run_address>0xaf60</run_address>
         <size>0x100</size>
         <input_file_ref idref="fl-26"/>
      </object_component>
      <object_component id="oc-186">
         <name>.text:__divli</name>
         <load_address>0xb060</load_address>
         <run_address>0xb060</run_address>
         <size>0x100</size>
         <input_file_ref idref="fl-35"/>
      </object_component>
      <object_component id="oc-167">
         <name>.text:__pconv_f</name>
         <load_address>0xb160</load_address>
         <run_address>0xb160</run_address>
         <size>0x100</size>
         <input_file_ref idref="fl-26"/>
      </object_component>
      <object_component id="oc-16c">
         <name>.text:_lseek</name>
         <load_address>0xb260</load_address>
         <run_address>0xb260</run_address>
         <size>0x100</size>
         <input_file_ref idref="fl-39"/>
      </object_component>
      <object_component id="oc-128">
         <name>.text:_printf</name>
         <load_address>0xb360</load_address>
         <run_address>0xb360</run_address>
         <size>0x100</size>
         <input_file_ref idref="fl-23"/>
      </object_component>
      <object_component id="oc-15a">
         <name>.text:_write</name>
         <load_address>0xb460</load_address>
         <run_address>0xb460</run_address>
         <size>0x100</size>
         <input_file_ref idref="fl-39"/>
      </object_component>
      <object_component id="oc-134">
         <name>.text:_MCBSP_open</name>
         <load_address>0xb560</load_address>
         <run_address>0xb560</run_address>
         <size>0xe0</size>
         <input_file_ref idref="fl-1b"/>
      </object_component>
      <object_component id="oc-16f">
         <name>.text:__cleanup</name>
         <load_address>0xb640</load_address>
         <run_address>0xb640</run_address>
         <size>0xe0</size>
         <input_file_ref idref="fl-46"/>
      </object_component>
      <object_component id="oc-159">
         <name>.text:__doflush</name>
         <load_address>0xb720</load_address>
         <run_address>0xb720</run_address>
         <size>0xe0</size>
         <input_file_ref idref="fl-43"/>
      </object_component>
      <object_component id="oc-171">
         <name>.text:__ecpy</name>
         <load_address>0xb800</load_address>
         <run_address>0xb800</run_address>
         <size>0xe0</size>
         <input_file_ref idref="fl-26"/>
      </object_component>
      <object_component id="oc-174">
         <name>.text:__fcpy</name>
         <load_address>0xb8e0</load_address>
         <run_address>0xb8e0</run_address>
         <size>0xe0</size>
         <input_file_ref idref="fl-26"/>
      </object_component>
      <object_component id="oc-11a">
         <name>.text:__strasg</name>
         <load_address>0xb9c0</load_address>
         <run_address>0xb9c0</run_address>
         <size>0xe0</size>
         <input_file_ref idref="fl-24"/>
      </object_component>
      <object_component id="oc-115">
         <name>.text:_exit</name>
         <load_address>0xbaa0</load_address>
         <run_address>0xbaa0</run_address>
         <size>0xe0</size>
         <input_file_ref idref="fl-1f"/>
      </object_component>
      <object_component id="oc-179">
         <name>.text:_minsert</name>
         <load_address>0xbb80</load_address>
         <run_address>0xbb80</run_address>
         <size>0xe0</size>
         <input_file_ref idref="fl-47"/>
      </object_component>
      <object_component id="oc-178">
         <name>.text:_mremove</name>
         <load_address>0xbc60</load_address>
         <run_address>0xbc60</run_address>
         <size>0xe0</size>
         <input_file_ref idref="fl-47"/>
      </object_component>
      <object_component id="oc-135">
         <name>.text:_EDMA_clearPram</name>
         <load_address>0xbd40</load_address>
         <run_address>0xbd40</run_address>
         <size>0xc0</size>
         <input_file_ref idref="fl-18"/>
      </object_component>
      <object_component id="oc-14b">
         <name>.text:_EDMA_close</name>
         <load_address>0xbe00</load_address>
         <run_address>0xbe00</run_address>
         <size>0xc0</size>
         <input_file_ref idref="fl-18"/>
      </object_component>
      <object_component id="oc-180">
         <name>.text:__divu</name>
         <load_address>0xbec0</load_address>
         <run_address>0xbec0</run_address>
         <size>0xc0</size>
         <input_file_ref idref="fl-2f"/>
      </object_component>
      <object_component id="oc-123">
         <name>.text:_copy_in</name>
         <load_address>0xbf80</load_address>
         <run_address>0xbf80</run_address>
         <size>0xc0</size>
         <input_file_ref idref="fl-2b"/>
      </object_component>
      <object_component id="oc-18b">
         <name>.text:_finddevice</name>
         <load_address>0xc040</load_address>
         <run_address>0xc040</run_address>
         <size>0xc0</size>
         <input_file_ref idref="fl-39"/>
      </object_component>
      <object_component id="oc-160">
         <name>.text:_getMux</name>
         <load_address>0xc100</load_address>
         <run_address>0xc100</run_address>
         <size>0xc0</size>
         <input_file_ref idref="fl-1a"/>
      </object_component>
      <object_component id="oc-13f">
         <name>.text:_MCBSP_close</name>
         <load_address>0xc1c0</load_address>
         <run_address>0xc1c0</run_address>
         <size>0xa0</size>
         <input_file_ref idref="fl-1b"/>
      </object_component>
      <object_component id="oc-17b">
         <name>.text:__fixdli</name>
         <load_address>0xc260</load_address>
         <run_address>0xc260</run_address>
         <size>0xa0</size>
         <input_file_ref idref="fl-30"/>
      </object_component>
      <object_component id="oc-177">
         <name>.text:__mpyll</name>
         <load_address>0xc300</load_address>
         <run_address>0xc300</run_address>
         <size>0xa0</size>
         <input_file_ref idref="fl-3d"/>
      </object_component>
      <object_component id="oc-185">
         <name>.text:__remli</name>
         <load_address>0xc3a0</load_address>
         <run_address>0xc3a0</run_address>
         <size>0xa0</size>
         <input_file_ref idref="fl-35"/>
      </object_component>
      <object_component id="oc-13b">
         <name>.text:_readmsg</name>
         <load_address>0xc440</load_address>
         <run_address>0xc440</run_address>
         <size>0xa0</size>
         <input_file_ref idref="fl-40"/>
      </object_component>
      <object_component id="oc-156">
         <name>.text:_setMux</name>
         <load_address>0xc4e0</load_address>
         <run_address>0xc4e0</run_address>
         <size>0xa0</size>
         <input_file_ref idref="fl-1a"/>
      </object_component>
      <object_component id="oc-189">
         <name>.text:_unlink</name>
         <load_address>0xc580</load_address>
         <run_address>0xc580</run_address>
         <size>0xa0</size>
         <input_file_ref idref="fl-39"/>
      </object_component>
      <object_component id="oc-13a">
         <name>.text:_writemsg</name>
         <load_address>0xc620</load_address>
         <run_address>0xc620</run_address>
         <size>0xa0</size>
         <input_file_ref idref="fl-40"/>
      </object_component>
      <object_component id="oc-12c">
         <name>.text</name>
         <load_address>0xc6c0</load_address>
         <run_address>0xc6c0</run_address>
         <size>0x80</size>
         <input_file_ref idref="fl-6"/>
      </object_component>
      <object_component id="oc-14d">
         <name>.text:_EDMA_freeTable</name>
         <load_address>0xc740</load_address>
         <run_address>0xc740</run_address>
         <size>0x80</size>
         <input_file_ref idref="fl-18"/>
      </object_component>
      <object_component id="oc-143">
         <name>.text:__IRQ_init</name>
         <load_address>0xc7c0</load_address>
         <run_address>0xc7c0</run_address>
         <size>0x80</size>
         <input_file_ref idref="fl-1a"/>
      </object_component>
      <object_component id="oc-125">
         <name>.text:___TI_cpp_init</name>
         <load_address>0xc840</load_address>
         <run_address>0xc840</run_address>
         <size>0x80</size>
         <input_file_ref idref="fl-2a"/>
      </object_component>
      <object_component id="oc-17d">
         <name>.text:__fltlid</name>
         <load_address>0xc8c0</load_address>
         <run_address>0xc8c0</run_address>
         <size>0x80</size>
         <input_file_ref idref="fl-31"/>
      </object_component>
      <object_component id="oc-187">
         <name>.text:__llshl</name>
         <load_address>0xc940</load_address>
         <run_address>0xc940</run_address>
         <size>0x80</size>
         <input_file_ref idref="fl-38"/>
      </object_component>
      <object_component id="oc-e">
         <name>.text:_c_int00</name>
         <load_address>0xc9c0</load_address>
         <run_address>0xc9c0</run_address>
         <size>0x80</size>
         <input_file_ref idref="fl-1e"/>
      </object_component>
      <object_component id="oc-15f">
         <name>.text:_memccpy</name>
         <load_address>0xca40</load_address>
         <run_address>0xca40</run_address>
         <size>0x80</size>
         <input_file_ref idref="fl-3b"/>
      </object_component>
      <object_component id="oc-60">
         <name>.text</name>
         <load_address>0xcac0</load_address>
         <run_address>0xcac0</run_address>
         <size>0x80</size>
         <input_file_ref idref="fl-15"/>
      </object_component>
      <object_component id="oc-157">
         <name>.text:_EDMA_disableChannel</name>
         <load_address>0xcb40</load_address>
         <run_address>0xcb40</run_address>
         <size>0x60</size>
         <input_file_ref idref="fl-18"/>
      </object_component>
      <object_component id="oc-14a">
         <name>.text:_EDMA_enableChannel</name>
         <load_address>0xcba0</load_address>
         <run_address>0xcba0</run_address>
         <size>0x60</size>
         <input_file_ref idref="fl-18"/>
      </object_component>
      <object_component id="oc-165">
         <name>.text:___isinf</name>
         <load_address>0xcc00</load_address>
         <run_address>0xcc00</run_address>
         <size>0x60</size>
         <input_file_ref idref="fl-37"/>
      </object_component>
      <object_component id="oc-140">
         <name>.text:__fltif</name>
         <load_address>0xcc60</load_address>
         <run_address>0xcc60</run_address>
         <size>0x60</size>
         <input_file_ref idref="fl-20"/>
      </object_component>
      <object_component id="oc-17e">
         <name>.text:__llshru</name>
         <load_address>0xccc0</load_address>
         <run_address>0xccc0</run_address>
         <size>0x60</size>
         <input_file_ref idref="fl-38"/>
      </object_component>
      <object_component id="oc-188">
         <name>.text:__subcull</name>
         <load_address>0xcd20</load_address>
         <run_address>0xcd20</run_address>
         <size>0x60</size>
         <input_file_ref idref="fl-36"/>
      </object_component>
      <object_component id="oc-164">
         <name>.text:___isnan</name>
         <load_address>0xcd80</load_address>
         <run_address>0xcd80</run_address>
         <size>0x40</size>
         <input_file_ref idref="fl-26"/>
      </object_component>
      <object_component id="oc-114">
         <name>.text:__args_main</name>
         <load_address>0xcdc0</load_address>
         <run_address>0xcdc0</run_address>
         <size>0x40</size>
         <input_file_ref idref="fl-27"/>
      </object_component>
      <object_component id="oc-130">
         <name>.text</name>
         <load_address>0xce00</load_address>
         <run_address>0xce00</run_address>
         <size>0x20</size>
         <input_file_ref idref="fl-d"/>
      </object_component>
      <object_component id="oc-12e">
         <name>.text:_CSL6713_LIB_</name>
         <load_address>0xce20</load_address>
         <run_address>0xce20</run_address>
         <size>0x20</size>
         <input_file_ref idref="fl-17"/>
      </object_component>
      <object_component id="oc-146">
         <name>.text:_IRQ_setVecs</name>
         <load_address>0xce40</load_address>
         <run_address>0xce40</run_address>
         <size>0x20</size>
         <input_file_ref idref="fl-1a"/>
      </object_component>
      <object_component id="oc-142">
         <name>.text:__addf</name>
         <load_address>0xce60</load_address>
         <run_address>0xce60</run_address>
         <size>0x20</size>
         <input_file_ref idref="fl-1d"/>
      </object_component>
      <object_component id="oc-141">
         <name>.text:__mpyf</name>
         <load_address>0xce80</load_address>
         <run_address>0xce80</run_address>
         <size>0x20</size>
         <input_file_ref idref="fl-22"/>
      </object_component>
      <object_component id="oc-16a">
         <name>.text:__negll</name>
         <load_address>0xcea0</load_address>
         <run_address>0xcea0</run_address>
         <size>0x20</size>
         <input_file_ref idref="fl-3e"/>
      </object_component>
      <object_component id="oc-11b">
         <name>.text:__nop</name>
         <load_address>0xcec0</load_address>
         <run_address>0xcec0</run_address>
         <size>0x20</size>
         <input_file_ref idref="fl-25"/>
      </object_component>
      <object_component id="oc-13d">
         <name>.text:__outc</name>
         <load_address>0xcee0</load_address>
         <run_address>0xcee0</run_address>
         <size>0x20</size>
         <input_file_ref idref="fl-23"/>
      </object_component>
      <object_component id="oc-13c">
         <name>.text:__outs</name>
         <load_address>0xcf00</load_address>
         <run_address>0xcf00</run_address>
         <size>0x20</size>
         <input_file_ref idref="fl-23"/>
      </object_component>
      <object_component id="oc-126">
         <name>.text:_abort</name>
         <load_address>0xcf20</load_address>
         <run_address>0xcf20</run_address>
         <size>0x20</size>
         <input_file_ref idref="fl-1f"/>
      </object_component>
      <object_component id="oc-184">
         <name>.text:_remove</name>
         <load_address>0xcf40</load_address>
         <run_address>0xcf40</run_address>
         <size>0x20</size>
         <input_file_ref idref="fl-49"/>
      </object_component>
      <object_component id="oc-72">
         <name>.text</name>
         <load_address>0xcf60</load_address>
         <run_address>0xcf60</run_address>
         <size>0x20</size>
         <input_file_ref idref="fl-1a"/>
      </object_component>
      <object_component id="oc-f">
         <name>.text</name>
         <load_address>0xcf80</load_address>
         <run_address>0xcf80</run_address>
         <size>0x20</size>
         <input_file_ref idref="fl-2"/>
      </object_component>
      <object_component id="oc-80">
         <name>.stack</name>
         <uninitialized>true</uninitialized>
         <run_address>0xcfa0</run_address>
         <size>0x8</size>
         <input_file_ref idref="fl-1e"/>
      </object_component>
      <object_component id="oc-1a5">
         <name>.stack</name>
         <uninitialized>true</uninitialized>
         <run_address>0xcfa0</run_address>
         <size>0x0</size>
      </object_component>
      <object_component id="oc-1d">
         <name>.far</name>
         <uninitialized>true</uninitialized>
         <run_address>0xe440</run_address>
         <size>0xc2</size>
         <input_file_ref idref="fl-4"/>
      </object_component>
      <object_component id="oc-4a">
         <name>.far</name>
         <uninitialized>true</uninitialized>
         <run_address>0xe604</run_address>
         <size>0xe</size>
         <input_file_ref idref="fl-c"/>
      </object_component>
      <object_component id="oc-5b">
         <name>.far</name>
         <uninitialized>true</uninitialized>
         <run_address>0xe502</run_address>
         <size>0x2</size>
         <input_file_ref idref="fl-14"/>
      </object_component>
      <object_component id="oc-65">
         <name>.far</name>
         <uninitialized>true</uninitialized>
         <run_address>0xe612</run_address>
         <size>0x2</size>
         <input_file_ref idref="fl-16"/>
      </object_component>
      <object_component id="oc-6a">
         <name>.far</name>
         <uninitialized>true</uninitialized>
         <run_address>0xe590</run_address>
         <size>0x28</size>
         <input_file_ref idref="fl-17"/>
      </object_component>
      <object_component id="oc-6d">
         <name>.far</name>
         <uninitialized>true</uninitialized>
         <run_address>0xe504</run_address>
         <size>0x54</size>
         <input_file_ref idref="fl-18"/>
      </object_component>
      <object_component id="oc-70">
         <name>.far</name>
         <uninitialized>true</uninitialized>
         <run_address>0xe5b8</run_address>
         <size>0x28</size>
         <input_file_ref idref="fl-19"/>
      </object_component>
      <object_component id="oc-74">
         <name>.far</name>
         <uninitialized>true</uninitialized>
         <run_address>0xe34c</run_address>
         <size>0xf4</size>
         <input_file_ref idref="fl-1a"/>
      </object_component>
      <object_component id="oc-77">
         <name>.far</name>
         <uninitialized>true</uninitialized>
         <run_address>0xe558</run_address>
         <size>0x38</size>
         <input_file_ref idref="fl-1b"/>
      </object_component>
      <object_component id="oc-7a">
         <name>.far</name>
         <uninitialized>true</uninitialized>
         <run_address>0xe5e0</run_address>
         <size>0x24</size>
         <input_file_ref idref="fl-1c"/>
      </object_component>
      <object_component id="oc-85">
         <name>.far</name>
         <uninitialized>true</uninitialized>
         <run_address>0xe614</run_address>
         <size>0xc</size>
         <input_file_ref idref="fl-1f"/>
      </object_component>
      <object_component id="oc-99">
         <name>.far</name>
         <uninitialized>true</uninitialized>
         <run_address>0xe620</run_address>
         <size>0x8</size>
         <input_file_ref idref="fl-25"/>
      </object_component>
      <object_component id="oc-b3">
         <name>.far</name>
         <uninitialized>true</uninitialized>
         <run_address>0xdf0c</run_address>
         <size>0x324</size>
         <input_file_ref idref="fl-2d"/>
      </object_component>
      <object_component id="oc-d9">
         <name>.far</name>
         <uninitialized>true</uninitialized>
         <run_address>0xe230</run_address>
         <size>0x11c</size>
         <input_file_ref idref="fl-39"/>
      </object_component>
      <object_component id="oc-ec">
         <name>.far</name>
         <uninitialized>true</uninitialized>
         <run_address>0xe630</run_address>
         <size>0x8</size>
         <input_file_ref idref="fl-3f"/>
      </object_component>
      <object_component id="oc-104">
         <name>.far</name>
         <uninitialized>true</uninitialized>
         <run_address>0xe638</run_address>
         <size>0x4</size>
         <input_file_ref idref="fl-46"/>
      </object_component>
      <object_component id="oc-109">
         <name>.far</name>
         <uninitialized>true</uninitialized>
         <run_address>0xe628</run_address>
         <size>0x8</size>
         <input_file_ref idref="fl-47"/>
      </object_component>
      <object_component id="oc-12a">
         <name>.switch:_AnalyzeCommands</name>
         <load_address>0x10850</load_address>
         <run_address>0x10850</run_address>
         <size>0x30</size>
         <input_file_ref idref="fl-c"/>
      </object_component>
      <object_component id="oc-127">
         <name>.switch:_DAC_Prepare_EDMA</name>
         <load_address>0x10880</load_address>
         <run_address>0x10880</run_address>
         <size>0x10</size>
         <input_file_ref idref="fl-b"/>
      </object_component>
      <object_component id="oc-14">
         <name>.bss</name>
         <uninitialized>true</uninitialized>
         <run_address>0x10840</run_address>
         <size>0xc</size>
         <input_file_ref idref="fl-3"/>
      </object_component>
      <object_component id="oc-1a">
         <name>.bss</name>
         <uninitialized>true</uninitialized>
         <run_address>0x107cc</run_address>
         <size>0x54</size>
         <input_file_ref idref="fl-4"/>
      </object_component>
      <object_component id="oc-2b">
         <name>.bss</name>
         <uninitialized>true</uninitialized>
         <run_address>0x10834</run_address>
         <size>0xc</size>
         <input_file_ref idref="fl-7"/>
      </object_component>
      <object_component id="oc-40">
         <name>.bss</name>
         <uninitialized>true</uninitialized>
         <run_address>0x10774</run_address>
         <size>0x58</size>
         <input_file_ref idref="fl-b"/>
      </object_component>
      <object_component id="oc-47">
         <name>.bss</name>
         <uninitialized>true</uninitialized>
         <run_address>0x1084c</run_address>
         <size>0x4</size>
         <input_file_ref idref="fl-c"/>
      </object_component>
      <object_component id="oc-53">
         <name>.bss</name>
         <uninitialized>true</uninitialized>
         <run_address>0x10820</run_address>
         <size>0x14</size>
         <input_file_ref idref="fl-e"/>
      </object_component>
      <object_component id="oc-10a">
         <name>.sysmem</name>
         <uninitialized>true</uninitialized>
         <run_address>0x10000</run_address>
         <size>0x8</size>
         <input_file_ref idref="fl-47"/>
      </object_component>
      <object_component id="oc-1a6">
         <name>.sysmem</name>
         <uninitialized>true</uninitialized>
         <run_address>0x10000</run_address>
         <size>0x0</size>
      </object_component>
      <object_component id="oc-42">
         <name>.cinit</name>
         <load_address>0xd7a0</load_address>
         <run_address>0xd7a0</run_address>
         <size>0x15c</size>
         <input_file_ref idref="fl-b"/>
      </object_component>
      <object_component id="oc-1c">
         <name>.cinit</name>
         <load_address>0xd900</load_address>
         <run_address>0xd900</run_address>
         <size>0x144</size>
         <input_file_ref idref="fl-4"/>
      </object_component>
      <object_component id="oc-73">
         <name>.cinit</name>
         <load_address>0xda48</load_address>
         <run_address>0xda48</run_address>
         <size>0x12c</size>
         <input_file_ref idref="fl-1a"/>
      </object_component>
      <object_component id="oc-6c">
         <name>.cinit</name>
         <load_address>0xdb78</load_address>
         <run_address>0xdb78</run_address>
         <size>0x70</size>
         <input_file_ref idref="fl-18"/>
      </object_component>
      <object_component id="oc-b2">
         <name>.cinit</name>
         <load_address>0xdbe8</load_address>
         <run_address>0xdbe8</run_address>
         <size>0x5c</size>
         <input_file_ref idref="fl-2d"/>
      </object_component>
      <object_component id="oc-d8">
         <name>.cinit</name>
         <load_address>0xdc48</load_address>
         <run_address>0xdc48</run_address>
         <size>0x5c</size>
         <input_file_ref idref="fl-39"/>
      </object_component>
      <object_component id="oc-76">
         <name>.cinit</name>
         <load_address>0xdca8</load_address>
         <run_address>0xdca8</run_address>
         <size>0x54</size>
         <input_file_ref idref="fl-1b"/>
      </object_component>
      <object_component id="oc-55">
         <name>.cinit</name>
         <load_address>0xdd00</load_address>
         <run_address>0xdd00</run_address>
         <size>0x4c</size>
         <input_file_ref idref="fl-e"/>
      </object_component>
      <object_component id="oc-79">
         <name>.cinit</name>
         <load_address>0xdd50</load_address>
         <run_address>0xdd50</run_address>
         <size>0x4c</size>
         <input_file_ref idref="fl-1c"/>
      </object_component>
      <object_component id="oc-69">
         <name>.cinit</name>
         <load_address>0xdda0</load_address>
         <run_address>0xdda0</run_address>
         <size>0x3c</size>
         <input_file_ref idref="fl-17"/>
      </object_component>
      <object_component id="oc-6f">
         <name>.cinit</name>
         <load_address>0xdde0</load_address>
         <run_address>0xdde0</run_address>
         <size>0x30</size>
         <input_file_ref idref="fl-19"/>
      </object_component>
      <object_component id="oc-2d">
         <name>.cinit</name>
         <load_address>0xde10</load_address>
         <run_address>0xde10</run_address>
         <size>0x2c</size>
         <input_file_ref idref="fl-7"/>
      </object_component>
      <object_component id="oc-84">
         <name>.cinit</name>
         <load_address>0xde40</load_address>
         <run_address>0xde40</run_address>
         <size>0x2c</size>
         <input_file_ref idref="fl-1f"/>
      </object_component>
      <object_component id="oc-108">
         <name>.cinit</name>
         <load_address>0xde70</load_address>
         <run_address>0xde70</run_address>
         <size>0x2c</size>
         <input_file_ref idref="fl-47"/>
      </object_component>
      <object_component id="oc-49">
         <name>.cinit</name>
         <load_address>0xdea0</load_address>
         <run_address>0xdea0</run_address>
         <size>0x24</size>
         <input_file_ref idref="fl-c"/>
      </object_component>
      <object_component id="oc-98">
         <name>.cinit</name>
         <load_address>0xdec8</load_address>
         <run_address>0xdec8</run_address>
         <size>0x1c</size>
         <input_file_ref idref="fl-25"/>
      </object_component>
      <object_component id="oc-103">
         <name>.cinit</name>
         <load_address>0xdee8</load_address>
         <run_address>0xdee8</run_address>
         <size>0xc</size>
         <input_file_ref idref="fl-46"/>
      </object_component>
      <object_component id="oc-16">
         <name>.cinit</name>
         <load_address>0xdef8</load_address>
         <run_address>0xdef8</run_address>
         <size>0xc</size>
         <input_file_ref idref="fl-3"/>
      </object_component>
      <object_component id="oc-163">
         <name>.const:.string:__ctypes_</name>
         <load_address>0x10400</load_address>
         <run_address>0x10400</run_address>
         <size>0x101</size>
         <input_file_ref idref="fl-2c"/>
      </object_component>
      <object_component id="oc-c5">
         <name>.const:.string</name>
         <load_address>0x10501</load_address>
         <run_address>0x10501</run_address>
         <size>0x2</size>
         <input_file_ref idref="fl-33"/>
      </object_component>
      <object_component id="oc-56">
         <name>.const:.string</name>
         <load_address>0x10504</load_address>
         <run_address>0x10504</run_address>
         <size>0x48</size>
         <input_file_ref idref="fl-e"/>
      </object_component>
      <object_component id="oc-43">
         <name>.const:.string</name>
         <load_address>0x1054c</load_address>
         <run_address>0x1054c</run_address>
         <size>0x40</size>
         <input_file_ref idref="fl-b"/>
      </object_component>
      <object_component id="oc-37">
         <name>.const</name>
         <load_address>0x1058c</load_address>
         <run_address>0x1058c</run_address>
         <size>0x40</size>
         <input_file_ref idref="fl-9"/>
      </object_component>
      <object_component id="oc-2e">
         <name>.const:.string</name>
         <load_address>0x105cc</load_address>
         <run_address>0x105cc</run_address>
         <size>0x2c</size>
         <input_file_ref idref="fl-7"/>
      </object_component>
      <object_component id="oc-9d">
         <name>.const:.string</name>
         <load_address>0x105f8</load_address>
         <run_address>0x105f8</run_address>
         <size>0x23</size>
         <input_file_ref idref="fl-26"/>
      </object_component>
      <object_component id="oc-5c">
         <name>.const</name>
         <load_address>0x1061c</load_address>
         <run_address>0x1061c</run_address>
         <size>0x20</size>
         <input_file_ref idref="fl-14"/>
      </object_component>
      <object_component id="oc-38">
         <name>.const:.string</name>
         <load_address>0x1063c</load_address>
         <run_address>0x1063c</run_address>
         <size>0x10</size>
         <input_file_ref idref="fl-9"/>
      </object_component>
      <object_component id="oc-4b">
         <name>.const:.string</name>
         <load_address>0x1064c</load_address>
         <run_address>0x1064c</run_address>
         <size>0x8</size>
         <input_file_ref idref="fl-c"/>
      </object_component>
      <object_component id="oc-f0">
         <name>.cio</name>
         <uninitialized>true</uninitialized>
         <run_address>0x10654</run_address>
         <size>0x120</size>
         <input_file_ref idref="fl-40"/>
      </object_component>
      <object_component id="oc-11">
         <name>.debug_info</name>
         <load_address>0x0</load_address>
         <run_address>0x0</run_address>
         <size>0xf0</size>
         <input_file_ref idref="fl-2"/>
      </object_component>
      <object_component id="oc-15">
         <name>.debug_info</name>
         <load_address>0xf0</load_address>
         <run_address>0xf0</run_address>
         <size>0x778</size>
         <input_file_ref idref="fl-3"/>
      </object_component>
      <object_component id="oc-1b">
         <name>.debug_info</name>
         <load_address>0x868</load_address>
         <run_address>0x868</run_address>
         <size>0x226d</size>
         <input_file_ref idref="fl-4"/>
      </object_component>
      <object_component id="oc-23">
         <name>.debug_info</name>
         <load_address>0x2ad5</load_address>
         <run_address>0x2ad5</run_address>
         <size>0xe5d</size>
         <input_file_ref idref="fl-5"/>
      </object_component>
      <object_component id="oc-27">
         <name>.debug_info</name>
         <load_address>0x3932</load_address>
         <run_address>0x3932</run_address>
         <size>0x973</size>
         <input_file_ref idref="fl-6"/>
      </object_component>
      <object_component id="oc-2c">
         <name>.debug_info</name>
         <load_address>0x42a5</load_address>
         <run_address>0x42a5</run_address>
         <size>0x17e4</size>
         <input_file_ref idref="fl-7"/>
      </object_component>
      <object_component id="oc-32">
         <name>.debug_info</name>
         <load_address>0x5a89</load_address>
         <run_address>0x5a89</run_address>
         <size>0x73b</size>
         <input_file_ref idref="fl-8"/>
      </object_component>
      <object_component id="oc-36">
         <name>.debug_info</name>
         <load_address>0x61c4</load_address>
         <run_address>0x61c4</run_address>
         <size>0xbc9</size>
         <input_file_ref idref="fl-9"/>
      </object_component>
      <object_component id="oc-3c">
         <name>.debug_info</name>
         <load_address>0x6d8d</load_address>
         <run_address>0x6d8d</run_address>
         <size>0xc46</size>
         <input_file_ref idref="fl-a"/>
      </object_component>
      <object_component id="oc-41">
         <name>.debug_info</name>
         <load_address>0x79d3</load_address>
         <run_address>0x79d3</run_address>
         <size>0xfd7</size>
         <input_file_ref idref="fl-b"/>
      </object_component>
      <object_component id="oc-48">
         <name>.debug_info</name>
         <load_address>0x89aa</load_address>
         <run_address>0x89aa</run_address>
         <size>0x1633</size>
         <input_file_ref idref="fl-c"/>
      </object_component>
      <object_component id="oc-4f">
         <name>.debug_info</name>
         <load_address>0x9fdd</load_address>
         <run_address>0x9fdd</run_address>
         <size>0x68a</size>
         <input_file_ref idref="fl-d"/>
      </object_component>
      <object_component id="oc-54">
         <name>.debug_info</name>
         <load_address>0xa667</load_address>
         <run_address>0xa667</run_address>
         <size>0xe6b</size>
         <input_file_ref idref="fl-e"/>
      </object_component>
      <object_component id="oc-5e">
         <name>.debug_info</name>
         <load_address>0xb4d2</load_address>
         <run_address>0xb4d2</run_address>
         <size>0x8a7</size>
         <input_file_ref idref="fl-14"/>
      </object_component>
      <object_component id="oc-62">
         <name>.debug_info</name>
         <load_address>0xbd79</load_address>
         <run_address>0xbd79</run_address>
         <size>0x4c3</size>
         <input_file_ref idref="fl-15"/>
      </object_component>
      <object_component id="oc-67">
         <name>.debug_info</name>
         <load_address>0xc23c</load_address>
         <run_address>0xc23c</run_address>
         <size>0x60b</size>
         <input_file_ref idref="fl-16"/>
      </object_component>
      <object_component id="oc-7c">
         <name>.debug_info</name>
         <load_address>0xc847</load_address>
         <run_address>0xc847</run_address>
         <size>0x636</size>
         <input_file_ref idref="fl-1d"/>
      </object_component>
      <object_component id="oc-7f">
         <name>.debug_info</name>
         <load_address>0xce7d</load_address>
         <run_address>0xce7d</run_address>
         <size>0x70a</size>
         <input_file_ref idref="fl-1e"/>
      </object_component>
      <object_component id="oc-83">
         <name>.debug_info</name>
         <load_address>0xd587</load_address>
         <run_address>0xd587</run_address>
         <size>0x7fa</size>
         <input_file_ref idref="fl-1f"/>
      </object_component>
      <object_component id="oc-88">
         <name>.debug_info</name>
         <load_address>0xdd81</load_address>
         <run_address>0xdd81</run_address>
         <size>0x65e</size>
         <input_file_ref idref="fl-20"/>
      </object_component>
      <object_component id="oc-8b">
         <name>.debug_info</name>
         <load_address>0xe3df</load_address>
         <run_address>0xe3df</run_address>
         <size>0x789</size>
         <input_file_ref idref="fl-21"/>
      </object_component>
      <object_component id="oc-8e">
         <name>.debug_info</name>
         <load_address>0xeb68</load_address>
         <run_address>0xeb68</run_address>
         <size>0x636</size>
         <input_file_ref idref="fl-22"/>
      </object_component>
      <object_component id="oc-91">
         <name>.debug_info</name>
         <load_address>0xf19e</load_address>
         <run_address>0xf19e</run_address>
         <size>0x901</size>
         <input_file_ref idref="fl-23"/>
      </object_component>
      <object_component id="oc-94">
         <name>.debug_info</name>
         <load_address>0xfa9f</load_address>
         <run_address>0xfa9f</run_address>
         <size>0x10f</size>
         <input_file_ref idref="fl-24"/>
      </object_component>
      <object_component id="oc-97">
         <name>.debug_info</name>
         <load_address>0xfbae</load_address>
         <run_address>0xfbae</run_address>
         <size>0x64b</size>
         <input_file_ref idref="fl-25"/>
      </object_component>
      <object_component id="oc-9c">
         <name>.debug_info</name>
         <load_address>0x101f9</load_address>
         <run_address>0x101f9</run_address>
         <size>0x2b36</size>
         <input_file_ref idref="fl-26"/>
      </object_component>
      <object_component id="oc-a0">
         <name>.debug_info</name>
         <load_address>0x12d2f</load_address>
         <run_address>0x12d2f</run_address>
         <size>0x6e0</size>
         <input_file_ref idref="fl-27"/>
      </object_component>
      <object_component id="oc-a3">
         <name>.debug_info</name>
         <load_address>0x1340f</load_address>
         <run_address>0x1340f</run_address>
         <size>0x719</size>
         <input_file_ref idref="fl-28"/>
      </object_component>
      <object_component id="oc-a6">
         <name>.debug_info</name>
         <load_address>0x13b28</load_address>
         <run_address>0x13b28</run_address>
         <size>0x86c</size>
         <input_file_ref idref="fl-29"/>
      </object_component>
      <object_component id="oc-a9">
         <name>.debug_info</name>
         <load_address>0x14394</load_address>
         <run_address>0x14394</run_address>
         <size>0x6e4</size>
         <input_file_ref idref="fl-2a"/>
      </object_component>
      <object_component id="oc-ac">
         <name>.debug_info</name>
         <load_address>0x14a78</load_address>
         <run_address>0x14a78</run_address>
         <size>0x7da</size>
         <input_file_ref idref="fl-2b"/>
      </object_component>
      <object_component id="oc-af">
         <name>.debug_info</name>
         <load_address>0x15252</load_address>
         <run_address>0x15252</run_address>
         <size>0x5f9</size>
         <input_file_ref idref="fl-2c"/>
      </object_component>
      <object_component id="oc-b1">
         <name>.debug_info</name>
         <load_address>0x1584b</load_address>
         <run_address>0x1584b</run_address>
         <size>0x6e6</size>
         <input_file_ref idref="fl-2d"/>
      </object_component>
      <object_component id="oc-b5">
         <name>.debug_info</name>
         <load_address>0x15f31</load_address>
         <run_address>0x15f31</run_address>
         <size>0x981</size>
         <input_file_ref idref="fl-2e"/>
      </object_component>
      <object_component id="oc-b8">
         <name>.debug_info</name>
         <load_address>0x168b2</load_address>
         <run_address>0x168b2</run_address>
         <size>0xd1</size>
         <input_file_ref idref="fl-2f"/>
      </object_component>
      <object_component id="oc-bb">
         <name>.debug_info</name>
         <load_address>0x16983</load_address>
         <run_address>0x16983</run_address>
         <size>0x690</size>
         <input_file_ref idref="fl-30"/>
      </object_component>
      <object_component id="oc-be">
         <name>.debug_info</name>
         <load_address>0x17013</load_address>
         <run_address>0x17013</run_address>
         <size>0x6a9</size>
         <input_file_ref idref="fl-31"/>
      </object_component>
      <object_component id="oc-c1">
         <name>.debug_info</name>
         <load_address>0x176bc</load_address>
         <run_address>0x176bc</run_address>
         <size>0x829</size>
         <input_file_ref idref="fl-32"/>
      </object_component>
      <object_component id="oc-c4">
         <name>.debug_info</name>
         <load_address>0x17ee5</load_address>
         <run_address>0x17ee5</run_address>
         <size>0xb78</size>
         <input_file_ref idref="fl-33"/>
      </object_component>
      <object_component id="oc-c8">
         <name>.debug_info</name>
         <load_address>0x18a5d</load_address>
         <run_address>0x18a5d</run_address>
         <size>0x6a3</size>
         <input_file_ref idref="fl-34"/>
      </object_component>
      <object_component id="oc-cb">
         <name>.debug_info</name>
         <load_address>0x19100</load_address>
         <run_address>0x19100</run_address>
         <size>0x7b8</size>
         <input_file_ref idref="fl-35"/>
      </object_component>
      <object_component id="oc-ce">
         <name>.debug_info</name>
         <load_address>0x198b8</load_address>
         <run_address>0x198b8</run_address>
         <size>0x7b3</size>
         <input_file_ref idref="fl-36"/>
      </object_component>
      <object_component id="oc-d1">
         <name>.debug_info</name>
         <load_address>0x1a06b</load_address>
         <run_address>0x1a06b</run_address>
         <size>0x815</size>
         <input_file_ref idref="fl-37"/>
      </object_component>
      <object_component id="oc-d4">
         <name>.debug_info</name>
         <load_address>0x1a880</load_address>
         <run_address>0x1a880</run_address>
         <size>0x700</size>
         <input_file_ref idref="fl-38"/>
      </object_component>
      <object_component id="oc-d7">
         <name>.debug_info</name>
         <load_address>0x1af80</load_address>
         <run_address>0x1af80</run_address>
         <size>0xf4e</size>
         <input_file_ref idref="fl-39"/>
      </object_component>
      <object_component id="oc-dc">
         <name>.debug_info</name>
         <load_address>0x1bece</load_address>
         <run_address>0x1bece</run_address>
         <size>0x743</size>
         <input_file_ref idref="fl-3a"/>
      </object_component>
      <object_component id="oc-df">
         <name>.debug_info</name>
         <load_address>0x1c611</load_address>
         <run_address>0x1c611</run_address>
         <size>0x6e7</size>
         <input_file_ref idref="fl-3b"/>
      </object_component>
      <object_component id="oc-e2">
         <name>.debug_info</name>
         <load_address>0x1ccf8</load_address>
         <run_address>0x1ccf8</run_address>
         <size>0x72b</size>
         <input_file_ref idref="fl-3c"/>
      </object_component>
      <object_component id="oc-e5">
         <name>.debug_info</name>
         <load_address>0x1d423</load_address>
         <run_address>0x1d423</run_address>
         <size>0x6b6</size>
         <input_file_ref idref="fl-3d"/>
      </object_component>
      <object_component id="oc-e8">
         <name>.debug_info</name>
         <load_address>0x1dad9</load_address>
         <run_address>0x1dad9</run_address>
         <size>0x617</size>
         <input_file_ref idref="fl-3e"/>
      </object_component>
      <object_component id="oc-eb">
         <name>.debug_info</name>
         <load_address>0x1e0f0</load_address>
         <run_address>0x1e0f0</run_address>
         <size>0xee3</size>
         <input_file_ref idref="fl-3f"/>
      </object_component>
      <object_component id="oc-ef">
         <name>.debug_info</name>
         <load_address>0x1efd3</load_address>
         <run_address>0x1efd3</run_address>
         <size>0x8c0</size>
         <input_file_ref idref="fl-40"/>
      </object_component>
      <object_component id="oc-f3">
         <name>.debug_info</name>
         <load_address>0x1f893</load_address>
         <run_address>0x1f893</run_address>
         <size>0x759</size>
         <input_file_ref idref="fl-41"/>
      </object_component>
      <object_component id="oc-f6">
         <name>.debug_info</name>
         <load_address>0x1ffec</load_address>
         <run_address>0x1ffec</run_address>
         <size>0x5cb</size>
         <input_file_ref idref="fl-42"/>
      </object_component>
      <object_component id="oc-f9">
         <name>.debug_info</name>
         <load_address>0x205b7</load_address>
         <run_address>0x205b7</run_address>
         <size>0x780</size>
         <input_file_ref idref="fl-43"/>
      </object_component>
      <object_component id="oc-fc">
         <name>.debug_info</name>
         <load_address>0x20d37</load_address>
         <run_address>0x20d37</run_address>
         <size>0x7b8</size>
         <input_file_ref idref="fl-44"/>
      </object_component>
      <object_component id="oc-ff">
         <name>.debug_info</name>
         <load_address>0x214ef</load_address>
         <run_address>0x214ef</run_address>
         <size>0x812</size>
         <input_file_ref idref="fl-45"/>
      </object_component>
      <object_component id="oc-102">
         <name>.debug_info</name>
         <load_address>0x21d01</load_address>
         <run_address>0x21d01</run_address>
         <size>0x880</size>
         <input_file_ref idref="fl-46"/>
      </object_component>
      <object_component id="oc-107">
         <name>.debug_info</name>
         <load_address>0x22581</load_address>
         <run_address>0x22581</run_address>
         <size>0xb36</size>
         <input_file_ref idref="fl-47"/>
      </object_component>
      <object_component id="oc-10d">
         <name>.debug_info</name>
         <load_address>0x230b7</load_address>
         <run_address>0x230b7</run_address>
         <size>0x805</size>
         <input_file_ref idref="fl-48"/>
      </object_component>
      <object_component id="oc-110">
         <name>.debug_info</name>
         <load_address>0x238bc</load_address>
         <run_address>0x238bc</run_address>
         <size>0x663</size>
         <input_file_ref idref="fl-49"/>
      </object_component>
      <object_component id="oc-1a7">
         <name>.debug_info</name>
         <load_address>0x23f1f</load_address>
         <run_address>0x23f1f</run_address>
         <size>0x6d</size>
      </object_component>
      <object_component id="oc-12">
         <name>.debug_line</name>
         <load_address>0x0</load_address>
         <run_address>0x0</run_address>
         <size>0xc9</size>
         <input_file_ref idref="fl-2"/>
      </object_component>
      <object_component id="oc-18">
         <name>.debug_line</name>
         <load_address>0xc9</load_address>
         <run_address>0xc9</run_address>
         <size>0x84</size>
         <input_file_ref idref="fl-3"/>
      </object_component>
      <object_component id="oc-21">
         <name>.debug_line</name>
         <load_address>0x14d</load_address>
         <run_address>0x14d</run_address>
         <size>0x50a</size>
         <input_file_ref idref="fl-4"/>
      </object_component>
      <object_component id="oc-25">
         <name>.debug_line</name>
         <load_address>0x657</load_address>
         <run_address>0x657</run_address>
         <size>0x12f</size>
         <input_file_ref idref="fl-5"/>
      </object_component>
      <object_component id="oc-29">
         <name>.debug_line</name>
         <load_address>0x786</load_address>
         <run_address>0x786</run_address>
         <size>0xa4</size>
         <input_file_ref idref="fl-6"/>
      </object_component>
      <object_component id="oc-30">
         <name>.debug_line</name>
[...]
         <value>0x10830</value>
         <object_component_ref idref="oc-53"/>
      </symbol>
      <symbol id="sm-245">
         <name>_ADC_Show_Measurement</name>
         <value>0x6678</value>
         <object_component_ref idref="oc-132"/>
      </symbol>
      <symbol id="sm-253">
         <name>_DSK6713_init</name>
         <value>0x37ec</value>
         <object_component_ref idref="oc-5a"/>
      </symbol>
      <symbol id="sm-254">
         <name>_DSK6713_version</name>
         <value>0xe502</value>
         <object_component_ref idref="oc-5b"/>
      </symbol>
      <symbol id="sm-255">
         <name>_DSK6713_rget</name>
         <value>0x3b08</value>
         <object_component_ref idref="oc-5a"/>
      </symbol>
      <symbol id="sm-256">
         <name>_DSK6713_wait</name>
         <value>0x3b30</value>
         <object_component_ref idref="oc-5a"/>
      </symbol>
      <symbol id="sm-257">
         <name>_DSK6713_rset</name>
         <value>0x3b1c</value>
         <object_component_ref idref="oc-5a"/>
      </symbol>
      <symbol id="sm-258">
         <name>_DSK6713_waitusec</name>
         <value>0x3b88</value>
         <object_component_ref idref="oc-5a"/>
      </symbol>
      <symbol id="sm-259">
         <name>_DSK6713_getVersion</name>
         <value>0x3bb4</value>
         <object_component_ref idref="oc-5a"/>
      </symbol>
      <symbol id="sm-263">
         <name>_DSK6713_DIP_init</name>
         <value>0xcac0</value>
         <object_component_ref idref="oc-60"/>
      </symbol>
      <symbol id="sm-264">
         <name>_DSK6713_DIP_get</name>
         <value>0xcac8</value>
         <object_component_ref idref="oc-60"/>
      </symbol>
      <symbol id="sm-270">
         <name>_DSK6713_LED_init</name>
         <value>0x87e0</value>
         <object_component_ref idref="oc-64"/>
      </symbol>
      <symbol id="sm-271">
         <name>_DSK6713_LED_on</name>
         <value>0x8890</value>
         <object_component_ref idref="oc-64"/>
      </symbol>
      <symbol id="sm-272">
         <name>_DSK6713_LED_toggle</name>
         <value>0x8900</value>
         <object_component_ref idref="oc-64"/>
      </symbol>
      <symbol id="sm-273">
         <name>_DSK6713_LED_off</name>
         <value>0x8820</value>
         <object_component_ref idref="oc-64"/>
      </symbol>
      <symbol id="sm-27f">
         <name>_CSL6713_LIB_</name>
         <value>0xce20</value>
         <object_component_ref idref="oc-12e"/>
      </symbol>
      <symbol id="sm-280">
         <name>__CSL_init</name>
         <value>0x89c0</value>
         <object_component_ref idref="oc-12f"/>
      </symbol>
      <symbol id="sm-29a">
         <name>_EDMA_enableChannel</name>
         <value>0xcba0</value>
         <object_component_ref idref="oc-14a"/>
      </symbol>
      <symbol id="sm-29b">
         <name>_EDMA_resetAll</name>
         <value>0x93c0</value>
         <object_component_ref idref="oc-14c"/>
      </symbol>
      <symbol id="sm-29c">
         <name>_EDMA_clearPram</name>
         <value>0xbd40</value>
         <object_component_ref idref="oc-135"/>
      </symbol>
      <symbol id="sm-29d">
         <name>_EDMA_reset</name>
         <value>0xa260</value>
         <object_component_ref idref="oc-149"/>
      </symbol>
      <symbol id="sm-29e">
         <name>_tccAllocTable</name>
         <value>0xe518</value>
         <object_component_ref idref="oc-6d"/>
      </symbol>
      <symbol id="sm-29f">
         <name>_EDMA_close</name>
         <value>0xbe00</value>
         <object_component_ref idref="oc-14b"/>
      </symbol>
      <symbol id="sm-2a0">
         <name>_EDMA_open</name>
         <value>0x71a0</value>
         <object_component_ref idref="oc-136"/>
      </symbol>
      <symbol id="sm-2a1">
         <name>_EDMA_freeTable</name>
         <value>0xc740</value>
         <object_component_ref idref="oc-14d"/>
      </symbol>
      <symbol id="sm-2a2">
         <name>_EDMA_disableChannel</name>
         <value>0xcb40</value>
         <object_component_ref idref="oc-157"/>
      </symbol>
      <symbol id="sm-2a3">
         <name>_EDMA_allocTable</name>
         <value>0x7f40</value>
         <object_component_ref idref="oc-137"/>
      </symbol>
      <symbol id="sm-2af">
         <name>_I2C_open</name>
         <value>0x8320</value>
         <object_component_ref idref="oc-131"/>
      </symbol>
      <symbol id="sm-2b0">
         <name>_I2C_reset</name>
         <value>0x8d40</value>
         <object_component_ref idref="oc-145"/>
      </symbol>
      <symbol id="sm-2c6">
         <name>_IRQ_setVecs</name>
         <value>0xce40</value>
         <object_component_ref idref="oc-146"/>
      </symbol>
      <symbol id="sm-2c7">
         <name>__IRQ_eventTable</name>
         <value>0xe374</value>
         <object_component_ref idref="oc-74"/>
      </symbol>
      <symbol id="sm-2c8">
         <name>__IRQ_intTable</name>
         <value>0xe3f8</value>
         <object_component_ref idref="oc-74"/>
      </symbol>
      <symbol id="sm-2c9">
         <name>_IRQ_map</name>
         <value>0x8ee0</value>
         <object_component_ref idref="oc-147"/>
      </symbol>
      <symbol id="sm-2ca">
         <name>__IRQ_init</name>
         <value>0xc7c0</value>
         <object_component_ref idref="oc-143"/>
      </symbol>
      <symbol id="sm-2cb">
         <name>__IRQ_dispatchTable</name>
         <value>0xe438</value>
         <object_component_ref idref="oc-74"/>
      </symbol>
      <symbol id="sm-2cc">
         <name>__IRQ_hookFetchPacket</name>
         <value>0xcf60</value>
         <object_component_ref idref="oc-72"/>
      </symbol>
      <symbol id="sm-2dc">
         <name>_MCBSP_reset</name>
         <value>0x9540</value>
         <object_component_ref idref="oc-148"/>
      </symbol>
      <symbol id="sm-2dd">
         <name>_MCBSP_close</name>
         <value>0xc1c0</value>
         <object_component_ref idref="oc-13f"/>
      </symbol>
      <symbol id="sm-2de">
         <name>_MCBSP_open</name>
         <value>0xb560</value>
         <object_component_ref idref="oc-134"/>
      </symbol>
      <symbol id="sm-2df">
         <name>__MCBSP_hDev0</name>
         <value>0xe588</value>
         <object_component_ref idref="oc-77"/>
      </symbol>
      <symbol id="sm-2e0">
         <name>__MCBSP_hDev1</name>
         <value>0xe58c</value>
         <object_component_ref idref="oc-77"/>
      </symbol>
      <symbol id="sm-2e1">
         <name>_MCBSP_start</name>
         <value>0xad60</value>
         <object_component_ref idref="oc-139"/>
      </symbol>
      <symbol id="sm-2ed">
         <name>_TIMER_reset</name>
         <value>0xa5c0</value>
         <object_component_ref idref="oc-155"/>
      </symbol>
      <symbol id="sm-2ee">
         <name>_TIMER_open</name>
         <value>0x9820</value>
         <object_component_ref idref="oc-144"/>
      </symbol>
      <symbol id="sm-2ef">
         <name>__TIMER_hDev0</name>
         <value>0xe5f8</value>
         <object_component_ref idref="oc-7a"/>
      </symbol>
      <symbol id="sm-2f0">
         <name>__TIMER_hDev1</name>
         <value>0xe5fc</value>
         <object_component_ref idref="oc-7a"/>
      </symbol>
      <symbol id="sm-2f1">
         <name>__TIMER_hBios</name>
         <value>0xe600</value>
         <object_component_ref idref="oc-7a"/>
      </symbol>
      <symbol id="sm-2f2">
         <name>__TIMER_deviceTable</name>
         <value>0xe5e0</value>
         <object_component_ref idref="oc-7a"/>
      </symbol>
      <symbol id="sm-2fc">
         <name>__addf</name>
         <value>0xce60</value>
         <object_component_ref idref="oc-142"/>
      </symbol>
      <symbol id="sm-308">
         <name>_c_int00</name>
         <value>0xc9c0</value>
         <object_component_ref idref="oc-e"/>
      </symbol>
      <symbol id="sm-309">
         <name>__stack</name>
         <value>0xcfa0</value>
         <object_component_ref idref="oc-80"/>
      </symbol>
      <symbol id="sm-319">
         <name>C$$EXIT</name>
         <value>0xcf20</value>
         <object_component_ref idref="oc-126"/>
      </symbol>
      <symbol id="sm-31a">
         <name>_exit</name>
         <value>0xbaa0</value>
         <object_component_ref idref="oc-115"/>
      </symbol>
      <symbol id="sm-31b">
         <name>___TI_enable_exit_profile_output</name>
         <value>0xe61c</value>
         <object_component_ref idref="oc-85"/>
      </symbol>
      <symbol id="sm-31c">
         <name>_abort</name>
         <value>0xcf20</value>
         <object_component_ref idref="oc-126"/>
      </symbol>
      <symbol id="sm-31d">
         <name>__cleanup_ptr</name>
         <value>0xe614</value>
         <object_component_ref idref="oc-85"/>
      </symbol>
      <symbol id="sm-31e">
         <name>__dtors_ptr</name>
         <value>0xe618</value>
         <object_component_ref idref="oc-85"/>
      </symbol>
      <symbol id="sm-328">
         <name>__fltif</name>
         <value>0xcc60</value>
         <object_component_ref idref="oc-140"/>
      </symbol>
      <symbol id="sm-332">
         <name>_memcpy</name>
         <value>0x7ae0</value>
         <object_component_ref idref="oc-124"/>
      </symbol>
      <symbol id="sm-33c">
         <name>__mpyf</name>
         <value>0xce80</value>
         <object_component_ref idref="oc-141"/>
      </symbol>
      <symbol id="sm-34a">
         <name>_printf</name>
         <value>0xb360</value>
         <object_component_ref idref="oc-128"/>
      </symbol>
      <symbol id="sm-354">
         <name>__c6xabi_strasgi</name>
         <value>0x9ea0</value>
         <object_component_ref idref="oc-129"/>
      </symbol>
      <symbol id="sm-355">
         <name>__strasg</name>
         <value>0xb9c0</value>
         <object_component_ref idref="oc-11a"/>
      </symbol>
      <symbol id="sm-356">
         <name>__strasgi</name>
         <value>0x9ea0</value>
         <object_component_ref idref="oc-129"/>
      </symbol>
      <symbol id="sm-364">
         <name>__unlock</name>
         <value>0xe624</value>
         <object_component_ref idref="oc-99"/>
      </symbol>
      <symbol id="sm-365">
         <name>__lock</name>
         <value>0xe620</value>
         <object_component_ref idref="oc-99"/>
      </symbol>
      <symbol id="sm-366">
         <name>__nop</name>
         <value>0xcec0</value>
         <object_component_ref idref="oc-11b"/>
      </symbol>
      <symbol id="sm-396">
         <name>__printfi</name>
         <value>0x2900</value>
         <object_component_ref idref="oc-13e"/>
      </symbol>
      <symbol id="sm-3a0">
         <name>__args_main</name>
         <value>0xcdc0</value>
         <object_component_ref idref="oc-114"/>
      </symbol>
      <symbol id="sm-3a1">
         <name>__TI_args_main</name>
         <value>0x1</value>
      </symbol>
      <symbol id="sm-3ab">
         <name>_atoi</name>
         <value>0x9fe0</value>
         <object_component_ref idref="oc-15c"/>
      </symbol>
      <symbol id="sm-3b5">
         <name>__auto_init</name>
         <value>0xae60</value>
         <object_component_ref idref="oc-113"/>
      </symbol>
      <symbol id="sm-3bf">
         <name>___TI_cpp_init</name>
         <value>0xc840</value>
         <object_component_ref idref="oc-125"/>
      </symbol>
      <symbol id="sm-3c9">
         <name>_copy_in</name>
         <value>0xbf80</value>
         <object_component_ref idref="oc-123"/>
      </symbol>
      <symbol id="sm-3d1">
         <name>__ctypes_</name>
         <value>0x10400</value>
         <object_component_ref idref="oc-163"/>
      </symbol>
      <symbol id="sm-3db">
         <name>__tmpnams</name>
         <value>0xe0ec</value>
         <object_component_ref idref="oc-b3"/>
      </symbol>
      <symbol id="sm-3dc">
         <name>__ft_end</name>
         <value>0xe22c</value>
         <object_component_ref idref="oc-b3"/>
      </symbol>
      <symbol id="sm-3dd">
         <name>__ftable</name>
         <value>0xdf0c</value>
         <object_component_ref idref="oc-b3"/>
      </symbol>
      <symbol id="sm-3e7">
         <name>__divd</name>
         <value>0x840</value>
         <object_component_ref idref="oc-175"/>
      </symbol>
      <symbol id="sm-3ef">
         <name>__c6xabi_divu</name>
         <value>0xbec0</value>
         <object_component_ref idref="oc-180"/>
      </symbol>
      <symbol id="sm-3f0">
         <name>__divu</name>
         <value>0xbec0</value>
         <object_component_ref idref="oc-180"/>
      </symbol>
      <symbol id="sm-3fa">
         <name>__fixdli</name>
         <value>0xc260</value>
         <object_component_ref idref="oc-17b"/>
      </symbol>
      <symbol id="sm-404">
         <name>__fltlid</name>
         <value>0xc8c0</value>
         <object_component_ref idref="oc-17d"/>
      </symbol>
      <symbol id="sm-40e">
         <name>_putc</name>
         <value>0x6f00</value>
         <object_component_ref idref="oc-14f"/>
      </symbol>
      <symbol id="sm-40f">
         <name>_fputc</name>
         <value>0x6f00</value>
         <object_component_ref idref="oc-14f"/>
      </symbol>
      <symbol id="sm-41b">
         <name>_fputs</name>
         <value>0x2e60</value>
         <object_component_ref idref="oc-14e"/>
      </symbol>
      <symbol id="sm-425">
         <name>__frcmpyd_div</name>
         <value>0x9d60</value>
         <object_component_ref idref="oc-17f"/>
      </symbol>
      <symbol id="sm-433">
         <name>__divul</name>
         <value>0x7400</value>
         <object_component_ref idref="oc-181"/>
      </symbol>
      <symbol id="sm-434">
         <name>__remli</name>
         <value>0xc3a0</value>
         <object_component_ref idref="oc-185"/>
      </symbol>
      <symbol id="sm-435">
         <name>__divli</name>
         <value>0xb060</value>
         <object_component_ref idref="oc-186"/>
      </symbol>
      <symbol id="sm-441">
         <name>__subcull</name>
         <value>0xcd20</value>
         <object_component_ref idref="oc-188"/>
      </symbol>
      <symbol id="sm-442">
         <name>__divull</name>
         <value>0x5000</value>
         <object_component_ref idref="oc-182"/>
      </symbol>
      <symbol id="sm-44c">
         <name>___isinf</name>
         <value>0xcc00</value>
         <object_component_ref idref="oc-165"/>
      </symbol>
      <symbol id="sm-458">
         <name>__llshl</name>
         <value>0xc940</value>
         <object_component_ref idref="oc-187"/>
      </symbol>
      <symbol id="sm-459">
         <name>__llshru</name>
         <value>0xccc0</value>
         <object_component_ref idref="oc-17e"/>
      </symbol>
      <symbol id="sm-471">
         <name>_unlink</name>
         <value>0xc580</value>
         <object_component_ref idref="oc-189"/>
      </symbol>
      <symbol id="sm-472">
         <name>_lseek</name>
         <value>0xb260</value>
         <object_component_ref idref="oc-16c"/>
      </symbol>
      <symbol id="sm-473">
         <name>_close</name>
         <value>0xa800</value>
         <object_component_ref idref="oc-183"/>
      </symbol>
      <symbol id="sm-474">
         <name>_write</name>
         <value>0xb460</value>
         <object_component_ref idref="oc-15a"/>
      </symbol>
      <symbol id="sm-47e">
         <name>_ltoa</name>
         <value>0xa120</value>
         <object_component_ref idref="oc-17c"/>
      </symbol>
      <symbol id="sm-488">
         <name>_memccpy</name>
         <value>0xca40</value>
         <object_component_ref idref="oc-15f"/>
      </symbol>
      <symbol id="sm-492">
         <name>_memset</name>
         <value>0xa920</value>
         <object_component_ref idref="oc-15b"/>
      </symbol>
      <symbol id="sm-49c">
         <name>__mpyll</name>
         <value>0xc300</value>
         <object_component_ref idref="oc-177"/>
      </symbol>
      <symbol id="sm-4a6">
         <name>__negll</name>
         <value>0xcea0</value>
         <object_component_ref idref="oc-16a"/>
      </symbol>
      <symbol id="sm-4be">
         <name>_HOSTopen</name>
         <value>0xa380</value>
         <object_component_ref idref="oc-11c"/>
      </symbol>
      <symbol id="sm-4bf">
         <name>_HOSTread</name>
         <value>0x9c20</value>
         <object_component_ref idref="oc-11e"/>
      </symbol>
      <symbol id="sm-4c0">
         <name>_HOSTrename</name>
         <value>0x7d20</value>
         <object_component_ref idref="oc-122"/>
      </symbol>
      <symbol id="sm-4c1">
         <name>_HOSTwrite</name>
         <value>0xa4a0</value>
         <object_component_ref idref="oc-11f"/>
      </symbol>
      <symbol id="sm-4c2">
         <name>_HOSTlseek</name>
         <value>0x96c0</value>
         <object_component_ref idref="oc-120"/>
      </symbol>
      <symbol id="sm-4c3">
         <name>_HOSTunlink</name>
         <value>0xac60</value>
         <object_component_ref idref="oc-121"/>
      </symbol>
      <symbol id="sm-4c4">
         <name>_HOSTclose</name>
         <value>0xab60</value>
         <object_component_ref idref="oc-11d"/>
      </symbol>
      <symbol id="sm-4d2">
         <name>C$$IO$$</name>
         <value>0xc698</value>
         <object_component_ref idref="oc-13a"/>
      </symbol>
      <symbol id="sm-4d3">
         <name>__CIOBUF_</name>
         <value>0x10654</value>
         <object_component_ref idref="oc-f0"/>
      </symbol>
      <symbol id="sm-4d4">
         <name>_readmsg</name>
         <value>0xc440</value>
         <object_component_ref idref="oc-13b"/>
      </symbol>
      <symbol id="sm-4d5">
         <name>_writemsg</name>
         <value>0xc620</value>
         <object_component_ref idref="oc-13a"/>
      </symbol>
      <symbol id="sm-4df">
         <name>__wrt_ok</name>
         <value>0xa6e0</value>
         <object_component_ref idref="oc-158"/>
      </symbol>
      <symbol id="sm-4f0">
         <name>__doflush</name>
         <value>0xb720</value>
         <object_component_ref idref="oc-159"/>
      </symbol>
      <symbol id="sm-4fa">
         <name>_fseek</name>
         <value>0x8b80</value>
         <object_component_ref idref="oc-161"/>
      </symbol>
      <symbol id="sm-504">
         <name>_setvbuf</name>
         <value>0x69a0</value>
         <object_component_ref idref="oc-162"/>
      </symbol>
      <symbol id="sm-512">
         <name>__cleanup</name>
         <value>0xb640</value>
         <object_component_ref idref="oc-16f"/>
      </symbol>
      <symbol id="sm-528">
         <name>__sys_memory</name>
         <value>0x10000</value>
         <object_component_ref idref="oc-10a"/>
      </symbol>
      <symbol id="sm-529">
         <name>_free</name>
         <value>0x5380</value>
         <object_component_ref idref="oc-16d"/>
      </symbol>
      <symbol id="sm-52a">
         <name>_malloc</name>
         <value>0x78a0</value>
         <object_component_ref idref="oc-16e"/>
      </symbol>
      <symbol id="sm-534">
         <name>__closefile</name>
         <value>0x9980</value>
         <object_component_ref idref="oc-17a"/>
      </symbol>
      <symbol id="sm-53e">
         <name>_remove</name>
         <value>0xcf40</value>
         <object_component_ref idref="oc-184"/>
      </symbol>
   </symbol_table>
</link_info>
