<?xml version="1.0"?>
<link_info>
   <banner>TMS320C6x Linker PC v7.4.4</banner>
   <copyright>Copyright (c) 1996-2013 Texas Instruments Incorporated</copyright>
   <link_time>0x527683b2</link_time>
   <output_file>mcbsp1.out</output_file>
   <entry_point>
      <name>_c_int00</name>
      <address>0xa880</address>
   </entry_point>
   <input_file_list>
      <input_file id="fl-2">
         <path>.\</path>
         <kind>object</kind>
         <file>vecs_irq.obj</file>
         <name>vecs_irq.obj</name>
      </input_file>
      <input_file id="fl-3">
         <path>.\</path>
         <kind>object</kind>
         <file>main.obj</file>
         <name>main.obj</name>
      </input_file>
      <input_file id="fl-4">
         <path>.\</path>
         <kind>object</kind>
         <file>IRQ_Utility.obj</file>
         <name>IRQ_Utility.obj</name>
      </input_file>
      <input_file id="fl-5">
         <path>.\</path>
         <kind>object</kind>
         <file>EDMA_Utility.obj</file>
         <name>EDMA_Utility.obj</name>
      </input_file>
      <input_file id="fl-b">
         <path>D:\CodeComposer\ccsv5\tools\compiler\c6000_7.4.4\lib\</path>
         <kind>archive</kind>
         <file>dsk6713bsl.lib</file>
         <name>dsk6713.obj</name>
      </input_file>
      <input_file id="fl-c">
         <path>D:\CodeComposer\ccsv5\tools\compiler\c6000_7.4.4\lib\</path>
         <kind>archive</kind>
         <file>csl6713.lib</file>
         <name>csl.obj</name>
      </input_file>
      <input_file id="fl-d">
         <path>D:\CodeComposer\ccsv5\tools\compiler\c6000_7.4.4\lib\</path>
         <kind>archive</kind>
         <file>csl6713.lib</file>
         <name>csl_edma.obj</name>
      </input_file>
      <input_file id="fl-e">
         <path>D:\CodeComposer\ccsv5\tools\compiler\c6000_7.4.4\lib\</path>
         <kind>archive</kind>
         <file>csl6713.lib</file>
         <name>csl_irq.obj</name>
      </input_file>
      <input_file id="fl-f">
         <path>D:\CodeComposer\ccsv5\tools\compiler\c6000_7.4.4\lib\</path>
         <kind>archive</kind>
         <file>csl6713.lib</file>
         <name>csl_mcbsp.obj</name>
      </input_file>
      <input_file id="fl-10">
         <path>D:\CodeComposer\ccsv5\tools\compiler\c6000_7.4.4\lib\</path>
         <kind>archive</kind>
         <file>csl6713.lib</file>
         <name>csl_timer.obj</name>
      </input_file>
      <input_file id="fl-11">
         <path>D:\CodeComposer\ccsv5\tools\compiler\c6000_7.4.4\lib\</path>
         <kind>archive</kind>
         <file>rts6700.lib</file>
         <name>boot.obj</name>
      </input_file>
      <input_file id="fl-12">
         <path>D:\CodeComposer\ccsv5\tools\compiler\c6000_7.4.4\lib\</path>
         <kind>archive</kind>
         <file>rts6700.lib</file>
         <name>exit.obj</name>
      </input_file>
      <input_file id="fl-13">
         <path>D:\CodeComposer\ccsv5\tools\compiler\c6000_7.4.4\lib\</path>
         <kind>archive</kind>
         <file>rts6700.lib</file>
         <name>printf.obj</name>
      </input_file>
      <input_file id="fl-14">
         <path>D:\CodeComposer\ccsv5\tools\compiler\c6000_7.4.4\lib\</path>
         <kind>archive</kind>
         <file>rts6700.lib</file>
         <name>strasg.obj</name>
      </input_file>
      <input_file id="fl-15">
         <path>D:\CodeComposer\ccsv5\tools\compiler\c6000_7.4.4\lib\</path>
         <kind>archive</kind>
         <file>rts6700.lib</file>
         <name>_lock.obj</name>
      </input_file>
      <input_file id="fl-16">
         <path>D:\CodeComposer\ccsv5\tools\compiler\c6000_7.4.4\lib\</path>
         <kind>archive</kind>
         <file>rts6700.lib</file>
         <name>_printfi.obj</name>
      </input_file>
      <input_file id="fl-17">
         <path>D:\CodeComposer\ccsv5\tools\compiler\c6000_7.4.4\lib\</path>
         <kind>archive</kind>
         <file>rts6700.lib</file>
         <name>args_main.obj</name>
      </input_file>
      <input_file id="fl-18">
         <path>D:\CodeComposer\ccsv5\tools\compiler\c6000_7.4.4\lib\</path>
         <kind>archive</kind>
         <file>rts6700.lib</file>
         <name>atoi.obj</name>
      </input_file>
      <input_file id="fl-19">
         <path>D:\CodeComposer\ccsv5\tools\compiler\c6000_7.4.4\lib\</path>
         <kind>archive</kind>
         <file>rts6700.lib</file>
         <name>autoinit.obj</name>
      </input_file>
      <input_file id="fl-1a">
         <path>D:\CodeComposer\ccsv5\tools\compiler\c6000_7.4.4\lib\</path>
         <kind>archive</kind>
         <file>rts6700.lib</file>
         <name>cpp_init.obj</name>
      </input_file>
      <input_file id="fl-1b">
         <path>D:\CodeComposer\ccsv5\tools\compiler\c6000_7.4.4\lib\</path>
         <kind>archive</kind>
         <file>rts6700.lib</file>
         <name>cpy_tbl.obj</name>
      </input_file>
      <input_file id="fl-1c">
         <path>D:\CodeComposer\ccsv5\tools\compiler\c6000_7.4.4\lib\</path>
         <kind>archive</kind>
         <file>rts6700.lib</file>
         <name>ctype.obj</name>
      </input_file>
      <input_file id="fl-1d">
         <path>D:\CodeComposer\ccsv5\tools\compiler\c6000_7.4.4\lib\</path>
         <kind>archive</kind>
         <file>rts6700.lib</file>
         <name>defs.obj</name>
      </input_file>
      <input_file id="fl-1e">
         <path>D:\CodeComposer\ccsv5\tools\compiler\c6000_7.4.4\lib\</path>
         <kind>archive</kind>
         <file>rts6700.lib</file>
         <name>divd.obj</name>
      </input_file>
      <input_file id="fl-1f">
         <path>D:\CodeComposer\ccsv5\tools\compiler\c6000_7.4.4\lib\</path>
         <kind>archive</kind>
         <file>rts6700.lib</file>
         <name>divu.obj</name>
      </input_file>
      <input_file id="fl-20">
         <path>D:\CodeComposer\ccsv5\tools\compiler\c6000_7.4.4\lib\</path>
         <kind>archive</kind>
         <file>rts6700.lib</file>
         <name>fixdli.obj</name>
      </input_file>
      <input_file id="fl-21">
         <path>D:\CodeComposer\ccsv5\tools\compiler\c6000_7.4.4\lib\</path>
         <kind>archive</kind>
         <file>rts6700.lib</file>
         <name>fltlid.obj</name>
      </input_file>
      <input_file id="fl-22">
         <path>D:\CodeComposer\ccsv5\tools\compiler\c6000_7.4.4\lib\</path>
         <kind>archive</kind>
         <file>rts6700.lib</file>
         <name>fputc.obj</name>
      </input_file>
      <input_file id="fl-23">
         <path>D:\CodeComposer\ccsv5\tools\compiler\c6000_7.4.4\lib\</path>
         <kind>archive</kind>
         <file>rts6700.lib</file>
         <name>fputs.obj</name>
      </input_file>
      <input_file id="fl-24">
         <path>D:\CodeComposer\ccsv5\tools\compiler\c6000_7.4.4\lib\</path>
         <kind>archive</kind>
         <file>rts6700.lib</file>
         <name>frcmpyd_div.obj</name>
      </input_file>
      <input_file id="fl-25">
         <path>D:\CodeComposer\ccsv5\tools\compiler\c6000_7.4.4\lib\</path>
         <kind>archive</kind>
         <file>rts6700.lib</file>
         <name>imath40.obj</name>
      </input_file>
      <input_file id="fl-26">
         <path>D:\CodeComposer\ccsv5\tools\compiler\c6000_7.4.4\lib\</path>
         <kind>archive</kind>
         <file>rts6700.lib</file>
         <name>imath64.obj</name>
      </input_file>
      <input_file id="fl-27">
         <path>D:\CodeComposer\ccsv5\tools\compiler\c6000_7.4.4\lib\</path>
         <kind>archive</kind>
         <file>rts6700.lib</file>
         <name>isinf.obj</name>
      </input_file>
      <input_file id="fl-28">
         <path>D:\CodeComposer\ccsv5\tools\compiler\c6000_7.4.4\lib\</path>
         <kind>archive</kind>
         <file>rts6700.lib</file>
         <name>llshift.obj</name>
      </input_file>
      <input_file id="fl-29">
         <path>D:\CodeComposer\ccsv5\tools\compiler\c6000_7.4.4\lib\</path>
         <kind>archive</kind>
         <file>rts6700.lib</file>
         <name>lowlev.obj</name>
      </input_file>
      <input_file id="fl-2a">
         <path>D:\CodeComposer\ccsv5\tools\compiler\c6000_7.4.4\lib\</path>
         <kind>archive</kind>
         <file>rts6700.lib</file>
         <name>ltoa.obj</name>
      </input_file>
      <input_file id="fl-2b">
         <path>D:\CodeComposer\ccsv5\tools\compiler\c6000_7.4.4\lib\</path>
         <kind>archive</kind>
         <file>rts6700.lib</file>
         <name>memccpy.obj</name>
      </input_file>
      <input_file id="fl-2c">
         <path>D:\CodeComposer\ccsv5\tools\compiler\c6000_7.4.4\lib\</path>
         <kind>archive</kind>
         <file>rts6700.lib</file>
         <name>memcpy62.obj</name>
      </input_file>
      <input_file id="fl-2d">
         <path>D:\CodeComposer\ccsv5\tools\compiler\c6000_7.4.4\lib\</path>
         <kind>archive</kind>
         <file>rts6700.lib</file>
         <name>memset.obj</name>
      </input_file>
      <input_file id="fl-2e">
         <path>D:\CodeComposer\ccsv5\tools\compiler\c6000_7.4.4\lib\</path>
         <kind>archive</kind>
         <file>rts6700.lib</file>
         <name>mpyll.obj</name>
      </input_file>
      <input_file id="fl-2f">
         <path>D:\CodeComposer\ccsv5\tools\compiler\c6000_7.4.4\lib\</path>
         <kind>archive</kind>
         <file>rts6700.lib</file>
         <name>negll.obj</name>
      </input_file>
      <input_file id="fl-30">
         <path>D:\CodeComposer\ccsv5\tools\compiler\c6000_7.4.4\lib\</path>
         <kind>archive</kind>
         <file>rts6700.lib</file>
         <name>trgdrv.obj</name>
      </input_file>
      <input_file id="fl-31">
         <path>D:\CodeComposer\ccsv5\tools\compiler\c6000_7.4.4\lib\</path>
         <kind>archive</kind>
         <file>rts6700.lib</file>
         <name>trgmsg.obj</name>
      </input_file>
      <input_file id="fl-32">
         <path>D:\CodeComposer\ccsv5\tools\compiler\c6000_7.4.4\lib\</path>
         <kind>archive</kind>
         <file>rts6700.lib</file>
         <name>_io_perm.obj</name>
      </input_file>
      <input_file id="fl-33">
         <path>D:\CodeComposer\ccsv5\tools\compiler\c6000_7.4.4\lib\</path>
         <kind>archive</kind>
         <file>rts6700.lib</file>
         <name>abs.obj</name>
      </input_file>
      <input_file id="fl-34">
         <path>D:\CodeComposer\ccsv5\tools\compiler\c6000_7.4.4\lib\</path>
         <kind>archive</kind>
         <file>rts6700.lib</file>
         <name>fflush.obj</name>
      </input_file>
      <input_file id="fl-35">
         <path>D:\CodeComposer\ccsv5\tools\compiler\c6000_7.4.4\lib\</path>
         <kind>archive</kind>
         <file>rts6700.lib</file>
         <name>fseek.obj</name>
      </input_file>
      <input_file id="fl-36">
         <path>D:\CodeComposer\ccsv5\tools\compiler\c6000_7.4.4\lib\</path>
         <kind>archive</kind>
         <file>rts6700.lib</file>
         <name>setvbuf.obj</name>
      </input_file>
      <input_file id="fl-37">
         <path>D:\CodeComposer\ccsv5\tools\compiler\c6000_7.4.4\lib\</path>
         <kind>archive</kind>
         <file>rts6700.lib</file>
         <name>fopen.obj</name>
      </input_file>
      <input_file id="fl-38">
         <path>D:\CodeComposer\ccsv5\tools\compiler\c6000_7.4.4\lib\</path>
         <kind>archive</kind>
         <file>rts6700.lib</file>
         <name>memory.obj</name>
      </input_file>
      <input_file id="fl-39">
         <path>D:\CodeComposer\ccsv5\tools\compiler\c6000_7.4.4\lib\</path>
         <kind>archive</kind>
         <file>rts6700.lib</file>
         <name>fclose.obj</name>
      </input_file>
      <input_file id="fl-3a">
         <path>D:\CodeComposer\ccsv5\tools\compiler\c6000_7.4.4\lib\</path>
         <kind>archive</kind>
         <file>rts6700.lib</file>
         <name>remove.obj</name>
      </input_file>
   </input_file_list>
   <object_component_list>
      <object_component id="oc-d7">
         <name>.text</name>
         <load_address>0x0</load_address>
         <run_address>0x0</run_address>
         <size>0xa60</size>
         <input_file_ref idref="fl-3"/>
      </object_component>
      <object_component id="oc-123">
         <name>.text:__divd</name>
         <load_address>0xa60</load_address>
         <run_address>0xa60</run_address>
         <size>0x720</size>
         <input_file_ref idref="fl-1e"/>
      </object_component>
      <object_component id="oc-117">
         <name>.text:__getarg_diouxp</name>
         <load_address>0x1180</load_address>
         <run_address>0x1180</run_address>
         <size>0x6c0</size>
         <input_file_ref idref="fl-16"/>
      </object_component>
      <object_component id="oc-105">
         <name>.text:__setfield</name>
         <load_address>0x1840</load_address>
         <run_address>0x1840</run_address>
         <size>0x5a0</size>
         <input_file_ref idref="fl-16"/>
      </object_component>
      <object_component id="oc-fc">
         <name>.text:__printfi</name>
         <load_address>0x1de0</load_address>
         <run_address>0x1de0</run_address>
         <size>0x560</size>
         <input_file_ref idref="fl-16"/>
      </object_component>
      <object_component id="oc-101">
         <name>.text:_fputs</name>
         <load_address>0x2340</load_address>
         <run_address>0x2340</run_address>
         <size>0x4c0</size>
         <input_file_ref idref="fl-23"/>
      </object_component>
      <object_component id="oc-26">
         <name>.text</name>
         <load_address>0x2800</load_address>
         <run_address>0x2800</run_address>
         <size>0x480</size>
         <input_file_ref idref="fl-b"/>
      </object_component>
      <object_component id="oc-121">
         <name>.text:_fcvt</name>
         <load_address>0x2c80</load_address>
         <run_address>0x2c80</run_address>
         <size>0x420</size>
         <input_file_ref idref="fl-16"/>
      </object_component>
      <object_component id="oc-10c">
         <name>.text:__pproc_fge</name>
         <load_address>0x30a0</load_address>
         <run_address>0x30a0</run_address>
         <size>0x400</size>
         <input_file_ref idref="fl-16"/>
      </object_component>
      <object_component id="oc-11e">
         <name>.text:_ecvt</name>
         <load_address>0x34a0</load_address>
         <run_address>0x34a0</run_address>
         <size>0x400</size>
         <input_file_ref idref="fl-16"/>
      </object_component>
      <object_component id="oc-130">
         <name>.text:__divull</name>
         <load_address>0x38a0</load_address>
         <run_address>0x38a0</run_address>
         <size>0x380</size>
         <input_file_ref idref="fl-26"/>
      </object_component>
      <object_component id="oc-11b">
         <name>.text:_free</name>
         <load_address>0x3c20</load_address>
         <run_address>0x3c20</run_address>
         <size>0x380</size>
         <input_file_ref idref="fl-38"/>
      </object_component>
      <object_component id="oc-116">
         <name>.text:__pconv_e</name>
         <load_address>0x3fa0</load_address>
         <run_address>0x3fa0</run_address>
         <size>0x360</size>
         <input_file_ref idref="fl-16"/>
      </object_component>
      <object_component id="oc-104">
         <name>.text:__pproc_fwp</name>
         <load_address>0x4300</load_address>
         <run_address>0x4300</run_address>
         <size>0x360</size>
         <input_file_ref idref="fl-16"/>
      </object_component>
      <object_component id="oc-10d">
         <name>.text:__pproc_diouxp</name>
         <load_address>0x4660</load_address>
         <run_address>0x4660</run_address>
         <size>0x300</size>
         <input_file_ref idref="fl-16"/>
      </object_component>
      <object_component id="oc-ec">
         <name>.text</name>
         <load_address>0x4960</load_address>
         <run_address>0x4960</run_address>
         <size>0x2c0</size>
         <input_file_ref idref="fl-5"/>
      </object_component>
      <object_component id="oc-114">
         <name>.text:__pconv_g</name>
         <load_address>0x4c20</load_address>
         <run_address>0x4c20</run_address>
         <size>0x2c0</size>
         <input_file_ref idref="fl-16"/>
      </object_component>
      <object_component id="oc-106">
         <name>.text:__pproc_str</name>
         <load_address>0x4ee0</load_address>
         <run_address>0x4ee0</run_address>
         <size>0x2c0</size>
         <input_file_ref idref="fl-16"/>
      </object_component>
      <object_component id="oc-102">
         <name>.text:_fputc</name>
         <load_address>0x51a0</load_address>
         <run_address>0x51a0</run_address>
         <size>0x2a0</size>
         <input_file_ref idref="fl-22"/>
      </object_component>
      <object_component id="oc-110">
         <name>.text:_setvbuf</name>
         <load_address>0x5440</load_address>
         <run_address>0x5440</run_address>
         <size>0x2a0</size>
         <input_file_ref idref="fl-36"/>
      </object_component>
      <object_component id="oc-19">
         <name>.text:retain</name>
         <load_address>0x56e0</load_address>
         <run_address>0x56e0</run_address>
         <size>0x2a0</size>
         <input_file_ref idref="fl-3"/>
      </object_component>
      <object_component id="oc-ea">
         <name>.text:_EDMA_open</name>
         <load_address>0x5980</load_address>
         <run_address>0x5980</run_address>
         <size>0x280</size>
         <input_file_ref idref="fl-d"/>
      </object_component>
      <object_component id="oc-12f">
         <name>.text:__divul</name>
         <load_address>0x5c00</load_address>
         <run_address>0x5c00</run_address>
         <size>0x260</size>
         <input_file_ref idref="fl-25"/>
      </object_component>
      <object_component id="oc-120">
         <name>.text:__mcpy</name>
         <load_address>0x5e60</load_address>
         <run_address>0x5e60</run_address>
         <size>0x240</size>
         <input_file_ref idref="fl-16"/>
      </object_component>
      <object_component id="oc-11c">
         <name>.text:_malloc</name>
         <load_address>0x60a0</load_address>
         <run_address>0x60a0</run_address>
         <size>0x240</size>
         <input_file_ref idref="fl-38"/>
      </object_component>
      <object_component id="oc-e2">
         <name>.text:_memcpy</name>
         <load_address>0x62e0</load_address>
         <run_address>0x62e0</run_address>
         <size>0x240</size>
         <input_file_ref idref="fl-2c"/>
      </object_component>
      <object_component id="oc-e0">
         <name>.text:_HOSTrename</name>
         <load_address>0x6520</load_address>
         <run_address>0x6520</run_address>
         <size>0x220</size>
         <input_file_ref idref="fl-30"/>
      </object_component>
      <object_component id="oc-e6">
         <name>.text:__CSL_init</name>
         <load_address>0x6740</load_address>
         <run_address>0x6740</run_address>
         <size>0x220</size>
         <input_file_ref idref="fl-c"/>
      </object_component>
      <object_component id="oc-138">
         <name>.text:_getdevice</name>
         <load_address>0x6960</load_address>
         <run_address>0x6960</run_address>
         <size>0x1e0</size>
         <input_file_ref idref="fl-29"/>
      </object_component>
      <object_component id="oc-e9">
         <name>.text:_EDMA_clearPram</name>
         <load_address>0x6b40</load_address>
         <run_address>0x6b40</run_address>
         <size>0xc0</size>
         <input_file_ref idref="fl-d"/>
      </object_component>
      <object_component id="oc-10">
         <name>.text:vecs</name>
         <load_address>0x6c00</load_address>
         <run_address>0x6c00</run_address>
         <size>0x200</size>
         <input_file_ref idref="fl-2"/>
      </object_component>
      <object_component id="oc-f4">
         <name>.text:_IRQ_map</name>
         <load_address>0x6e00</load_address>
         <run_address>0x6e00</run_address>
         <size>0x1c0</size>
         <input_file_ref idref="fl-e"/>
      </object_component>
      <object_component id="oc-10f">
         <name>.text:_fseek</name>
         <load_address>0x6fc0</load_address>
         <run_address>0x6fc0</run_address>
         <size>0x1c0</size>
         <input_file_ref idref="fl-35"/>
      </object_component>
      <object_component id="oc-fd">
         <name>.text:_mux2Tables</name>
         <load_address>0x7180</load_address>
         <run_address>0x7180</run_address>
         <size>0x1c0</size>
         <input_file_ref idref="fl-e"/>
      </object_component>
      <object_component id="oc-eb">
         <name>.text:_EDMA_allocTable</name>
         <load_address>0x7340</load_address>
         <run_address>0x7340</run_address>
         <size>0x1a0</size>
         <input_file_ref idref="fl-d"/>
      </object_component>
      <object_component id="oc-f9">
         <name>.text:_EDMA_resetAll</name>
         <load_address>0x74e0</load_address>
         <run_address>0x74e0</run_address>
         <size>0x1a0</size>
         <input_file_ref idref="fl-d"/>
      </object_component>
      <object_component id="oc-f5">
         <name>.text:_MCBSP_reset</name>
         <load_address>0x7680</load_address>
         <run_address>0x7680</run_address>
         <size>0x1a0</size>
         <input_file_ref idref="fl-f"/>
      </object_component>
      <object_component id="oc-119">
         <name>.text:__ltostr</name>
         <load_address>0x7820</load_address>
         <run_address>0x7820</run_address>
         <size>0x1a0</size>
         <input_file_ref idref="fl-16"/>
      </object_component>
      <object_component id="oc-103">
         <name>.text:__pproc_fflags</name>
         <load_address>0x79c0</load_address>
         <run_address>0x79c0</run_address>
         <size>0x1a0</size>
         <input_file_ref idref="fl-16"/>
      </object_component>
      <object_component id="oc-de">
         <name>.text:_HOSTlseek</name>
         <load_address>0x7b60</load_address>
         <run_address>0x7b60</run_address>
         <size>0x160</size>
         <input_file_ref idref="fl-30"/>
      </object_component>
      <object_component id="oc-128">
         <name>.text:__closefile</name>
         <load_address>0x7cc0</load_address>
         <run_address>0x7cc0</run_address>
         <size>0x160</size>
         <input_file_ref idref="fl-39"/>
      </object_component>
      <object_component id="oc-f6">
         <name>.text:_EDMA_reset</name>
         <load_address>0x7e20</load_address>
         <run_address>0x7e20</run_address>
         <size>0x140</size>
         <input_file_ref idref="fl-d"/>
      </object_component>
      <object_component id="oc-dc">
         <name>.text:_HOSTread</name>
         <load_address>0x7f60</load_address>
         <run_address>0x7f60</run_address>
         <size>0x140</size>
         <input_file_ref idref="fl-30"/>
      </object_component>
      <object_component id="oc-f2">
         <name>.text:_TIMER_open</name>
         <load_address>0x80a0</load_address>
         <run_address>0x80a0</run_address>
         <size>0x140</size>
         <input_file_ref idref="fl-10"/>
      </object_component>
      <object_component id="oc-12d">
         <name>.text:__frcmpyd_div</name>
         <load_address>0x81e0</load_address>
         <run_address>0x81e0</run_address>
         <size>0x140</size>
         <input_file_ref idref="fl-24"/>
      </object_component>
      <object_component id="oc-10b">
         <name>.text:_atoi</name>
         <load_address>0x8320</load_address>
         <run_address>0x8320</run_address>
         <size>0x140</size>
         <input_file_ref idref="fl-18"/>
      </object_component>
      <object_component id="oc-da">
         <name>.text:_HOSTopen</name>
         <load_address>0x8460</load_address>
         <run_address>0x8460</run_address>
         <size>0x120</size>
         <input_file_ref idref="fl-30"/>
      </object_component>
      <object_component id="oc-dd">
         <name>.text:_HOSTwrite</name>
         <load_address>0x8580</load_address>
         <run_address>0x8580</run_address>
         <size>0x120</size>
         <input_file_ref idref="fl-30"/>
      </object_component>
      <object_component id="oc-fe">
         <name>.text:_TIMER_reset</name>
         <load_address>0x86a0</load_address>
         <run_address>0x86a0</run_address>
         <size>0x120</size>
         <input_file_ref idref="fl-10"/>
      </object_component>
      <object_component id="oc-107">
         <name>.text:__wrt_ok</name>
         <load_address>0x87c0</load_address>
         <run_address>0x87c0</run_address>
         <size>0x120</size>
         <input_file_ref idref="fl-32"/>
      </object_component>
      <object_component id="oc-131">
         <name>.text:_close</name>
         <load_address>0x88e0</load_address>
         <run_address>0x88e0</run_address>
         <size>0x120</size>
         <input_file_ref idref="fl-29"/>
      </object_component>
      <object_component id="oc-12a">
         <name>.text:_ltoa</name>
         <load_address>0x8a00</load_address>
         <run_address>0x8a00</run_address>
         <size>0x120</size>
         <input_file_ref idref="fl-2a"/>
      </object_component>
      <object_component id="oc-10a">
         <name>.text:_memset</name>
         <load_address>0x8b20</load_address>
         <run_address>0x8b20</run_address>
         <size>0x120</size>
         <input_file_ref idref="fl-2d"/>
      </object_component>
      <object_component id="oc-db">
         <name>.text:_HOSTclose</name>
         <load_address>0x8c40</load_address>
         <run_address>0x8c40</run_address>
         <size>0x100</size>
         <input_file_ref idref="fl-30"/>
      </object_component>
      <object_component id="oc-df">
         <name>.text:_HOSTunlink</name>
         <load_address>0x8d40</load_address>
         <run_address>0x8d40</run_address>
         <size>0x100</size>
         <input_file_ref idref="fl-30"/>
      </object_component>
      <object_component id="oc-e8">
         <name>.text:_MCBSP_open</name>
         <load_address>0x8e40</load_address>
         <run_address>0x8e40</run_address>
         <size>0x100</size>
         <input_file_ref idref="fl-f"/>
      </object_component>
      <object_component id="oc-ed">
         <name>.text:_MCBSP_start</name>
         <load_address>0x8f40</load_address>
         <run_address>0x8f40</run_address>
         <size>0x100</size>
         <input_file_ref idref="fl-f"/>
      </object_component>
      <object_component id="oc-d4">
         <name>.text:__auto_init</name>
         <load_address>0x9040</load_address>
         <run_address>0x9040</run_address>
         <size>0x100</size>
         <input_file_ref idref="fl-19"/>
      </object_component>
      <object_component id="oc-124">
         <name>.text:__div</name>
         <load_address>0x9140</load_address>
         <run_address>0x9140</run_address>
         <size>0x100</size>
         <input_file_ref idref="fl-16"/>
      </object_component>
      <object_component id="oc-134">
         <name>.text:__divli</name>
         <load_address>0x9240</load_address>
         <run_address>0x9240</run_address>
         <size>0x100</size>
         <input_file_ref idref="fl-25"/>
      </object_component>
      <object_component id="oc-115">
         <name>.text:__pconv_f</name>
         <load_address>0x9340</load_address>
         <run_address>0x9340</run_address>
         <size>0x100</size>
         <input_file_ref idref="fl-16"/>
      </object_component>
      <object_component id="oc-11a">
         <name>.text:_lseek</name>
         <load_address>0x9440</load_address>
         <run_address>0x9440</run_address>
         <size>0x100</size>
         <input_file_ref idref="fl-29"/>
      </object_component>
      <object_component id="oc-ee">
         <name>.text:_printf</name>
         <load_address>0x9540</load_address>
         <run_address>0x9540</run_address>
         <size>0x100</size>
         <input_file_ref idref="fl-13"/>
      </object_component>
      <object_component id="oc-109">
         <name>.text:_write</name>
         <load_address>0x9640</load_address>
         <run_address>0x9640</run_address>
         <size>0x100</size>
         <input_file_ref idref="fl-29"/>
      </object_component>
      <object_component id="oc-e7">
         <name>.text</name>
         <load_address>0x9740</load_address>
         <run_address>0x9740</run_address>
         <size>0xe0</size>
         <input_file_ref idref="fl-4"/>
      </object_component>
      <object_component id="oc-11d">
         <name>.text:__cleanup</name>
         <load_address>0x9820</load_address>
         <run_address>0x9820</run_address>
         <size>0xe0</size>
         <input_file_ref idref="fl-37"/>
      </object_component>
      <object_component id="oc-108">
         <name>.text:__doflush</name>
         <load_address>0x9900</load_address>
         <run_address>0x9900</run_address>
         <size>0xe0</size>
         <input_file_ref idref="fl-34"/>
      </object_component>
      <object_component id="oc-11f">
         <name>.text:__ecpy</name>
         <load_address>0x99e0</load_address>
         <run_address>0x99e0</run_address>
         <size>0xe0</size>
         <input_file_ref idref="fl-16"/>
      </object_component>
      <object_component id="oc-122">
         <name>.text:__fcpy</name>
         <load_address>0x9ac0</load_address>
         <run_address>0x9ac0</run_address>
         <size>0xe0</size>
         <input_file_ref idref="fl-16"/>
      </object_component>
      <object_component id="oc-d8">
         <name>.text:__strasg</name>
         <load_address>0x9ba0</load_address>
         <run_address>0x9ba0</run_address>
         <size>0xe0</size>
         <input_file_ref idref="fl-14"/>
      </object_component>
      <object_component id="oc-d6">
         <name>.text:_exit</name>
         <load_address>0x9c80</load_address>
         <run_address>0x9c80</run_address>
         <size>0xe0</size>
         <input_file_ref idref="fl-12"/>
      </object_component>
      <object_component id="oc-127">
         <name>.text:_minsert</name>
         <load_address>0x9d60</load_address>
         <run_address>0x9d60</run_address>
         <size>0xe0</size>
         <input_file_ref idref="fl-38"/>
      </object_component>
      <object_component id="oc-126">
         <name>.text:_mremove</name>
         <load_address>0x9e40</load_address>
         <run_address>0x9e40</run_address>
         <size>0xe0</size>
         <input_file_ref idref="fl-38"/>
      </object_component>
      <object_component id="oc-12e">
         <name>.text:__divu</name>
         <load_address>0x9f20</load_address>
         <run_address>0x9f20</run_address>
         <size>0xc0</size>
         <input_file_ref idref="fl-1f"/>
      </object_component>
      <object_component id="oc-e1">
         <name>.text:_copy_in</name>
         <load_address>0x9fe0</load_address>
         <run_address>0x9fe0</run_address>
         <size>0xc0</size>
         <input_file_ref idref="fl-1b"/>
      </object_component>
      <object_component id="oc-139">
         <name>.text:_finddevice</name>
         <load_address>0xa0a0</load_address>
         <run_address>0xa0a0</run_address>
         <size>0xc0</size>
         <input_file_ref idref="fl-29"/>
      </object_component>
      <object_component id="oc-f8">
         <name>.text:_EDMA_close</name>
         <load_address>0xa160</load_address>
         <run_address>0xa160</run_address>
         <size>0xa0</size>
         <input_file_ref idref="fl-d"/>
      </object_component>
      <object_component id="oc-f1">
         <name>.text:__IRQ_init</name>
         <load_address>0xa200</load_address>
         <run_address>0xa200</run_address>
         <size>0xa0</size>
         <input_file_ref idref="fl-e"/>
      </object_component>
      <object_component id="oc-129">
         <name>.text:__fixdli</name>
         <load_address>0xa2a0</load_address>
         <run_address>0xa2a0</run_address>
         <size>0xa0</size>
         <input_file_ref idref="fl-20"/>
      </object_component>
      <object_component id="oc-125">
         <name>.text:__mpyll</name>
         <load_address>0xa340</load_address>
         <run_address>0xa340</run_address>
         <size>0xa0</size>
         <input_file_ref idref="fl-2e"/>
      </object_component>
      <object_component id="oc-133">
         <name>.text:__remli</name>
         <load_address>0xa3e0</load_address>
         <run_address>0xa3e0</run_address>
         <size>0xa0</size>
         <input_file_ref idref="fl-25"/>
      </object_component>
      <object_component id="oc-f0">
         <name>.text:_readmsg</name>
         <load_address>0xa480</load_address>
         <run_address>0xa480</run_address>
         <size>0xa0</size>
         <input_file_ref idref="fl-31"/>
      </object_component>
      <object_component id="oc-ff">
         <name>.text:_setMux</name>
         <load_address>0xa520</load_address>
         <run_address>0xa520</run_address>
         <size>0xa0</size>
         <input_file_ref idref="fl-e"/>
      </object_component>
      <object_component id="oc-137">
         <name>.text:_unlink</name>
         <load_address>0xa5c0</load_address>
         <run_address>0xa5c0</run_address>
         <size>0xa0</size>
         <input_file_ref idref="fl-29"/>
      </object_component>
      <object_component id="oc-ef">
         <name>.text:_writemsg</name>
         <load_address>0xa660</load_address>
         <run_address>0xa660</run_address>
         <size>0xa0</size>
         <input_file_ref idref="fl-31"/>
      </object_component>
      <object_component id="oc-e3">
         <name>.text:___TI_cpp_init</name>
         <load_address>0xa700</load_address>
         <run_address>0xa700</run_address>
         <size>0x80</size>
         <input_file_ref idref="fl-1a"/>
      </object_component>
      <object_component id="oc-12b">
         <name>.text:__fltlid</name>
         <load_address>0xa780</load_address>
         <run_address>0xa780</run_address>
         <size>0x80</size>
         <input_file_ref idref="fl-21"/>
      </object_component>
      <object_component id="oc-135">
         <name>.text:__llshl</name>
         <load_address>0xa800</load_address>
         <run_address>0xa800</run_address>
         <size>0x80</size>
         <input_file_ref idref="fl-28"/>
      </object_component>
      <object_component id="oc-e">
         <name>.text:_c_int00</name>
         <load_address>0xa880</load_address>
         <run_address>0xa880</run_address>
         <size>0x80</size>
         <input_file_ref idref="fl-11"/>
      </object_component>
      <object_component id="oc-10e">
         <name>.text:_memccpy</name>
         <load_address>0xa900</load_address>
         <run_address>0xa900</run_address>
         <size>0x80</size>
         <input_file_ref idref="fl-2b"/>
      </object_component>
      <object_component id="oc-100">
         <name>.text:_EDMA_disableChannel</name>
         <load_address>0xa980</load_address>
         <run_address>0xa980</run_address>
         <size>0x60</size>
         <input_file_ref idref="fl-d"/>
      </object_component>
      <object_component id="oc-f7">
         <name>.text:_EDMA_enableChannel</name>
         <load_address>0xa9e0</load_address>
         <run_address>0xa9e0</run_address>
         <size>0x60</size>
         <input_file_ref idref="fl-d"/>
      </object_component>
      <object_component id="oc-113">
         <name>.text:___isinf</name>
         <load_address>0xaa40</load_address>
         <run_address>0xaa40</run_address>
         <size>0x60</size>
         <input_file_ref idref="fl-27"/>
      </object_component>
      <object_component id="oc-12c">
         <name>.text:__llshru</name>
         <load_address>0xaaa0</load_address>
         <run_address>0xaaa0</run_address>
         <size>0x60</size>
         <input_file_ref idref="fl-28"/>
      </object_component>
      <object_component id="oc-136">
         <name>.text:__subcull</name>
         <load_address>0xab00</load_address>
         <run_address>0xab00</run_address>
         <size>0x60</size>
         <input_file_ref idref="fl-26"/>
      </object_component>
      <object_component id="oc-112">
         <name>.text:___isnan</name>
         <load_address>0xab60</load_address>
         <run_address>0xab60</run_address>
         <size>0x40</size>
         <input_file_ref idref="fl-16"/>
      </object_component>
      <object_component id="oc-d5">
         <name>.text:__args_main</name>
         <load_address>0xaba0</load_address>
         <run_address>0xaba0</run_address>
         <size>0x40</size>
         <input_file_ref idref="fl-17"/>
      </object_component>
      <object_component id="oc-e5">
         <name>.text:_CSL6713_LIB_</name>
         <load_address>0xabe0</load_address>
         <run_address>0xabe0</run_address>
         <size>0x20</size>
         <input_file_ref idref="fl-c"/>
      </object_component>
      <object_component id="oc-f3">
         <name>.text:_IRQ_setVecs</name>
         <load_address>0xac00</load_address>
         <run_address>0xac00</run_address>
         <size>0x20</size>
         <input_file_ref idref="fl-e"/>
      </object_component>
      <object_component id="oc-118">
         <name>.text:__negll</name>
         <load_address>0xac20</load_address>
         <run_address>0xac20</run_address>
         <size>0x20</size>
         <input_file_ref idref="fl-2f"/>
      </object_component>
      <object_component id="oc-d9">
         <name>.text:__nop</name>
         <load_address>0xac40</load_address>
         <run_address>0xac40</run_address>
         <size>0x20</size>
         <input_file_ref idref="fl-15"/>
      </object_component>
      <object_component id="oc-fb">
         <name>.text:__outc</name>
         <load_address>0xac60</load_address>
         <run_address>0xac60</run_address>
         <size>0x20</size>
         <input_file_ref idref="fl-13"/>
      </object_component>
      <object_component id="oc-fa">
         <name>.text:__outs</name>
         <load_address>0xac80</load_address>
         <run_address>0xac80</run_address>
         <size>0x20</size>
         <input_file_ref idref="fl-13"/>
      </object_component>
      <object_component id="oc-e4">
         <name>.text:_abort</name>
         <load_address>0xaca0</load_address>
         <run_address>0xaca0</run_address>
         <size>0x20</size>
         <input_file_ref idref="fl-12"/>
      </object_component>
      <object_component id="oc-132">
         <name>.text:_remove</name>
         <load_address>0xacc0</load_address>
         <run_address>0xacc0</run_address>
         <size>0x20</size>
         <input_file_ref idref="fl-3a"/>
      </object_component>
      <object_component id="oc-36">
         <name>.text</name>
         <load_address>0xace0</load_address>
         <run_address>0xace0</run_address>
         <size>0x20</size>
         <input_file_ref idref="fl-e"/>
      </object_component>
      <object_component id="oc-f">
         <name>.text</name>
         <load_address>0xad00</load_address>
         <run_address>0xad00</run_address>
         <size>0x20</size>
         <input_file_ref idref="fl-2"/>
      </object_component>
      <object_component id="oc-47">
         <name>.stack</name>
         <uninitialized>true</uninitialized>
         <run_address>0xb378</run_address>
         <size>0x8</size>
         <input_file_ref idref="fl-11"/>
      </object_component>
      <object_component id="oc-151">
         <name>.stack</name>
         <uninitialized>true</uninitialized>
         <run_address>0xb378</run_address>
         <size>0x0</size>
      </object_component>
      <object_component id="oc-17">
         <name>.far</name>
         <uninitialized>true</uninitialized>
         <run_address>0xb32c</run_address>
         <size>0x20</size>
         <input_file_ref idref="fl-3"/>
      </object_component>
      <object_component id="oc-27">
         <name>.far</name>
         <uninitialized>true</uninitialized>
         <run_address>0xb374</run_address>
         <size>0x2</size>
         <input_file_ref idref="fl-b"/>
      </object_component>
      <object_component id="oc-2d">
         <name>.far</name>
         <uninitialized>true</uninitialized>
         <run_address>0xb2e0</run_address>
         <size>0x28</size>
         <input_file_ref idref="fl-c"/>
      </object_component>
      <object_component id="oc-32">
         <name>.far</name>
         <uninitialized>true</uninitialized>
         <run_address>0xb254</run_address>
         <size>0x54</size>
         <input_file_ref idref="fl-d"/>
      </object_component>
      <object_component id="oc-38">
         <name>.far</name>
         <uninitialized>true</uninitialized>
         <run_address>0xb160</run_address>
         <size>0xf4</size>
         <input_file_ref idref="fl-e"/>
      </object_component>
      <object_component id="oc-3d">
         <name>.far</name>
         <uninitialized>true</uninitialized>
         <run_address>0xb2a8</run_address>
         <size>0x38</size>
         <input_file_ref idref="fl-f"/>
      </object_component>
      <object_component id="oc-42">
         <name>.far</name>
         <uninitialized>true</uninitialized>
         <run_address>0xb308</run_address>
         <size>0x24</size>
         <input_file_ref idref="fl-10"/>
      </object_component>
      <object_component id="oc-4c">
         <name>.far</name>
         <uninitialized>true</uninitialized>
         <run_address>0xb34c</run_address>
         <size>0xc</size>
         <input_file_ref idref="fl-12"/>
      </object_component>
      <object_component id="oc-57">
         <name>.far</name>
         <uninitialized>true</uninitialized>
         <run_address>0xb358</run_address>
         <size>0x8</size>
         <input_file_ref idref="fl-15"/>
      </object_component>
      <object_component id="oc-71">
         <name>.far</name>
         <uninitialized>true</uninitialized>
         <run_address>0xad20</run_address>
         <size>0x324</size>
         <input_file_ref idref="fl-1d"/>
      </object_component>
      <object_component id="oc-97">
         <name>.far</name>
         <uninitialized>true</uninitialized>
         <run_address>0xb044</run_address>
         <size>0x11c</size>
         <input_file_ref idref="fl-29"/>
      </object_component>
      <object_component id="oc-ad">
         <name>.far</name>
         <uninitialized>true</uninitialized>
         <run_address>0xb368</run_address>
         <size>0x8</size>
         <input_file_ref idref="fl-30"/>
      </object_component>
      <object_component id="oc-c5">
         <name>.far</name>
         <uninitialized>true</uninitialized>
         <run_address>0xb370</run_address>
         <size>0x4</size>
         <input_file_ref idref="fl-37"/>
      </object_component>
      <object_component id="oc-ca">
         <name>.far</name>
         <uninitialized>true</uninitialized>
         <run_address>0xb360</run_address>
         <size>0x8</size>
         <input_file_ref idref="fl-38"/>
      </object_component>
      <object_component id="oc-14">
         <name>.bss</name>
         <uninitialized>true</uninitialized>
         <run_address>0x10698</run_address>
         <size>0x2c</size>
         <input_file_ref idref="fl-3"/>
      </object_component>
      <object_component id="oc-cb">
         <name>.sysmem</name>
         <uninitialized>true</uninitialized>
         <run_address>0x10000</run_address>
         <size>0x8</size>
         <input_file_ref idref="fl-38"/>
      </object_component>
      <object_component id="oc-152">
         <name>.sysmem</name>
         <uninitialized>true</uninitialized>
         <run_address>0x10000</run_address>
         <size>0x0</size>
      </object_component>
      <object_component id="oc-37">
         <name>.cinit</name>
         <load_address>0xb778</load_address>
         <run_address>0xb778</run_address>
         <size>0x12c</size>
         <input_file_ref idref="fl-e"/>
      </object_component>
      <object_component id="oc-31">
         <name>.cinit</name>
         <load_address>0xb8a8</load_address>
         <run_address>0xb8a8</run_address>
         <size>0x70</size>
         <input_file_ref idref="fl-d"/>
      </object_component>
      <object_component id="oc-70">
         <name>.cinit</name>
         <load_address>0xb918</load_address>
         <run_address>0xb918</run_address>
         <size>0x5c</size>
         <input_file_ref idref="fl-1d"/>
      </object_component>
      <object_component id="oc-96">
         <name>.cinit</name>
         <load_address>0xb978</load_address>
         <run_address>0xb978</run_address>
         <size>0x5c</size>
         <input_file_ref idref="fl-29"/>
      </object_component>
      <object_component id="oc-3c">
         <name>.cinit</name>
         <load_address>0xb9d8</load_address>
         <run_address>0xb9d8</run_address>
         <size>0x54</size>
         <input_file_ref idref="fl-f"/>
      </object_component>
      <object_component id="oc-41">
         <name>.cinit</name>
         <load_address>0xba30</load_address>
         <run_address>0xba30</run_address>
         <size>0x4c</size>
         <input_file_ref idref="fl-10"/>
      </object_component>
      <object_component id="oc-16">
         <name>.cinit</name>
         <load_address>0xba80</load_address>
         <run_address>0xba80</run_address>
         <size>0x44</size>
         <input_file_ref idref="fl-3"/>
      </object_component>
      <object_component id="oc-2c">
         <name>.cinit</name>
         <load_address>0xbac8</load_address>
         <run_address>0xbac8</run_address>
         <size>0x3c</size>
         <input_file_ref idref="fl-c"/>
      </object_component>
      <object_component id="oc-4b">
         <name>.cinit</name>
         <load_address>0xbb08</load_address>
         <run_address>0xbb08</run_address>
         <size>0x2c</size>
         <input_file_ref idref="fl-12"/>
      </object_component>
      <object_component id="oc-c9">
         <name>.cinit</name>
         <load_address>0xbb38</load_address>
         <run_address>0xbb38</run_address>
         <size>0x2c</size>
         <input_file_ref idref="fl-38"/>
      </object_component>
      <object_component id="oc-56">
         <name>.cinit</name>
         <load_address>0xbb68</load_address>
         <run_address>0xbb68</run_address>
         <size>0x1c</size>
         <input_file_ref idref="fl-15"/>
      </object_component>
      <object_component id="oc-c4">
         <name>.cinit</name>
         <load_address>0xbb88</load_address>
         <run_address>0xbb88</run_address>
         <size>0xc</size>
         <input_file_ref idref="fl-37"/>
      </object_component>
      <object_component id="oc-111">
         <name>.const:.string:__ctypes_</name>
         <load_address>0x10400</load_address>
         <run_address>0x10400</run_address>
         <size>0x101</size>
         <input_file_ref idref="fl-1c"/>
      </object_component>
      <object_component id="oc-83">
         <name>.const:.string</name>
         <load_address>0x10501</load_address>
         <run_address>0x10501</run_address>
         <size>0x2</size>
         <input_file_ref idref="fl-23"/>
      </object_component>
      <object_component id="oc-1a">
         <name>.const:.string</name>
         <load_address>0x10504</load_address>
         <run_address>0x10504</run_address>
         <size>0x30</size>
         <input_file_ref idref="fl-3"/>
      </object_component>
      <object_component id="oc-5b">
         <name>.const:.string</name>
         <load_address>0x10534</load_address>
         <run_address>0x10534</run_address>
         <size>0x23</size>
         <input_file_ref idref="fl-16"/>
      </object_component>
      <object_component id="oc-28">
         <name>.const</name>
         <load_address>0x10558</load_address>
         <run_address>0x10558</run_address>
         <size>0x20</size>
         <input_file_ref idref="fl-b"/>
      </object_component>
      <object_component id="oc-b1">
         <name>.cio</name>
         <uninitialized>true</uninitialized>
         <run_address>0x10578</run_address>
         <size>0x120</size>
         <input_file_ref idref="fl-31"/>
      </object_component>
      <object_component id="oc-11">
         <name>.debug_info</name>
         <load_address>0x0</load_address>
         <run_address>0x0</run_address>
         <size>0xde</size>
         <input_file_ref idref="fl-2"/>
      </object_component>
      <object_component id="oc-15">
         <name>.debug_info</name>
         <load_address>0xde</load_address>
         <run_address>0xde</run_address>
         <size>0x1747</size>
         <input_file_ref idref="fl-3"/>
      </object_component>
      <object_component id="oc-1e">
         <name>.debug_info</name>
         <load_address>0x1825</load_address>
         <run_address>0x1825</run_address>
         <size>0x71a</size>
         <input_file_ref idref="fl-4"/>
      </object_component>
      <object_component id="oc-22">
         <name>.debug_info</name>
         <load_address>0x1f3f</load_address>
         <run_address>0x1f3f</run_address>
         <size>0x8cd</size>
         <input_file_ref idref="fl-5"/>
      </object_component>
      <object_component id="oc-2a">
         <name>.debug_info</name>
         <load_address>0x280c</load_address>
         <run_address>0x280c</run_address>
         <size>0x8a7</size>
         <input_file_ref idref="fl-b"/>
      </object_component>
      <object_component id="oc-2f">
         <name>.debug_info</name>
         <load_address>0x30b3</load_address>
         <run_address>0x30b3</run_address>
         <size>0xa13</size>
         <input_file_ref idref="fl-c"/>
      </object_component>
      <object_component id="oc-34">
         <name>.debug_info</name>
         <load_address>0x3ac6</load_address>
         <run_address>0x3ac6</run_address>
         <size>0xeaf</size>
         <input_file_ref idref="fl-d"/>
      </object_component>
      <object_component id="oc-3a">
         <name>.debug_info</name>
         <load_address>0x4975</load_address>
         <run_address>0x4975</run_address>
         <size>0xc67</size>
         <input_file_ref idref="fl-e"/>
      </object_component>
      <object_component id="oc-3f">
         <name>.debug_info</name>
         <load_address>0x55dc</load_address>
         <run_address>0x55dc</run_address>
         <size>0xac3</size>
         <input_file_ref idref="fl-f"/>
      </object_component>
      <object_component id="oc-44">
         <name>.debug_info</name>
         <load_address>0x609f</load_address>
         <run_address>0x609f</run_address>
         <size>0x93b</size>
         <input_file_ref idref="fl-10"/>
      </object_component>
      <object_component id="oc-46">
         <name>.debug_info</name>
         <load_address>0x69da</load_address>
         <run_address>0x69da</run_address>
         <size>0x70b</size>
         <input_file_ref idref="fl-11"/>
      </object_component>
      <object_component id="oc-4a">
         <name>.debug_info</name>
         <load_address>0x70e5</load_address>
         <run_address>0x70e5</run_address>
         <size>0x7fd</size>
         <input_file_ref idref="fl-12"/>
      </object_component>
      <object_component id="oc-4f">
         <name>.debug_info</name>
         <load_address>0x78e2</load_address>
         <run_address>0x78e2</run_address>
         <size>0x902</size>
         <input_file_ref idref="fl-13"/>
      </object_component>
      <object_component id="oc-52">
         <name>.debug_info</name>
         <load_address>0x81e4</load_address>
         <run_address>0x81e4</run_address>
         <size>0xd8</size>
         <input_file_ref idref="fl-14"/>
      </object_component>
      <object_component id="oc-55">
         <name>.debug_info</name>
         <load_address>0x82bc</load_address>
         <run_address>0x82bc</run_address>
         <size>0x64c</size>
         <input_file_ref idref="fl-15"/>
      </object_component>
      <object_component id="oc-5a">
         <name>.debug_info</name>
         <load_address>0x8908</load_address>
         <run_address>0x8908</run_address>
         <size>0x2b90</size>
         <input_file_ref idref="fl-16"/>
      </object_component>
      <object_component id="oc-5e">
         <name>.debug_info</name>
         <load_address>0xb498</load_address>
         <run_address>0xb498</run_address>
         <size>0x6e1</size>
         <input_file_ref idref="fl-17"/>
      </object_component>
      <object_component id="oc-61">
         <name>.debug_info</name>
         <load_address>0xbb79</load_address>
         <run_address>0xbb79</run_address>
         <size>0x71e</size>
         <input_file_ref idref="fl-18"/>
      </object_component>
      <object_component id="oc-64">
         <name>.debug_info</name>
         <load_address>0xc297</load_address>
         <run_address>0xc297</run_address>
         <size>0x86f</size>
         <input_file_ref idref="fl-19"/>
      </object_component>
      <object_component id="oc-67">
         <name>.debug_info</name>
         <load_address>0xcb06</load_address>
         <run_address>0xcb06</run_address>
         <size>0x6e7</size>
         <input_file_ref idref="fl-1a"/>
      </object_component>
      <object_component id="oc-6a">
         <name>.debug_info</name>
         <load_address>0xd1ed</load_address>
         <run_address>0xd1ed</run_address>
         <size>0x7dd</size>
         <input_file_ref idref="fl-1b"/>
      </object_component>
      <object_component id="oc-6d">
         <name>.debug_info</name>
         <load_address>0xd9ca</load_address>
         <run_address>0xd9ca</run_address>
         <size>0x5fa</size>
         <input_file_ref idref="fl-1c"/>
      </object_component>
      <object_component id="oc-6f">
         <name>.debug_info</name>
         <load_address>0xdfc4</load_address>
         <run_address>0xdfc4</run_address>
         <size>0x6e7</size>
         <input_file_ref idref="fl-1d"/>
      </object_component>
      <object_component id="oc-73">
         <name>.debug_info</name>
         <load_address>0xe6ab</load_address>
         <run_address>0xe6ab</run_address>
         <size>0x982</size>
         <input_file_ref idref="fl-1e"/>
      </object_component>
      <object_component id="oc-76">
         <name>.debug_info</name>
         <load_address>0xf02d</load_address>
         <run_address>0xf02d</run_address>
         <size>0xd2</size>
         <input_file_ref idref="fl-1f"/>
      </object_component>
      <object_component id="oc-79">
         <name>.debug_info</name>
         <load_address>0xf0ff</load_address>
         <run_address>0xf0ff</run_address>
         <size>0x691</size>
         <input_file_ref idref="fl-20"/>
      </object_component>
      <object_component id="oc-7c">
         <name>.debug_info</name>
         <load_address>0xf790</load_address>
         <run_address>0xf790</run_address>
         <size>0x6aa</size>
         <input_file_ref idref="fl-21"/>
      </object_component>
      <object_component id="oc-7f">
         <name>.debug_info</name>
         <load_address>0xfe3a</load_address>
         <run_address>0xfe3a</run_address>
         <size>0x82a</size>
         <input_file_ref idref="fl-22"/>
      </object_component>
      <object_component id="oc-82">
         <name>.debug_info</name>
         <load_address>0x10664</load_address>
         <run_address>0x10664</run_address>
         <size>0xb89</size>
         <input_file_ref idref="fl-23"/>
      </object_component>
      <object_component id="oc-86">
         <name>.debug_info</name>
         <load_address>0x111ed</load_address>
         <run_address>0x111ed</run_address>
         <size>0x6a4</size>
         <input_file_ref idref="fl-24"/>
      </object_component>
      <object_component id="oc-89">
         <name>.debug_info</name>
         <load_address>0x11891</load_address>
         <run_address>0x11891</run_address>
         <size>0x7bb</size>
         <input_file_ref idref="fl-25"/>
      </object_component>
      <object_component id="oc-8c">
         <name>.debug_info</name>
         <load_address>0x1204c</load_address>
         <run_address>0x1204c</run_address>
         <size>0x7b6</size>
         <input_file_ref idref="fl-26"/>
      </object_component>
      <object_component id="oc-8f">
         <name>.debug_info</name>
         <load_address>0x12802</load_address>
         <run_address>0x12802</run_address>
         <size>0x816</size>
         <input_file_ref idref="fl-27"/>
      </object_component>
      <object_component id="oc-92">
         <name>.debug_info</name>
         <load_address>0x13018</load_address>
         <run_address>0x13018</run_address>
         <size>0x701</size>
         <input_file_ref idref="fl-28"/>
      </object_component>
      <object_component id="oc-95">
         <name>.debug_info</name>
         <load_address>0x13719</load_address>
         <run_address>0x13719</run_address>
         <size>0xf61</size>
         <input_file_ref idref="fl-29"/>
      </object_component>
      <object_component id="oc-9a">
         <name>.debug_info</name>
         <load_address>0x1467a</load_address>
         <run_address>0x1467a</run_address>
         <size>0x746</size>
         <input_file_ref idref="fl-2a"/>
      </object_component>
      <object_component id="oc-9d">
         <name>.debug_info</name>
         <load_address>0x14dc0</load_address>
         <run_address>0x14dc0</run_address>
         <size>0x6ea</size>
         <input_file_ref idref="fl-2b"/>
      </object_component>
      <object_component id="oc-a0">
         <name>.debug_info</name>
         <load_address>0x154aa</load_address>
         <run_address>0x154aa</run_address>
         <size>0x78e</size>
         <input_file_ref idref="fl-2c"/>
      </object_component>
      <object_component id="oc-a3">
         <name>.debug_info</name>
         <load_address>0x15c38</load_address>
         <run_address>0x15c38</run_address>
         <size>0x72e</size>
         <input_file_ref idref="fl-2d"/>
      </object_component>
      <object_component id="oc-a6">
         <name>.debug_info</name>
         <load_address>0x16366</load_address>
         <run_address>0x16366</run_address>
         <size>0x6b7</size>
         <input_file_ref idref="fl-2e"/>
      </object_component>
      <object_component id="oc-a9">
         <name>.debug_info</name>
         <load_address>0x16a1d</load_address>
         <run_address>0x16a1d</run_address>
         <size>0x618</size>
         <input_file_ref idref="fl-2f"/>
      </object_component>
      <object_component id="oc-ac">
         <name>.debug_info</name>
         <load_address>0x17035</load_address>
         <run_address>0x17035</run_address>
         <size>0xefc</size>
         <input_file_ref idref="fl-30"/>
      </object_component>
      <object_component id="oc-b0">
         <name>.debug_info</name>
         <load_address>0x17f31</load_address>
         <run_address>0x17f31</run_address>
         <size>0x8c9</size>
         <input_file_ref idref="fl-31"/>
      </object_component>
      <object_component id="oc-b4">
         <name>.debug_info</name>
         <load_address>0x187fa</load_address>
         <run_address>0x187fa</run_address>
         <size>0x75a</size>
         <input_file_ref idref="fl-32"/>
      </object_component>
      <object_component id="oc-b7">
         <name>.debug_info</name>
         <load_address>0x18f54</load_address>
         <run_address>0x18f54</run_address>
         <size>0x5cc</size>
         <input_file_ref idref="fl-33"/>
      </object_component>
      <object_component id="oc-ba">
         <name>.debug_info</name>
         <load_address>0x19520</load_address>
         <run_address>0x19520</run_address>
         <size>0x781</size>
         <input_file_ref idref="fl-34"/>
      </object_component>
      <object_component id="oc-bd">
         <name>.debug_info</name>
         <load_address>0x19ca1</load_address>
         <run_address>0x19ca1</run_address>
         <size>0x7b9</size>
         <input_file_ref idref="fl-35"/>
      </object_component>
      <object_component id="oc-c0">
         <name>.debug_info</name>
         <load_address>0x1a45a</load_address>
         <run_address>0x1a45a</run_address>
         <size>0x80c</size>
         <input_file_ref idref="fl-36"/>
      </object_component>
      <object_component id="oc-c3">
         <name>.debug_info</name>
         <load_address>0x1ac66</load_address>
         <run_address>0x1ac66</run_address>
         <size>0x883</size>
         <input_file_ref idref="fl-37"/>
      </object_component>
      <object_component id="oc-c8">
         <name>.debug_info</name>
         <load_address>0x1b4e9</load_address>
         <run_address>0x1b4e9</run_address>
         <size>0xb38</size>
         <input_file_ref idref="fl-38"/>
      </object_component>
      <object_component id="oc-ce">
         <name>.debug_info</name>
         <load_address>0x1c021</load_address>
         <run_address>0x1c021</run_address>
         <size>0x806</size>
         <input_file_ref idref="fl-39"/>
      </object_component>
      <object_component id="oc-d1">
         <name>.debug_info</name>
         <load_address>0x1c827</load_address>
         <run_address>0x1c827</run_address>
         <size>0x664</size>
         <input_file_ref idref="fl-3a"/>
      </object_component>
      <object_component id="oc-153">
         <name>.debug_info</name>
         <load_address>0x1ce8b</load_address>
         <run_address>0x1ce8b</run_address>
         <size>0x6d</size>
      </object_component>
      <object_component id="oc-12">
         <name>.debug_line</name>
         <load_address>0x0</load_address>
         <run_address>0x0</run_address>
         <size>0xc9</size>
         <input_file_ref idref="fl-2"/>
      </object_component>
      <object_component id="oc-1c">
         <name>.debug_line</name>
         <load_address>0xc9</load_address>
         <run_address>0xc9</run_address>
         <size>0x557</size>
         <input_file_ref idref="fl-3"/>
      </object_component>
      <object_component id="oc-20">
         <name>.debug_line</name>
         <load_address>0x620</load_address>
         <run_address>0x620</run_address>
         <size>0xb2</size>
         <input_file_ref idref="fl-4"/>
      </object_component>
      <object_component id="oc-24">
         <name>.debug_line</name>
         <load_address>0x6d2</load_address>
         <run_address>0x6d2</run_address>
         <size>0x1c7</size>
         <input_file_ref idref="fl-5"/>
      </object_component>
      <object_component id="oc-2b">
         <name>.debug_line</name>
         <load_address>0x899</load_address>
         <run_address>0x899</run_address>
         <size>0xb2</size>
         <input_file_ref idref="fl-b"/>
      </object_component>
      <object_component id="oc-30">
         <name>.debug_line</name>
         <load_address>0x94b</load_address>
         <run_address>0x94b</run_address>
         <size>0x6a</size>
         <input_file_ref idref="fl-c"/>
      </object_component>
      <object_component id="oc-35">
         <name>.debug_line</name>
         <load_address>0x9b5</load_address>
         <run_address>0x9b5</run_address>
         <size>0x171</size>
         <input_file_ref idref="fl-d"/>
      </object_component>
      <object_component id="oc-3b">
         <name>.debug_line</name>
         <load_address>0xb26</load_address>
         <run_address>0xb26</run_address>
         <size>0xf0</size>
         <input_file_ref idref="fl-e"/>
      </object_component>
      <object_component id="oc-40">
         <name>.debug_line</name>
         <load_address>0xc16</load_address>
         <run_address>0xc16</run_address>
         <size>0xbf</size>
         <input_file_ref idref="fl-f"/>
      </object_component>
      <object_component id="oc-45">
         <name>.debug_line</name>
         <load_address>0xcd5</load_address>
         <run_address>0xcd5</run_address>
         <size>0xa4</size>
         <input_file_ref idref="fl-10"/>
      </object_component>
      <object_component id="oc-48">
         <name>.debug_line</name>
         <load_address>0xd79</load_address>
         <run_address>0xd79</run_address>
         <size>0x3d</size>
         <input_file_ref idref="fl-11"/>
      </object_component>
      <object_component id="oc-4d">
         <name>.debug_line</name>
         <load_address>0xdb6</load_address>
         <run_address>0xdb6</run_address>
         <size>0x4f</size>
         <input_file_ref idref="fl-12"/>
      </object_component>
      <object_component id="oc-50">
         <name>.debug_line</name>
         <load_address>0xe05</load_address>
         <run_address>0xe05</run_address>
         <size>0x6a</size>
         <input_file_ref idref="fl-13"/>
      </object_component>
      <object_component id="oc-53">
         <name>.debug_line</name>
         <load_address>0xe6f</load_address>
         <run_address>0xe6f</run_address>
         <size>0x48</size>
         <input_file_ref idref="fl-14"/>
      </object_component>
      <object_component id="oc-58">
         <name>.debug_line</name>
         <load_address>0xeb7</load_address>
         <run_address>0xeb7</run_address>
         <size>0x36</size>
         <input_file_ref idref="fl-15"/>
      </object_component>
      <object_component id="oc-5c">
         <name>.debug_line</name>
         <load_address>0xeed</load_address>
         <run_address>0xeed</run_address>
         <size>0x345</size>
         <input_file_ref idref="fl-16"/>
      </object_component>
      <object_component id="oc-5f">
         <name>.debug_line</name>
         <load_address>0x1232</load_address>
         <run_address>0x1232</run_address>
         <size>0x41</size>
         <input_file_ref idref="fl-17"/>
      </object_component>
      <object_component id="oc-62">
         <name>.debug_line</name>
         <load_address>0x1273</load_address>
         <run_address>0x1273</run_address>
         <size>0x41</size>
         <input_file_ref idref="fl-18"/>
      </object_component>
      <object_component id="oc-65">
         <name>.debug_line</name>
         <load_address>0x12b4</load_address>
         <run_address>0x12b4</run_address>
         <size>0x47</size>
         <input_file_ref idref="fl-19"/>
      </object_component>
      <object_component id="oc-68">
         <name>.debug_line</name>
         <load_address>0x12fb</load_address>
         <run_address>0x12fb</run_address>
         <size>0x45</size>
         <input_file_ref idref="fl-1a"/>
      </object_component>
      <object_component id="oc-6b">
         <name>.debug_line</name>
         <load_address>0x1340</load_address>
         <run_address>0x1340</run_address>
         <size>0x44</size>
         <input_file_ref idref="fl-1b"/>
      </object_component>
      <object_component id="oc-74">
         <name>.debug_line</name>
         <load_address>0x1384</load_address>
         <run_address>0x1384</run_address>
         <size>0x3c</size>
         <input_file_ref idref="fl-1e"/>
      </object_component>
      <object_component id="oc-77">
         <name>.debug_line</name>
         <load_address>0x13c0</load_address>
         <run_address>0x13c0</run_address>
         <size>0x44</size>
         <input_file_ref idref="fl-1f"/>
      </object_component>
      <object_component id="oc-7a">
         <name>.debug_line</name>
         <load_address>0x1404</load_address>
         <run_address>0x1404</run_address>
         <size>0x3d</size>
         <input_file_ref idref="fl-20"/>
      </object_component>
      <object_component id="oc-7d">
         <name>.debug_line</name>
         <load_address>0x1441</load_address>
         <run_address>0x1441</run_address>
         <size>0x3d</size>
         <input_file_ref idref="fl-21"/>
      </object_component>
      <object_component id="oc-80">
         <name>.debug_line</name>
         <load_address>0x147e</load_address>
         <run_address>0x147e</run_address>
         <size>0x3f</size>
         <input_file_ref idref="fl-22"/>
      </object_component>
      <object_component id="oc-84">
         <name>.debug_line</name>
         <load_address>0x14bd</load_address>
         <run_address>0x14bd</run_address>
         <size>0xaa</size>
         <input_file_ref idref="fl-23"/>
      </object_component>
      <object_component id="oc-87">
         <name>.debug_line</name>
         <load_address>0x1567</load_address>
         <run_address>0x1567</run_address>
         <size>0x3e</size>
         <input_file_ref idref="fl-24"/>
      </object_component>
      <object_component id="oc-8a">
         <name>.debug_line</name>
         <load_address>0x15a5</load_address>
         <run_address>0x15a5</run_address>
         <size>0x73</size>
         <input_file_ref idref="fl-25"/>
      </object_component>
      <object_component id="oc-8d">
         <name>.debug_line</name>
         <load_address>0x1618</load_address>
         <run_address>0x1618</run_address>
         <size>0x5f</size>
         <input_file_ref idref="fl-26"/>
      </object_component>
      <object_component id="oc-90">
         <name>.debug_line</name>
         <load_address>0x1677</load_address>
         <run_address>0x1677</run_address>
         <size>0x38</size>
         <input_file_ref idref="fl-27"/>
      </object_component>
      <object_component id="oc-93">
         <name>.debug_line</name>
         <load_address>0x16af</load_address>
         <run_address>0x16af</run_address>
         <size>0x56</size>
         <input_file_ref idref="fl-28"/>
      </object_component>
      <object_component id="oc-98">
         <name>.debug_line</name>
         <load_address>0x1705</load_address>
         <run_address>0x1705</run_address>
         <size>0x10d</size>
         <input_file_ref idref="fl-29"/>
      </object_component>
      <object_component id="oc-9b">
         <name>.debug_line</name>
         <load_address>0x1812</load_address>
         <run_address>0x1812</run_address>
         <size>0x40</size>
         <input_file_ref idref="fl-2a"/>
      </object_component>
      <object_component id="oc-9e">
         <name>.debug_line</name>
         <load_address>0x1852</load_address>
         <run_address>0x1852</run_address>
         <size>0x3f</size>
         <input_file_ref idref="fl-2b"/>
      </object_component>
      <object_component id="oc-a1">
         <name>.debug_line</name>
         <load_address>0x1891</load_address>
         <run_address>0x1891</run_address>
         <size>0x4e</size>
         <input_file_ref idref="fl-2c"/>
      </object_component>
      <object_component id="oc-a4">
         <name>.debug_line</name>
         <load_address>0x18df</load_address>
         <run_address>0x18df</run_address>
         <size>0x47</size>
         <input_file_ref idref="fl-2d"/>
      </object_component>
      <object_component id="oc-a7">
         <name>.debug_line</name>
         <load_address>0x1926</load_address>
         <run_address>0x1926</run_address>
         <size>0x3d</size>
         <input_file_ref idref="fl-2e"/>
      </object_component>
      <object_component id="oc-aa">
         <name>.debug_line</name>
         <load_address>0x1963</load_address>
         <run_address>0x1963</run_address>
         <size>0x37</size>
         <input_file_ref idref="fl-2f"/>
      </object_component>
      <object_component id="oc-ae">
         <name>.debug_line</name>
         <load_address>0x199a</load_address>
         <run_address>0x199a</run_address>
         <size>0x13a</size>
         <input_file_ref idref="fl-30"/>
      </object_component>
      <object_component id="oc-b2">
         <name>.debug_line</name>
         <load_address>0x1ad4</load_address>
         <run_address>0x1ad4</run_address>
         <size>0x64</size>
         <input_file_ref idref="fl-31"/>
      </object_component>
      <object_component id="oc-b5">
         <name>.debug_line</name>
         <load_address>0x1b38</load_address>
         <run_address>0x1b38</run_address>
         <size>0x40</size>
         <input_file_ref idref="fl-32"/>
      </object_component>
      <object_component id="oc-b8">
         <name>.debug_line</name>
         <load_address>0x1b78</load_address>
         <run_address>0x1b78</run_address>
         <size>0x23</size>
         <input_file_ref idref="fl-33"/>
      </object_component>
      <object_component id="oc-bb">
         <name>.debug_line</name>
         <load_address>0x1b9b</load_address>
         <run_address>0x1b9b</run_address>
         <size>0x3e</size>
         <input_file_ref idref="fl-34"/>
      </object_component>
      <object_component id="oc-be">
         <name>.debug_line</name>
         <load_address>0x1bd9</load_address>
         <run_address>0x1bd9</run_address>
         <size>0x3c</size>
         <input_file_ref idref="fl-35"/>
      </object_component>
      <object_component id="oc-c1">
         <name>.debug_line</name>
         <load_address>0x1c15</load_address>
         <run_address>0x1c15</run_address>
         <size>0x40</size>
         <input_file_ref idref="fl-36"/>
      </object_component>
      <object_component id="oc-c6">
         <name>.debug_line</name>
         <load_address>0x1c55</load_address>
         <run_address>0x1c55</run_address>
         <size>0x42</size>
         <input_file_ref idref="fl-37"/>
      </object_component>
      <object_component id="oc-cc">
         <name>.debug_line</name>
         <load_address>0x1c97</load_address>
         <run_address>0x1c97</run_address>
         <size>0xa7</size>
         <input_file_ref idref="fl-38"/>
      </object_component>
      <object_component id="oc-cf">
         <name>.debug_line</name>
         <load_address>0x1d3e</load_address>
         <run_address>0x1d3e</run_address>
         <size>0x3e</size>
         <input_file_ref idref="fl-39"/>
      </object_component>
      <object_component id="oc-d2">
         <name>.debug_line</name>
         <load_address>0x1d7c</load_address>
         <run_address>0x1d7c</run_address>
         <size>0x39</size>
         <input_file_ref idref="fl-3a"/>
      </object_component>
      <object_component id="oc-13">
         <name>.debug_abbrev</name>
         <load_address>0x0</load_address>
         <run_address>0x0</run_address>
         <size>0x20</size>
         <input_file_ref idref="fl-2"/>
      </object_component>
      <object_component id="oc-1d">
         <name>.debug_abbrev</name>
         <load_address>0x20</load_address>
         <run_address>0x20</run_address>
         <size>0x1ac</size>
         <input_file_ref idref="fl-3"/>
      </object_component>
      <object_component id="oc-21">
         <name>.debug_abbrev</name>
         <load_address>0x1cc</load_address>
         <run_address>0x1cc</run_address>
         <size>0xde</size>
         <input_file_ref idref="fl-4"/>
      </object_component>
      <object_component id="oc-25">
         <name>.debug_abbrev</name>
         <load_address>0x2aa</load_address>
         <run_address>0x2aa</run_address>
         <size>0x11a</size>
         <input_file_ref idref="fl-5"/>
      </object_component>
      <object_component id="oc-29">
         <name>.debug_abbrev</name>
         <load_address>0x3c4</load_address>
         <run_address>0x3c4</run_address>
         <size>0x196</size>
         <input_file_ref idref="fl-b"/>
      </object_component>
      <object_component id="oc-2e">
         <name>.debug_abbrev</name>
         <load_address>0x55a</load_address>
         <run_address>0x55a</run_address>
         <size>0x165</size>
         <input_file_ref idref="fl-c"/>
      </object_component>
      <object_component id="oc-33">
         <name>.debug_abbrev</name>
         <load_address>0x6bf</load_address>
         <run_address>0x6bf</run_address>
         <size>0x1bc</size>
         <input_file_ref idref="fl-d"/>
      </object_component>
      <object_component id="oc-39">
         <name>.debug_abbrev</name>
         <load_address>0x87b</load_address>
         <run_address>0x87b</run_address>
         <size>0x1b7</size>
         <input_file_ref idref="fl-e"/>
      </object_component>
      <object_component id="oc-3e">
         <name>.debug_abbrev</name>
         <load_address>0xa32</load_address>
         <run_address>0xa32</run_address>
         <size>0x1a3</size>
         <input_file_ref idref="fl-f"/>
      </object_component>
      <object_component id="oc-43">
         <name>.debug_abbrev</name>
         <load_address>0xbd5</load_address>
         <run_address>0xbd5</run_address>
         <size>0x1ed</size>
         <input_file_ref idref="fl-10"/>
      </object_component>
      <object_component id="oc-49">
         <name>.debug_abbrev</name>
         <load_address>0xdc2</load_address>
         <run_address>0xdc2</run_address>
         <size>0xfe</size>
         <input_file_ref idref="fl-11"/>
      </object_component>
      <object_component id="oc-4e">
         <name>.debug_abbrev</name>
         <load_address>0xec0</load_address>
         <run_address>0xec0</run_address>
         <size>0x119</size>
         <input_file_ref idref="fl-12"/>
      </object_component>
      <object_component id="oc-51">
         <name>.debug_abbrev</name>
         <load_address>0xfd9</load_address>
         <run_address>0xfd9</run_address>
         <size>0x161</size>
         <input_file_ref idref="fl-13"/>
      </object_component>
      <object_component id="oc-54">
         <name>.debug_abbrev</name>
         <load_address>0x113a</load_address>
         <run_address>0x113a</run_address>
         <size>0x3a</size>
         <input_file_ref idref="fl-14"/>
      </object_component>
      <object_component id="oc-59">
         <name>.debug_abbrev</name>
[...]
         <name>_hMcbsp1</name>
         <value>0x10698</value>
         <object_component_ref idref="oc-14"/>
      </symbol>
      <symbol id="sm-a9">
         <name>_hEdmaReceiverPong</name>
         <value>0x106b4</value>
         <object_component_ref idref="oc-14"/>
      </symbol>
      <symbol id="sm-aa">
         <name>_Receiver_Ping</name>
         <value>0xbc00</value>
         <object_component_ref idref="oc-18"/>
      </symbol>
      <symbol id="sm-ab">
         <name>_Transmitter_Pong</name>
         <value>0xbe00</value>
         <object_component_ref idref="oc-18"/>
      </symbol>
      <symbol id="sm-ac">
         <name>_hEdmaTransmitterPing</name>
         <value>0x106bc</value>
         <object_component_ref idref="oc-14"/>
      </symbol>
      <symbol id="sm-ad">
         <name>_hEdmaReceiverPing</name>
         <value>0x106b0</value>
         <object_component_ref idref="oc-14"/>
      </symbol>
      <symbol id="sm-ae">
         <name>_Transmitter_Input</name>
         <value>0xbe80</value>
         <object_component_ref idref="oc-18"/>
      </symbol>
      <symbol id="sm-af">
         <name>_Xmt1_EventId</name>
         <value>0x1069c</value>
         <object_component_ref idref="oc-14"/>
      </symbol>
      <symbol id="sm-b0">
         <name>_Recv1_EventId</name>
         <value>0x106a0</value>
         <object_component_ref idref="oc-14"/>
      </symbol>
      <symbol id="sm-b1">
         <name>_hEdmaTransmitterPong</name>
         <value>0x106c0</value>
         <object_component_ref idref="oc-14"/>
      </symbol>
      <symbol id="sm-b2">
         <name>_FillTransmitterBuffers</name>
         <value>0xa04</value>
         <object_component_ref idref="oc-d7"/>
      </symbol>
      <symbol id="sm-be">
         <name>_enableIRQ</name>
         <value>0x97e0</value>
         <object_component_ref idref="oc-e7"/>
      </symbol>
      <symbol id="sm-bf">
         <name>_setupIRQ</name>
         <value>0x9740</value>
         <object_component_ref idref="oc-e7"/>
      </symbol>
      <symbol id="sm-cb">
         <name>_EDMAReceiveConfOpt</name>
         <value>0x4bf8</value>
         <object_component_ref idref="oc-ec"/>
      </symbol>
      <symbol id="sm-cc">
         <name>_enableIRQ_EDMA</name>
         <value>0x4ac0</value>
         <object_component_ref idref="oc-ec"/>
      </symbol>
      <symbol id="sm-cd">
         <name>_EDMATransmitConfOpt</name>
         <value>0x4be8</value>
         <object_component_ref idref="oc-ec"/>
      </symbol>
      <symbol id="sm-ce">
         <name>_stopEdma</name>
         <value>0x4960</value>
         <object_component_ref idref="oc-ec"/>
      </symbol>
      <symbol id="sm-dc">
         <name>_DSK6713_init</name>
         <value>0x284c</value>
         <object_component_ref idref="oc-26"/>
      </symbol>
      <symbol id="sm-dd">
         <name>_DSK6713_version</name>
         <value>0xb374</value>
         <object_component_ref idref="oc-27"/>
      </symbol>
      <symbol id="sm-de">
         <name>_DSK6713_rget</name>
         <value>0x2b68</value>
         <object_component_ref idref="oc-26"/>
      </symbol>
      <symbol id="sm-df">
         <name>_DSK6713_wait</name>
         <value>0x2b90</value>
         <object_component_ref idref="oc-26"/>
      </symbol>
      <symbol id="sm-e0">
         <name>_DSK6713_rset</name>
         <value>0x2b7c</value>
         <object_component_ref idref="oc-26"/>
      </symbol>
      <symbol id="sm-e1">
         <name>_DSK6713_waitusec</name>
         <value>0x2be8</value>
         <object_component_ref idref="oc-26"/>
      </symbol>
      <symbol id="sm-e2">
         <name>_DSK6713_getVersion</name>
         <value>0x2c14</value>
         <object_component_ref idref="oc-26"/>
      </symbol>
      <symbol id="sm-f2">
         <name>_CSL6713_LIB_</name>
         <value>0xabe0</value>
         <object_component_ref idref="oc-e5"/>
      </symbol>
      <symbol id="sm-f3">
         <name>__CSL_init</name>
         <value>0x6740</value>
         <object_component_ref idref="oc-e6"/>
      </symbol>
      <symbol id="sm-10f">
         <name>_EDMA_enableChannel</name>
         <value>0xa9e0</value>
         <object_component_ref idref="oc-f7"/>
      </symbol>
      <symbol id="sm-110">
         <name>_EDMA_resetAll</name>
         <value>0x74e0</value>
         <object_component_ref idref="oc-f9"/>
      </symbol>
      <symbol id="sm-111">
         <name>_EDMA_clearPram</name>
         <value>0x6b40</value>
         <object_component_ref idref="oc-e9"/>
      </symbol>
      <symbol id="sm-112">
         <name>_EDMA_reset</name>
         <value>0x7e20</value>
         <object_component_ref idref="oc-f6"/>
      </symbol>
      <symbol id="sm-113">
         <name>_tccAllocTable</name>
         <value>0xb268</value>
         <object_component_ref idref="oc-32"/>
      </symbol>
      <symbol id="sm-114">
         <name>_EDMA_close</name>
         <value>0xa160</value>
         <object_component_ref idref="oc-f8"/>
      </symbol>
      <symbol id="sm-115">
         <name>_EDMA_open</name>
         <value>0x5980</value>
         <object_component_ref idref="oc-ea"/>
      </symbol>
      <symbol id="sm-116">
         <name>_EDMA_disableChannel</name>
         <value>0xa980</value>
         <object_component_ref idref="oc-100"/>
      </symbol>
      <symbol id="sm-117">
         <name>_EDMA_allocTable</name>
         <value>0x7340</value>
         <object_component_ref idref="oc-eb"/>
      </symbol>
      <symbol id="sm-12f">
         <name>_IRQ_setVecs</name>
         <value>0xac00</value>
         <object_component_ref idref="oc-f3"/>
      </symbol>
      <symbol id="sm-130">
         <name>__IRQ_eventTable</name>
         <value>0xb188</value>
         <object_component_ref idref="oc-38"/>
      </symbol>
      <symbol id="sm-131">
         <name>__IRQ_intTable</name>
         <value>0xb20c</value>
         <object_component_ref idref="oc-38"/>
      </symbol>
      <symbol id="sm-132">
         <name>_IRQ_map</name>
         <value>0x6e00</value>
         <object_component_ref idref="oc-f4"/>
      </symbol>
      <symbol id="sm-133">
         <name>__IRQ_init</name>
         <value>0xa200</value>
         <object_component_ref idref="oc-f1"/>
      </symbol>
      <symbol id="sm-134">
         <name>__IRQ_dispatchTable</name>
         <value>0xb24c</value>
         <object_component_ref idref="oc-38"/>
      </symbol>
      <symbol id="sm-135">
         <name>__IRQ_hookFetchPacket</name>
         <value>0xace0</value>
         <object_component_ref idref="oc-36"/>
      </symbol>
      <symbol id="sm-147">
         <name>_MCBSP_reset</name>
         <value>0x7680</value>
         <object_component_ref idref="oc-f5"/>
      </symbol>
      <symbol id="sm-148">
         <name>_MCBSP_open</name>
         <value>0x8e40</value>
         <object_component_ref idref="oc-e8"/>
      </symbol>
      <symbol id="sm-149">
         <name>__MCBSP_hDev0</name>
         <value>0xb2d8</value>
         <object_component_ref idref="oc-3d"/>
      </symbol>
      <symbol id="sm-14a">
         <name>__MCBSP_hDev1</name>
         <value>0xb2dc</value>
         <object_component_ref idref="oc-3d"/>
      </symbol>
      <symbol id="sm-14b">
         <name>_MCBSP_start</name>
         <value>0x8f40</value>
         <object_component_ref idref="oc-ed"/>
      </symbol>
      <symbol id="sm-15b">
         <name>_TIMER_reset</name>
         <value>0x86a0</value>
         <object_component_ref idref="oc-fe"/>
      </symbol>
      <symbol id="sm-15c">
         <name>_TIMER_open</name>
         <value>0x80a0</value>
         <object_component_ref idref="oc-f2"/>
      </symbol>
      <symbol id="sm-15d">
         <name>__TIMER_hDev0</name>
         <value>0xb320</value>
         <object_component_ref idref="oc-42"/>
      </symbol>
      <symbol id="sm-15e">
         <name>__TIMER_hDev1</name>
         <value>0xb324</value>
         <object_component_ref idref="oc-42"/>
      </symbol>
      <symbol id="sm-15f">
         <name>__TIMER_hBios</name>
         <value>0xb328</value>
         <object_component_ref idref="oc-42"/>
      </symbol>
      <symbol id="sm-160">
         <name>__TIMER_deviceTable</name>
         <value>0xb308</value>
         <object_component_ref idref="oc-42"/>
      </symbol>
      <symbol id="sm-16c">
         <name>_c_int00</name>
         <value>0xa880</value>
         <object_component_ref idref="oc-e"/>
      </symbol>
      <symbol id="sm-16d">
         <name>__stack</name>
         <value>0xb378</value>
         <object_component_ref idref="oc-47"/>
      </symbol>
      <symbol id="sm-17d">
         <name>C$$EXIT</name>
         <value>0xaca0</value>
         <object_component_ref idref="oc-e4"/>
      </symbol>
      <symbol id="sm-17e">
         <name>_exit</name>
         <value>0x9c80</value>
         <object_component_ref idref="oc-d6"/>
      </symbol>
      <symbol id="sm-17f">
         <name>___TI_enable_exit_profile_output</name>
         <value>0xb354</value>
         <object_component_ref idref="oc-4c"/>
      </symbol>
      <symbol id="sm-180">
         <name>_abort</name>
         <value>0xaca0</value>
         <object_component_ref idref="oc-e4"/>
      </symbol>
      <symbol id="sm-181">
         <name>__cleanup_ptr</name>
         <value>0xb34c</value>
         <object_component_ref idref="oc-4c"/>
      </symbol>
      <symbol id="sm-182">
         <name>__dtors_ptr</name>
         <value>0xb350</value>
         <object_component_ref idref="oc-4c"/>
      </symbol>
      <symbol id="sm-190">
         <name>_printf</name>
         <value>0x9540</value>
         <object_component_ref idref="oc-ee"/>
      </symbol>
      <symbol id="sm-198">
         <name>__strasg</name>
         <value>0x9ba0</value>
         <object_component_ref idref="oc-d8"/>
      </symbol>
      <symbol id="sm-1a6">
         <name>__unlock</name>
         <value>0xb35c</value>
         <object_component_ref idref="oc-57"/>
      </symbol>
      <symbol id="sm-1a7">
         <name>__lock</name>
         <value>0xb358</value>
         <object_component_ref idref="oc-57"/>
      </symbol>
      <symbol id="sm-1a8">
         <name>__nop</name>
         <value>0xac40</value>
         <object_component_ref idref="oc-d9"/>
      </symbol>
      <symbol id="sm-1d8">
         <name>__printfi</name>
         <value>0x1de0</value>
         <object_component_ref idref="oc-fc"/>
      </symbol>
      <symbol id="sm-1e2">
         <name>__args_main</name>
         <value>0xaba0</value>
         <object_component_ref idref="oc-d5"/>
      </symbol>
      <symbol id="sm-1e3">
         <name>__TI_args_main</name>
         <value>0x1</value>
      </symbol>
      <symbol id="sm-1ed">
         <name>_atoi</name>
         <value>0x8320</value>
         <object_component_ref idref="oc-10b"/>
      </symbol>
      <symbol id="sm-1f7">
         <name>__auto_init</name>
         <value>0x9040</value>
         <object_component_ref idref="oc-d4"/>
      </symbol>
      <symbol id="sm-201">
         <name>___TI_cpp_init</name>
         <value>0xa700</value>
         <object_component_ref idref="oc-e3"/>
      </symbol>
      <symbol id="sm-20b">
         <name>_copy_in</name>
         <value>0x9fe0</value>
         <object_component_ref idref="oc-e1"/>
      </symbol>
      <symbol id="sm-213">
         <name>__ctypes_</name>
         <value>0x10400</value>
         <object_component_ref idref="oc-111"/>
      </symbol>
      <symbol id="sm-21d">
         <name>__tmpnams</name>
         <value>0xaf00</value>
         <object_component_ref idref="oc-71"/>
      </symbol>
      <symbol id="sm-21e">
         <name>__ft_end</name>
         <value>0xb040</value>
         <object_component_ref idref="oc-71"/>
      </symbol>
      <symbol id="sm-21f">
         <name>__ftable</name>
         <value>0xad20</value>
         <object_component_ref idref="oc-71"/>
      </symbol>
      <symbol id="sm-229">
         <name>__divd</name>
         <value>0xa60</value>
         <object_component_ref idref="oc-123"/>
      </symbol>
      <symbol id="sm-231">
         <name>__c6xabi_divu</name>
         <value>0x9f20</value>
         <object_component_ref idref="oc-12e"/>
      </symbol>
      <symbol id="sm-232">
         <name>__divu</name>
         <value>0x9f20</value>
         <object_component_ref idref="oc-12e"/>
      </symbol>
      <symbol id="sm-23c">
         <name>__fixdli</name>
         <value>0xa2a0</value>
         <object_component_ref idref="oc-129"/>
      </symbol>
      <symbol id="sm-246">
         <name>__fltlid</name>
         <value>0xa780</value>
         <object_component_ref idref="oc-12b"/>
      </symbol>
      <symbol id="sm-250">
         <name>_putc</name>
         <value>0x51a0</value>
         <object_component_ref idref="oc-102"/>
      </symbol>
      <symbol id="sm-251">
         <name>_fputc</name>
         <value>0x51a0</value>
         <object_component_ref idref="oc-102"/>
      </symbol>
      <symbol id="sm-25d">
         <name>_fputs</name>
         <value>0x2340</value>
         <object_component_ref idref="oc-101"/>
      </symbol>
      <symbol id="sm-267">
         <name>__frcmpyd_div</name>
         <value>0x81e0</value>
         <object_component_ref idref="oc-12d"/>
      </symbol>
      <symbol id="sm-275">
         <name>__divul</name>
         <value>0x5c00</value>
         <object_component_ref idref="oc-12f"/>
      </symbol>
      <symbol id="sm-276">
         <name>__remli</name>
         <value>0xa3e0</value>
         <object_component_ref idref="oc-133"/>
      </symbol>
      <symbol id="sm-277">
         <name>__divli</name>
         <value>0x9240</value>
         <object_component_ref idref="oc-134"/>
      </symbol>
      <symbol id="sm-283">
         <name>__subcull</name>
         <value>0xab00</value>
         <object_component_ref idref="oc-136"/>
      </symbol>
      <symbol id="sm-284">
         <name>__divull</name>
         <value>0x38a0</value>
         <object_component_ref idref="oc-130"/>
      </symbol>
      <symbol id="sm-28e">
         <name>___isinf</name>
         <value>0xaa40</value>
         <object_component_ref idref="oc-113"/>
      </symbol>
      <symbol id="sm-29a">
         <name>__llshl</name>
         <value>0xa800</value>
         <object_component_ref idref="oc-135"/>
      </symbol>
      <symbol id="sm-29b">
         <name>__llshru</name>
         <value>0xaaa0</value>
         <object_component_ref idref="oc-12c"/>
      </symbol>
      <symbol id="sm-2b3">
         <name>_unlink</name>
         <value>0xa5c0</value>
         <object_component_ref idref="oc-137"/>
      </symbol>
      <symbol id="sm-2b4">
         <name>_lseek</name>
         <value>0x9440</value>
         <object_component_ref idref="oc-11a"/>
      </symbol>
      <symbol id="sm-2b5">
         <name>_close</name>
         <value>0x88e0</value>
         <object_component_ref idref="oc-131"/>
      </symbol>
      <symbol id="sm-2b6">
         <name>_write</name>
         <value>0x9640</value>
         <object_component_ref idref="oc-109"/>
      </symbol>
      <symbol id="sm-2c0">
         <name>_ltoa</name>
         <value>0x8a00</value>
         <object_component_ref idref="oc-12a"/>
      </symbol>
      <symbol id="sm-2ca">
         <name>_memccpy</name>
         <value>0xa900</value>
         <object_component_ref idref="oc-10e"/>
      </symbol>
      <symbol id="sm-2d4">
         <name>_memcpy</name>
         <value>0x62e0</value>
         <object_component_ref idref="oc-e2"/>
      </symbol>
      <symbol id="sm-2de">
         <name>_memset</name>
         <value>0x8b20</value>
         <object_component_ref idref="oc-10a"/>
      </symbol>
      <symbol id="sm-2e8">
         <name>__mpyll</name>
         <value>0xa340</value>
         <object_component_ref idref="oc-125"/>
      </symbol>
      <symbol id="sm-2f2">
         <name>__negll</name>
         <value>0xac20</value>
         <object_component_ref idref="oc-118"/>
      </symbol>
      <symbol id="sm-30a">
         <name>_HOSTopen</name>
         <value>0x8460</value>
         <object_component_ref idref="oc-da"/>
      </symbol>
      <symbol id="sm-30b">
         <name>_HOSTread</name>
         <value>0x7f60</value>
         <object_component_ref idref="oc-dc"/>
      </symbol>
      <symbol id="sm-30c">
         <name>_HOSTrename</name>
         <value>0x6520</value>
         <object_component_ref idref="oc-e0"/>
      </symbol>
      <symbol id="sm-30d">
         <name>_HOSTwrite</name>
         <value>0x8580</value>
         <object_component_ref idref="oc-dd"/>
      </symbol>
      <symbol id="sm-30e">
         <name>_HOSTlseek</name>
         <value>0x7b60</value>
         <object_component_ref idref="oc-de"/>
      </symbol>
      <symbol id="sm-30f">
         <name>_HOSTunlink</name>
         <value>0x8d40</value>
         <object_component_ref idref="oc-df"/>
      </symbol>
      <symbol id="sm-310">
         <name>_HOSTclose</name>
         <value>0x8c40</value>
         <object_component_ref idref="oc-db"/>
      </symbol>
      <symbol id="sm-31e">
         <name>C$$IO$$</name>
         <value>0xa6d8</value>
         <object_component_ref idref="oc-ef"/>
      </symbol>
      <symbol id="sm-31f">
         <name>__CIOBUF_</name>
         <value>0x10578</value>
         <object_component_ref idref="oc-b1"/>
      </symbol>
      <symbol id="sm-320">
         <name>_readmsg</name>
         <value>0xa480</value>
         <object_component_ref idref="oc-f0"/>
      </symbol>
      <symbol id="sm-321">
         <name>_writemsg</name>
         <value>0xa660</value>
         <object_component_ref idref="oc-ef"/>
      </symbol>
      <symbol id="sm-32b">
         <name>__wrt_ok</name>
         <value>0x87c0</value>
         <object_component_ref idref="oc-107"/>
      </symbol>
      <symbol id="sm-33c">
         <name>__doflush</name>
         <value>0x9900</value>
         <object_component_ref idref="oc-108"/>
      </symbol>
      <symbol id="sm-346">
         <name>_fseek</name>
         <value>0x6fc0</value>
         <object_component_ref idref="oc-10f"/>
      </symbol>
      <symbol id="sm-350">
         <name>_setvbuf</name>
         <value>0x5440</value>
         <object_component_ref idref="oc-110"/>
      </symbol>
      <symbol id="sm-35e">
         <name>__cleanup</name>
         <value>0x9820</value>
         <object_component_ref idref="oc-11d"/>
      </symbol>
      <symbol id="sm-374">
         <name>__sys_memory</name>
         <value>0x10000</value>
         <object_component_ref idref="oc-cb"/>
      </symbol>
      <symbol id="sm-375">
         <name>_free</name>
         <value>0x3c20</value>
         <object_component_ref idref="oc-11b"/>
      </symbol>
      <symbol id="sm-376">
         <name>_malloc</name>
         <value>0x60a0</value>
         <object_component_ref idref="oc-11c"/>
      </symbol>
      <symbol id="sm-380">
         <name>__closefile</name>
         <value>0x7cc0</value>
         <object_component_ref idref="oc-128"/>
      </symbol>
      <symbol id="sm-38a">
         <name>_remove</name>
         <value>0xacc0</value>
         <object_component_ref idref="oc-132"/>
      </symbol>
   </symbol_table>
</link_info>
